
 Start         Length     Name                   Class
 0001:00401000 0000A9E18H _TEXT                  CODE
 0002:004AB000 00000D694H _DATA                  DATA
 0003:004B8694 00000450CH _BSS                   BSS
 0004:00000000 0000000B4H _TLS                   TLS


Detailed map of segments
 0001:00000000 0000014F C=CODE    S=_TEXT    G=(none)   M=C:\PROGRAM FILES\BORLAND\CBUILDER5\LIB\C0W32.OBJ ACBP=A9
 0001:0000014F 00000171 C=CODE    S=_TEXT    G=(none)   M=C:\PROGRAM FILES\BORLAND\CBUILDER5\LIB\OBJ\SYSINIT.OBJ ACBP=A9
 0001:000002C0 000002D0 C=CODE    S=_TEXT    G=(none)   M=D:\STASIEK\MY PROJECTS\OBSOLETE\PROGS\QONVERTER.VCL\TEAIMAGE.OBJ ACBP=A9
 0001:00000590 00004A98 C=CODE    S=_TEXT    G=(none)   M=D:\STASIEK\MY PROJECTS\OBSOLETE\PROGS\QONVERTER.VCL\UNIT1.OBJ ACBP=A9
 0001:00005028 00000D44 C=CODE    S=_TEXT    G=(none)   M=D:\STASIEK\MY PROJECTS\OBSOLETE\PROGS\QONVERTER.VCL\UNIT2.OBJ ACBP=A9
 0001:00005D6C 00000710 C=CODE    S=_TEXT    G=(none)   M=D:\STASIEK\MY PROJECTS\OBSOLETE\FORM_TEMPLATES\ABOUT_FRM.OBJ ACBP=A9
 0001:00006430 00001568 C=CODE    S=_TEXT    G=(none)   M=C:\PROGRAM FILES\BORLAND\CBUILDER5\LIB\BCBSMP50.LIB|.\CCALENDR.CPP ACBP=A9
 0001:00007998 00001F30 C=CODE    S=_TEXT    G=(none)   M=C:\PROGRAM FILES\BORLAND\CBUILDER5\LIB\BCBSMP50.LIB|.\cdiroutl.cpp ACBP=A9
 0001:000098C8 00001A20 C=CODE    S=_TEXT    G=(none)   M=C:\PROGRAM FILES\BORLAND\CBUILDER5\LIB\BCBSMP50.LIB|.\CGAUGES.CPP ACBP=A9
 0001:0000B2E8 00001C54 C=CODE    S=_TEXT    G=(none)   M=C:\PROGRAM FILES\BORLAND\CBUILDER5\LIB\BCBSMP50.LIB|.\CGRID.CPP ACBP=A9
 0001:0000CF3C 00002334 C=CODE    S=_TEXT    G=(none)   M=C:\PROGRAM FILES\BORLAND\CBUILDER5\LIB\BCBSMP50.LIB|.\CSPIN.CPP ACBP=A9
 0001:0000F270 00001C18 C=CODE    S=_TEXT    G=(none)   M=C:\PROGRAM FILES\BORLAND\CBUILDER5\LIB\BCBSMP50.LIB|.\PERFGRAP.CPP ACBP=A9
 0001:00010E88 00001B60 C=CODE    S=_TEXT    G=(none)   M=C:\PROGRAM FILES\BORLAND\CBUILDER5\LIB\BCBSMP50.LIB|.\Trayicon.cpp ACBP=A9
 0001:000129E8 00000240 C=CODE    S=_TEXT    G=(none)   M=C:\PROGRAM FILES\BORLAND\CBUILDER5\LIB\DEBUG\VCL50.LIB|Contnrs ACBP=A9
 0001:00012C28 00000038 C=CODE    S=_TEXT    G=(none)   M=C:\PROGRAM FILES\BORLAND\CBUILDER5\LIB\DEBUG\VCL50.LIB|UrlMon ACBP=A9
 0001:00012C60 00000170 C=CODE    S=_TEXT    G=(none)   M=C:\PROGRAM FILES\BORLAND\CBUILDER5\LIB\DEBUG\VCL50.LIB|StdActns ACBP=A9
 0001:00012DD0 00001E08 C=CODE    S=_TEXT    G=(none)   M=C:\PROGRAM FILES\BORLAND\CBUILDER5\LIB\DEBUG\VCL50.LIB|ImgList ACBP=A9
 0001:00014BD8 0000137C C=CODE    S=_TEXT    G=(none)   M=C:\PROGRAM FILES\BORLAND\CBUILDER5\LIB\DEBUG\VCL50.LIB|ActnList ACBP=A9
 0001:00015F54 00000C64 C=CODE    S=_TEXT    G=(none)   M=C:\PROGRAM FILES\BORLAND\CBUILDER5\LIB\DEBUG\VCL50.LIB|ToolWin ACBP=A9
 0001:00016BB8 0000060C C=CODE    S=_TEXT    G=(none)   M=C:\PROGRAM FILES\BORLAND\CBUILDER5\LIB\DEBUG\VCL50.LIB|TypInfo ACBP=A9
 0001:000171C4 00003FC8 C=CODE    S=_TEXT    G=(none)   M=C:\PROGRAM FILES\BORLAND\CBUILDER5\LIB\DEBUG\VCL50.LIB|StdCtrls ACBP=A9
 0001:0001B18C 00000044 C=CODE    S=_TEXT    G=(none)   M=C:\PROGRAM FILES\BORLAND\CBUILDER5\LIB\DEBUG\VCL50.LIB|Printers ACBP=A9
 0001:0001B1D0 000074F3 C=CODE    S=_TEXT    G=(none)   M=C:\PROGRAM FILES\BORLAND\CBUILDER5\LIB\DEBUG\VCL50.LIB|Menus ACBP=A9
 0001:000226C3 00003149 C=CODE    S=_TEXT    G=(none)   M=C:\PROGRAM FILES\BORLAND\CBUILDER5\LIB\DEBUG\VCL50.LIB|Mask ACBP=A9
 0001:0002580C 00007D84 C=CODE    S=_TEXT    G=(none)   M=C:\PROGRAM FILES\BORLAND\CBUILDER5\LIB\DEBUG\VCL50.LIB|Grids ACBP=A9
 0001:0002D590 0000ADF3 C=CODE    S=_TEXT    G=(none)   M=C:\PROGRAM FILES\BORLAND\CBUILDER5\LIB\DEBUG\VCL50.LIB|Graphics ACBP=A9
 0001:00038384 0000F30F C=CODE    S=_TEXT    G=(none)   M=C:\PROGRAM FILES\BORLAND\CBUILDER5\LIB\DEBUG\VCL50.LIB|Forms ACBP=A9
 0001:00047694 00002B84 C=CODE    S=_TEXT    G=(none)   M=C:\PROGRAM FILES\BORLAND\CBUILDER5\LIB\DEBUG\VCL50.LIB|ExtCtrls ACBP=A9
 0001:0004A218 000022C1 C=CODE    S=_TEXT    G=(none)   M=C:\PROGRAM FILES\BORLAND\CBUILDER5\LIB\DEBUG\VCL50.LIB|Dialogs ACBP=A9
 0001:0004C4DC 0001338C C=CODE    S=_TEXT    G=(none)   M=C:\PROGRAM FILES\BORLAND\CBUILDER5\LIB\DEBUG\VCL50.LIB|Controls ACBP=A9
 0001:0005F868 00000460 C=CODE    S=_TEXT    G=(none)   M=C:\PROGRAM FILES\BORLAND\CBUILDER5\LIB\DEBUG\VCL50.LIB|Consts ACBP=A9
 0001:0005FCC8 00000040 C=CODE    S=_TEXT    G=(none)   M=C:\PROGRAM FILES\BORLAND\CBUILDER5\LIB\DEBUG\VCL50.LIB|ComStrs ACBP=A9
 0001:0005FD08 0000C5F4 C=CODE    S=_TEXT    G=(none)   M=C:\PROGRAM FILES\BORLAND\CBUILDER5\LIB\DEBUG\VCL50.LIB|ComCtrls ACBP=A9
 0001:0006C2FC 000006AC C=CODE    S=_TEXT    G=(none)   M=C:\PROGRAM FILES\BORLAND\CBUILDER5\LIB\DEBUG\VCL50.LIB|ClipBrd ACBP=A9
 0001:0006C9A8 00009A1B C=CODE    S=_TEXT    G=(none)   M=C:\PROGRAM FILES\BORLAND\CBUILDER5\LIB\DEBUG\VCL50.LIB|Classes ACBP=A9
 0001:000763C3 00002806 C=CODE    S=_TEXT    G=(none)   M=C:\PROGRAM FILES\BORLAND\CBUILDER5\LIB\DEBUG\VCL50.LIB|Buttons ACBP=A9
 0001:00078BC9 0000088E C=CODE    S=_TEXT    G=(none)   M=C:\PROGRAM FILES\BORLAND\CBUILDER5\LIB\DEBUG\VCL50.LIB|MultiMon ACBP=A9
 0001:00079457 0000036C C=CODE    S=_TEXT    G=(none)   M=C:\PROGRAM FILES\BORLAND\CBUILDER5\LIB\DEBUG\VCL50.LIB|FlatSB ACBP=A9
 0001:000797C3 00000039 C=CODE    S=_TEXT    G=(none)   M=C:\PROGRAM FILES\BORLAND\CBUILDER5\LIB\DEBUG\VCL50.LIB|Winspool ACBP=A9
 0001:000797FC 00000038 C=CODE    S=_TEXT    G=(none)   M=C:\PROGRAM FILES\BORLAND\CBUILDER5\LIB\DEBUG\VCL50.LIB|Wininet ACBP=A9
 0001:00079834 000002E4 C=CODE    S=_TEXT    G=(none)   M=C:\PROGRAM FILES\BORLAND\CBUILDER5\LIB\DEBUG\VCL50.LIB|Windows ACBP=A9
 0001:00079B18 00000038 C=CODE    S=_TEXT    G=(none)   M=C:\PROGRAM FILES\BORLAND\CBUILDER5\LIB\DEBUG\VCL50.LIB|ShlObj ACBP=A9
 0001:00079B50 00000038 C=CODE    S=_TEXT    G=(none)   M=C:\PROGRAM FILES\BORLAND\CBUILDER5\LIB\DEBUG\VCL50.LIB|ShellApi ACBP=A9
 0001:00079B88 00000038 C=CODE    S=_TEXT    G=(none)   M=C:\PROGRAM FILES\BORLAND\CBUILDER5\LIB\DEBUG\VCL50.LIB|RichEdit ACBP=A9
 0001:00079BC0 00000038 C=CODE    S=_TEXT    G=(none)   M=C:\PROGRAM FILES\BORLAND\CBUILDER5\LIB\DEBUG\VCL50.LIB|RegStr ACBP=A9
 0001:00079BF8 00000038 C=CODE    S=_TEXT    G=(none)   M=C:\PROGRAM FILES\BORLAND\CBUILDER5\LIB\DEBUG\VCL50.LIB|ActiveX ACBP=A9
 0001:00079C30 00000038 C=CODE    S=_TEXT    G=(none)   M=C:\PROGRAM FILES\BORLAND\CBUILDER5\LIB\DEBUG\VCL50.LIB|Messages ACBP=A9
 0001:00079C68 00000038 C=CODE    S=_TEXT    G=(none)   M=C:\PROGRAM FILES\BORLAND\CBUILDER5\LIB\DEBUG\VCL50.LIB|Imm ACBP=A9
 0001:00079CA0 00000038 C=CODE    S=_TEXT    G=(none)   M=C:\PROGRAM FILES\BORLAND\CBUILDER5\LIB\DEBUG\VCL50.LIB|Dlgs ACBP=A9
 0001:00079CD8 00000038 C=CODE    S=_TEXT    G=(none)   M=C:\PROGRAM FILES\BORLAND\CBUILDER5\LIB\DEBUG\VCL50.LIB|CommDlg ACBP=A9
 0001:00079D10 000003C0 C=CODE    S=_TEXT    G=(none)   M=C:\PROGRAM FILES\BORLAND\CBUILDER5\LIB\DEBUG\VCL50.LIB|CommCtrl ACBP=A9
 0001:0007A0D0 00000090 C=CODE    S=_TEXT    G=(none)   M=C:\PROGRAM FILES\BORLAND\CBUILDER5\LIB\DEBUG\VCL50.LIB|Math ACBP=A9
 0001:0007A160 000002D0 C=CODE    S=_TEXT    G=(none)   M=C:\PROGRAM FILES\BORLAND\CBUILDER5\LIB\DEBUG\VCL50.LIB|SysConst ACBP=A9
 0001:0007A430 0000535C C=CODE    S=_TEXT    G=(none)   M=C:\PROGRAM FILES\BORLAND\CBUILDER5\LIB\DEBUG\VCL50.LIB|SysUtils ACBP=A9
 0001:0007F78C 000060A8 C=CODE    S=_TEXT    G=(none)   M=C:\PROGRAM FILES\BORLAND\CBUILDER5\LIB\DEBUG\VCL50.LIB|System ACBP=A9
 0001:00085834 00000F3C C=CODE    S=_TEXT    G=(none)   M=C:\PROGRAM FILES\BORLAND\CBUILDER5\LIB\DCLUSR50.LIB|C:\Program Files\Borland\CBuilder5\Projects\OBSOLETE\PACKAGES\EXEDLG.CPP ACBP=A9
 0001:00086770 00001630 C=CODE    S=_TEXT    G=(none)   M=C:\PROGRAM FILES\BORLAND\CBUILDER5\LIB\DCLUSR50.LIB|C:\Program Files\Borland\CBuilder5\Projects\OBSOLETE\PACKAGES\EXEINFO.CPP ACBP=A9
 0001:00087DA0 00000888 C=CODE    S=_TEXT    G=(none)   M=C:\PROGRAM FILES\BORLAND\CBUILDER5\LIB\DCLUSR50.LIB|C:\Program Files\Borland\CBuilder5\Projects\OBSOLETE\PACKAGES\EXERES.CPP ACBP=A9
 0001:00088628 0000495C C=CODE    S=_TEXT    G=(none)   M=C:\PROGRAM FILES\BORLAND\CBUILDER5\LIB\DEBUG\VCLX.LIB|Outline ACBP=A9
 0001:0008CF84 00000007 C=CODE    S=_TEXT    G=(none)   M=C:\PROGRAM FILES\BORLAND\CBUILDER5\LIB\VCL.LIB|vclstd ACBP=A9
 0001:0008CF8C 0000002B C=CODE    S=_TEXT    G=(none)   M=C:\PROGRAM FILES\BORLAND\CBUILDER5\LIB\CP32MT.LIB|calloc ACBP=A9
 0001:0008CFB8 0000000F C=CODE    S=_TEXT    G=(none)   M=C:\PROGRAM FILES\BORLAND\CBUILDER5\LIB\CP32MT.LIB|del ACBP=A9
 0001:0008CFC8 0000000F C=CODE    S=_TEXT    G=(none)   M=C:\PROGRAM FILES\BORLAND\CBUILDER5\LIB\CP32MT.LIB|delarray ACBP=A9
 0001:0008CFD8 000001B6 C=CODE    S=_TEXT    G=(none)   M=C:\PROGRAM FILES\BORLAND\CBUILDER5\LIB\CP32MT.LIB|new ACBP=A9
 0001:0008D190 0000000F C=CODE    S=_TEXT    G=(none)   M=C:\PROGRAM FILES\BORLAND\CBUILDER5\LIB\CP32MT.LIB|newarray ACBP=A9
 0001:0008D1A0 000000DB C=CODE    S=_TEXT    G=(none)   M=C:\PROGRAM FILES\BORLAND\CBUILDER5\LIB\CP32MT.LIB|setnew ACBP=A9
 0001:0008D274 0000015F C=CODE    S=_TEXT    G=(none)   M=C:\PROGRAM FILES\BORLAND\CBUILDER5\LIB\CP32MT.LIB|vdelldtc ACBP=A9
 0001:0008D3D4 000001BB C=CODE    S=_TEXT    G=(none)   M=C:\PROGRAM FILES\BORLAND\CBUILDER5\LIB\CP32MT.LIB|vnewldtc ACBP=A9
 0001:0008D590 000001CD C=CODE    S=_TEXT    G=(none)   M=C:\PROGRAM FILES\BORLAND\CBUILDER5\LIB\CP32MT.LIB|hrdir_b ACBP=A9
 0001:0008D760 0000006F C=CODE    S=_TEXT    G=(none)   M=C:\PROGRAM FILES\BORLAND\CBUILDER5\LIB\CP32MT.LIB|hrdir_bh ACBP=A9
 0001:0008D7D0 00000020 C=CODE    S=_TEXT    G=(none)   M=C:\PROGRAM FILES\BORLAND\CBUILDER5\LIB\CP32MT.LIB|hrdir_mf ACBP=A9
 0001:0008D7F0 00000016 C=CODE    S=_TEXT    G=(none)   M=C:\PROGRAM FILES\BORLAND\CBUILDER5\LIB\CP32MT.LIB|hrdir_r ACBP=A9
 0001:0008D808 000000B8 C=CODE    S=_TEXT    G=(none)   M=C:\PROGRAM FILES\BORLAND\CBUILDER5\LIB\CP32MT.LIB|hrdir_s ACBP=A9
 0001:0008D8C0 00000001 C=CODE    S=_TEXT    G=(none)   M=C:\PROGRAM FILES\BORLAND\CBUILDER5\LIB\CP32MT.LIB|hrdir_us ACBP=A9
 0001:0008D8C4 00000095 C=CODE    S=_TEXT    G=(none)   M=C:\PROGRAM FILES\BORLAND\CBUILDER5\LIB\CP32MT.LIB|pheap ACBP=A9
 0001:0008D959 00000042 C=CODE    S=_TEXT    G=(none)   M=C:\PROGRAM FILES\BORLAND\CBUILDER5\LIB\CP32MT.LIB|crtlvcl ACBP=A9
 0001:0008D99A 0000002F C=CODE    S=_TEXT    G=(none)   M=C:\PROGRAM FILES\BORLAND\CBUILDER5\LIB\CP32MT.LIB|syshook ACBP=A9
 0001:0008D9CC 00000114 C=CODE    S=_TEXT    G=(none)   M=C:\PROGRAM FILES\BORLAND\CBUILDER5\LIB\CP32MT.LIB|predecl ACBP=A9
 0001:0008DAB4 0000A305 C=CODE    S=_TEXT    G=(none)   M=C:\PROGRAM FILES\BORLAND\CBUILDER5\LIB\CP32MT.LIB|allstl ACBP=A9
 0001:00097D94 000006A4 C=CODE    S=_TEXT    G=(none)   M=C:\PROGRAM FILES\BORLAND\CBUILDER5\LIB\CP32MT.LIB|ios ACBP=A9
 0001:000983DC 000001DD C=CODE    S=_TEXT    G=(none)   M=C:\PROGRAM FILES\BORLAND\CBUILDER5\LIB\CP32MT.LIB|iostream ACBP=A9
 0001:0009855D 0000000F C=CODE    S=_TEXT    G=(none)   M=C:\PROGRAM FILES\BORLAND\CBUILDER5\LIB\CP32MT.LIB|limits ACBP=A9
 0001:00098567 00000458 C=CODE    S=_TEXT    G=(none)   M=C:\PROGRAM FILES\BORLAND\CBUILDER5\LIB\CP32MT.LIB|byname ACBP=A9
 0001:000989B4 00000639 C=CODE    S=_TEXT    G=(none)   M=C:\PROGRAM FILES\BORLAND\CBUILDER5\LIB\CP32MT.LIB|char ACBP=A9
 0001:00098FC4 00000416 C=CODE    S=_TEXT    G=(none)   M=C:\PROGRAM FILES\BORLAND\CBUILDER5\LIB\CP32MT.LIB|charby ACBP=A9
 0001:00099398 00000A65 C=CODE    S=_TEXT    G=(none)   M=C:\PROGRAM FILES\BORLAND\CBUILDER5\LIB\CP32MT.LIB|rwcats ACBP=A9
 0001:00099E00 000016B6 C=CODE    S=_TEXT    G=(none)   M=C:\PROGRAM FILES\BORLAND\CBUILDER5\LIB\CP32MT.LIB|rwlocale ACBP=A9
 0001:0009B473 000006DF C=CODE    S=_TEXT    G=(none)   M=C:\PROGRAM FILES\BORLAND\CBUILDER5\LIB\CP32MT.LIB|vendor ACBP=A9
 0001:0009BB38 000005C1 C=CODE    S=_TEXT    G=(none)   M=C:\PROGRAM FILES\BORLAND\CBUILDER5\LIB\CP32MT.LIB|stdexcpt ACBP=A9
 0001:0009C078 0000001E C=CODE    S=_TEXT    G=(none)   M=C:\PROGRAM FILES\BORLAND\CBUILDER5\LIB\CP32MT.LIB|memchr ACBP=A9
 0001:0009C098 00000024 C=CODE    S=_TEXT    G=(none)   M=C:\PROGRAM FILES\BORLAND\CBUILDER5\LIB\CP32MT.LIB|memcpy ACBP=A9
 0001:0009C0BC 0000004A C=CODE    S=_TEXT    G=(none)   M=C:\PROGRAM FILES\BORLAND\CBUILDER5\LIB\CP32MT.LIB|memmove ACBP=A9
 0001:0009C108 0000008A C=CODE    S=_TEXT    G=(none)   M=C:\PROGRAM FILES\BORLAND\CBUILDER5\LIB\CP32MT.LIB|memset ACBP=A9
 0001:0009C194 00000018 C=CODE    S=_TEXT    G=(none)   M=C:\PROGRAM FILES\BORLAND\CBUILDER5\LIB\CP32MT.LIB|wmemset ACBP=A9
 0001:0009C1AC 0000003C C=CODE    S=_TEXT    G=(none)   M=C:\PROGRAM FILES\BORLAND\CBUILDER5\LIB\CP32MT.LIB|strcat ACBP=A9
 0001:0009C1E8 00000053 C=CODE    S=_TEXT    G=(none)   M=C:\PROGRAM FILES\BORLAND\CBUILDER5\LIB\CP32MT.LIB|strchr ACBP=A9
 0001:0009C23C 0000005A C=CODE    S=_TEXT    G=(none)   M=C:\PROGRAM FILES\BORLAND\CBUILDER5\LIB\CP32MT.LIB|strlen ACBP=A9
 0001:0009C298 0000006E C=CODE    S=_TEXT    G=(none)   M=C:\PROGRAM FILES\BORLAND\CBUILDER5\LIB\CP32MT.LIB|strncat ACBP=A9
 0001:0009C308 00000027 C=CODE    S=_TEXT    G=(none)   M=C:\PROGRAM FILES\BORLAND\CBUILDER5\LIB\CP32MT.LIB|strncmp ACBP=A9
 0001:0009C330 0000000A C=CODE    S=_TEXT    G=(none)   M=C:\PROGRAM FILES\BORLAND\CBUILDER5\LIB\CP32MT.LIB|__strchr ACBP=A9
 0001:0009C33C 0000000A C=CODE    S=_TEXT    G=(none)   M=C:\PROGRAM FILES\BORLAND\CBUILDER5\LIB\CP32MT.LIB|__strstr ACBP=A9
 0001:0009C348 0000006C C=CODE    S=_TEXT    G=(none)   M=C:\PROGRAM FILES\BORLAND\CBUILDER5\LIB\CP32MT.LIB|memcmp ACBP=A9
 0001:0009C3B4 00000032 C=CODE    S=_TEXT    G=(none)   M=C:\PROGRAM FILES\BORLAND\CBUILDER5\LIB\CP32MT.LIB|strdup ACBP=A9
 0001:0009C3E8 0000004F C=CODE    S=_TEXT    G=(none)   M=C:\PROGRAM FILES\BORLAND\CBUILDER5\LIB\CP32MT.LIB|strncpy ACBP=A9
 0001:0009C438 00000054 C=CODE    S=_TEXT    G=(none)   M=C:\PROGRAM FILES\BORLAND\CBUILDER5\LIB\CP32MT.LIB|strstr ACBP=A9
 0001:0009C48C 0000006E C=CODE    S=_TEXT    G=(none)   M=C:\PROGRAM FILES\BORLAND\CBUILDER5\LIB\CP32MT.LIB|strtok ACBP=A9
 0001:0009C4FC 00000018 C=CODE    S=_TEXT    G=(none)   M=C:\PROGRAM FILES\BORLAND\CBUILDER5\LIB\CP32MT.LIB|wcslen ACBP=A9
 0001:0009C514 0000003F C=CODE    S=_TEXT    G=(none)   M=C:\PROGRAM FILES\BORLAND\CBUILDER5\LIB\CP32MT.LIB|wcscpy ACBP=A9
 0001:0009C554 00000070 C=CODE    S=_TEXT    G=(none)   M=C:\PROGRAM FILES\BORLAND\CBUILDER5\LIB\CP32MT.LIB|xxa ACBP=A9
 0001:0009C5C4 00000A42 C=CODE    S=_TEXT    G=(none)   M=C:\PROGRAM FILES\BORLAND\CBUILDER5\LIB\CP32MT.LIB|xxtype ACBP=A9
 0001:0009D006 000000B6 C=CODE    S=_TEXT    G=(none)   M=C:\PROGRAM FILES\BORLAND\CBUILDER5\LIB\CP32MT.LIB|xxut ACBP=A9
 0001:0009D0A8 0000014B C=CODE    S=_TEXT    G=(none)   M=C:\PROGRAM FILES\BORLAND\CBUILDER5\LIB\CP32MT.LIB|xxv ACBP=A9
 0001:0009D1F4 0000000A C=CODE    S=_TEXT    G=(none)   M=C:\PROGRAM FILES\BORLAND\CBUILDER5\LIB\CP32MT.LIB|defhandl ACBP=A9
 0001:0009D200 00000179 C=CODE    S=_TEXT    G=(none)   M=C:\PROGRAM FILES\BORLAND\CBUILDER5\LIB\CP32MT.LIB|except ACBP=A9
 0001:0009D37C 00000046 C=CODE    S=_TEXT    G=(none)   M=C:\PROGRAM FILES\BORLAND\CBUILDER5\LIB\CP32MT.LIB|setexc ACBP=A9
 0001:0009D3C4 00000022 C=CODE    S=_TEXT    G=(none)   M=C:\PROGRAM FILES\BORLAND\CBUILDER5\LIB\CP32MT.LIB|ta ACBP=A9
 0001:0009D3E8 00000075 C=CODE    S=_TEXT    G=(none)   M=C:\PROGRAM FILES\BORLAND\CBUILDER5\LIB\CP32MT.LIB|__close ACBP=A9
 0001:0009D460 00000047 C=CODE    S=_TEXT    G=(none)   M=C:\PROGRAM FILES\BORLAND\CBUILDER5\LIB\CP32MT.LIB|__isatty ACBP=A9
 0001:0009D4A8 00000084 C=CODE    S=_TEXT    G=(none)   M=C:\PROGRAM FILES\BORLAND\CBUILDER5\LIB\CP32MT.LIB|__lseek ACBP=A9
 0001:0009D52C 00000204 C=CODE    S=_TEXT    G=(none)   M=C:\PROGRAM FILES\BORLAND\CBUILDER5\LIB\CP32MT.LIB|__open ACBP=A9
 0001:0009D730 000001B2 C=CODE    S=_TEXT    G=(none)   M=C:\PROGRAM FILES\BORLAND\CBUILDER5\LIB\CP32MT.LIB|__read ACBP=A9
 0001:0009D8E4 00000204 C=CODE    S=_TEXT    G=(none)   M=C:\PROGRAM FILES\BORLAND\CBUILDER5\LIB\CP32MT.LIB|__wopen ACBP=A9
 0001:0009DAE8 00000132 C=CODE    S=_TEXT    G=(none)   M=C:\PROGRAM FILES\BORLAND\CBUILDER5\LIB\CP32MT.LIB|__write ACBP=A9
 0001:0009DC1C 00000011 C=CODE    S=_TEXT    G=(none)   M=C:\PROGRAM FILES\BORLAND\CBUILDER5\LIB\CP32MT.LIB|_cfinfo ACBP=A9
 0001:0009DC30 00000042 C=CODE    S=_TEXT    G=(none)   M=C:\PROGRAM FILES\BORLAND\CBUILDER5\LIB\CP32MT.LIB|_flshall ACBP=A9
 0001:0009DC74 00000061 C=CODE    S=_TEXT    G=(none)   M=C:\PROGRAM FILES\BORLAND\CBUILDER5\LIB\CP32MT.LIB|_read ACBP=A9
 0001:0009DCD5 00000017 C=CODE    S=_TEXT    G=(none)   M=C:\PROGRAM FILES\BORLAND\CBUILDER5\LIB\CP32MT.LIB|_umask ACBP=A9
 0001:0009DCD8 00000035 C=CODE    S=_TEXT    G=(none)   M=C:\PROGRAM FILES\BORLAND\CBUILDER5\LIB\CP32MT.LIB|_wopen ACBP=A9
 0001:0009DD10 00000061 C=CODE    S=_TEXT    G=(none)   M=C:\PROGRAM FILES\BORLAND\CBUILDER5\LIB\CP32MT.LIB|_write ACBP=A9
 0001:0009DD74 0000007D C=CODE    S=_TEXT    G=(none)   M=C:\PROGRAM FILES\BORLAND\CBUILDER5\LIB\CP32MT.LIB|allocbuf ACBP=A9
 0001:0009DDF4 0000008F C=CODE    S=_TEXT    G=(none)   M=C:\PROGRAM FILES\BORLAND\CBUILDER5\LIB\CP32MT.LIB|chdir ACBP=A9
 0001:0009DE84 00000008 C=CODE    S=_TEXT    G=(none)   M=C:\PROGRAM FILES\BORLAND\CBUILDER5\LIB\CP32MT.LIB|close ACBP=A9
 0001:0009DE8C 000000EC C=CODE    S=_TEXT    G=(none)   M=C:\PROGRAM FILES\BORLAND\CBUILDER5\LIB\CP32MT.LIB|dosgdriv ACBP=A9
 0001:0009DF78 0000008F C=CODE    S=_TEXT    G=(none)   M=C:\PROGRAM FILES\BORLAND\CBUILDER5\LIB\CP32MT.LIB|fflush ACBP=A9
 0001:0009E008 00000064 C=CODE    S=_TEXT    G=(none)   M=C:\PROGRAM FILES\BORLAND\CBUILDER5\LIB\CP32MT.LIB|flushout ACBP=A9
 0001:0009E06C 00000023 C=CODE    S=_TEXT    G=(none)   M=C:\PROGRAM FILES\BORLAND\CBUILDER5\LIB\CP32MT.LIB|fmodeptr ACBP=A9
 0001:0009E090 0000002B C=CODE    S=_TEXT    G=(none)   M=C:\PROGRAM FILES\BORLAND\CBUILDER5\LIB\CP32MT.LIB|getdisk ACBP=A9
 0001:0009E0BC 000003EB C=CODE    S=_TEXT    G=(none)   M=C:\PROGRAM FILES\BORLAND\CBUILDER5\LIB\CP32MT.LIB|handles ACBP=A9
 0001:0009E4A8 0000008A C=CODE    S=_TEXT    G=(none)   M=C:\PROGRAM FILES\BORLAND\CBUILDER5\LIB\CP32MT.LIB|ioerror ACBP=A9
 0001:0009E534 00000008 C=CODE    S=_TEXT    G=(none)   M=C:\PROGRAM FILES\BORLAND\CBUILDER5\LIB\CP32MT.LIB|lseek ACBP=A9
 0001:0009E53C 00000010 C=CODE    S=_TEXT    G=(none)   M=C:\PROGRAM FILES\BORLAND\CBUILDER5\LIB\CP32MT.LIB|open ACBP=A9
 0001:0009E54C 00000083 C=CODE    S=_TEXT    G=(none)   M=C:\PROGRAM FILES\BORLAND\CBUILDER5\LIB\CP32MT.LIB|perror ACBP=A9
 0001:0009E54C 00000008 C=CODE    S=_TEXT    G=(none)   M=C:\PROGRAM FILES\BORLAND\CBUILDER5\LIB\CP32MT.LIB|read ACBP=A9
 0001:0009E554 00000010 C=CODE    S=_TEXT    G=(none)   M=C:\PROGRAM FILES\BORLAND\CBUILDER5\LIB\CP32MT.LIB|remove ACBP=A9
 0001:0009E564 00000100 C=CODE    S=_TEXT    G=(none)   M=C:\PROGRAM FILES\BORLAND\CBUILDER5\LIB\CP32MT.LIB|snprntf ACBP=A9
 0001:0009E664 00000078 C=CODE    S=_TEXT    G=(none)   M=C:\PROGRAM FILES\BORLAND\CBUILDER5\LIB\CP32MT.LIB|sprintf ACBP=A9
 0001:0009E6DC 00000270 C=CODE    S=_TEXT    G=(none)   M=C:\PROGRAM FILES\BORLAND\CBUILDER5\LIB\CP32MT.LIB|streams ACBP=A9
 0001:0009E94C 0000001A C=CODE    S=_TEXT    G=(none)   M=C:\PROGRAM FILES\BORLAND\CBUILDER5\LIB\CP32MT.LIB|unlink ACBP=A9
 0001:0009E968 000009EC C=CODE    S=_TEXT    G=(none)   M=C:\PROGRAM FILES\BORLAND\CBUILDER5\LIB\CP32MT.LIB|vprinter ACBP=A9
 0001:0009F354 00000008 C=CODE    S=_TEXT    G=(none)   M=C:\PROGRAM FILES\BORLAND\CBUILDER5\LIB\CP32MT.LIB|write ACBP=A9
 0001:0009F35C 0000001A C=CODE    S=_TEXT    G=(none)   M=C:\PROGRAM FILES\BORLAND\CBUILDER5\LIB\CP32MT.LIB|wunlink ACBP=A9
 0001:0009F378 00000031 C=CODE    S=_TEXT    G=(none)   M=C:\PROGRAM FILES\BORLAND\CBUILDER5\LIB\CP32MT.LIB|xfflush ACBP=A9
 0001:0009F3AC 00000006 C=CODE    S=_TEXT    G=(none)   M=C:\PROGRAM FILES\BORLAND\CBUILDER5\LIB\CP32MT.LIB|cconv ACBP=A9
 0001:0009F3B4 000002C3 C=CODE    S=_TEXT    G=(none)   M=C:\PROGRAM FILES\BORLAND\CBUILDER5\LIB\CP32MT.LIB|convt ACBP=A9
 0001:0009F678 00000051 C=CODE    S=_TEXT    G=(none)   M=C:\PROGRAM FILES\BORLAND\CBUILDER5\LIB\CP32MT.LIB|getinfo ACBP=A9
 0001:0009F6CC 00000102 C=CODE    S=_TEXT    G=(none)   M=C:\PROGRAM FILES\BORLAND\CBUILDER5\LIB\CP32MT.LIB|is ACBP=A9
 0001:0009F7D0 00000103 C=CODE    S=_TEXT    G=(none)   M=C:\PROGRAM FILES\BORLAND\CBUILDER5\LIB\CP32MT.LIB|wis ACBP=A9
 0001:0009F8D4 00000043 C=CODE    S=_TEXT    G=(none)   M=C:\PROGRAM FILES\BORLAND\CBUILDER5\LIB\CP32MT.LIB|isctype ACBP=A9
 0001:0009F918 00000055 C=CODE    S=_TEXT    G=(none)   M=C:\PROGRAM FILES\BORLAND\CBUILDER5\LIB\CP32MT.LIB|iswctype ACBP=A9
 0001:0009F970 000011FF C=CODE    S=_TEXT    G=(none)   M=C:\PROGRAM FILES\BORLAND\CBUILDER5\LIB\CP32MT.LIB|locale ACBP=A9
 0001:000A0B70 0000080E C=CODE    S=_TEXT    G=(none)   M=C:\PROGRAM FILES\BORLAND\CBUILDER5\LIB\CP32MT.LIB|initcat ACBP=A9
 0001:000A1380 000000A1 C=CODE    S=_TEXT    G=(none)   M=C:\PROGRAM FILES\BORLAND\CBUILDER5\LIB\CP32MT.LIB|lconv ACBP=A9
 0001:000A1424 00000024 C=CODE    S=_TEXT    G=(none)   M=C:\PROGRAM FILES\BORLAND\CBUILDER5\LIB\CP32MT.LIB|lstrlwr ACBP=A9
 0001:000A1448 00000054 C=CODE    S=_TEXT    G=(none)   M=C:\PROGRAM FILES\BORLAND\CBUILDER5\LIB\CP32MT.LIB|ltolower ACBP=A9
 0001:000A149C 00000054 C=CODE    S=_TEXT    G=(none)   M=C:\PROGRAM FILES\BORLAND\CBUILDER5\LIB\CP32MT.LIB|ltoupper ACBP=A9
 0001:000A14F0 000004D0 C=CODE    S=_TEXT    G=(none)   M=C:\PROGRAM FILES\BORLAND\CBUILDER5\LIB\CP32MT.LIB|mbyte1 ACBP=A9
 0001:000A19C0 00000026 C=CODE    S=_TEXT    G=(none)   M=C:\PROGRAM FILES\BORLAND\CBUILDER5\LIB\CP32MT.LIB|lsetlocl ACBP=A9
 0001:000A19E8 00000200 C=CODE    S=_TEXT    G=(none)   M=C:\PROGRAM FILES\BORLAND\CBUILDER5\LIB\CP32MT.LIB|_ll ACBP=A9
 0001:000A1BE8 00000008 C=CODE    S=_TEXT    G=(none)   M=C:\PROGRAM FILES\BORLAND\CBUILDER5\LIB\CP32MT.LIB|_ltoa1 ACBP=A9
 0001:000A1BF0 000000B0 C=CODE    S=_TEXT    G=(none)   M=C:\PROGRAM FILES\BORLAND\CBUILDER5\LIB\CP32MT.LIB|_matherr ACBP=A9
 0001:000A1CA0 00000188 C=CODE    S=_TEXT    G=(none)   M=C:\PROGRAM FILES\BORLAND\CBUILDER5\LIB\CP32MT.LIB|_pow10 ACBP=A9
 0001:000A1E28 00000077 C=CODE    S=_TEXT    G=(none)   M=C:\PROGRAM FILES\BORLAND\CBUILDER5\LIB\CP32MT.LIB|atol ACBP=A9
 0001:000A1EA0 00000013 C=CODE    S=_TEXT    G=(none)   M=C:\PROGRAM FILES\BORLAND\CBUILDER5\LIB\CP32MT.LIB|clear87 ACBP=A9
 0001:000A1EB4 0000003F C=CODE    S=_TEXT    G=(none)   M=C:\PROGRAM FILES\BORLAND\CBUILDER5\LIB\CP32MT.LIB|cos ACBP=A9
 0001:000A1EF4 0000002F C=CODE    S=_TEXT    G=(none)   M=C:\PROGRAM FILES\BORLAND\CBUILDER5\LIB\CP32MT.LIB|ctrl87 ACBP=A9
 0001:000A1F24 00000018 C=CODE    S=_TEXT    G=(none)   M=C:\PROGRAM FILES\BORLAND\CBUILDER5\LIB\CP32MT.LIB|cvtentry ACBP=A9
 0001:000A1F3C 00000018 C=CODE    S=_TEXT    G=(none)   M=C:\PROGRAM FILES\BORLAND\CBUILDER5\LIB\CP32MT.LIB|cvtfak ACBP=A9
 0001:000A1F54 00000018 C=CODE    S=_TEXT    G=(none)   M=C:\PROGRAM FILES\BORLAND\CBUILDER5\LIB\CP32MT.LIB|cvtfakw ACBP=A9
 0001:000A1F6C 0000001C C=CODE    S=_TEXT    G=(none)   M=C:\PROGRAM FILES\BORLAND\CBUILDER5\LIB\CP32MT.LIB|floor ACBP=A9
 0001:000A1F88 00000016 C=CODE    S=_TEXT    G=(none)   M=C:\PROGRAM FILES\BORLAND\CBUILDER5\LIB\CP32MT.LIB|fpreset ACBP=A9
 0001:000A1FA0 00000028 C=CODE    S=_TEXT    G=(none)   M=C:\PROGRAM FILES\BORLAND\CBUILDER5\LIB\CP32MT.LIB|ftol ACBP=A9
 0001:000A1FC8 0000002D C=CODE    S=_TEXT    G=(none)   M=C:\PROGRAM FILES\BORLAND\CBUILDER5\LIB\CP32MT.LIB|fuildq ACBP=A9
 0001:000A1FF8 00000021 C=CODE    S=_TEXT    G=(none)   M=C:\PROGRAM FILES\BORLAND\CBUILDER5\LIB\CP32MT.LIB|fuistq ACBP=A9
 0001:000A201C 00000011 C=CODE    S=_TEXT    G=(none)   M=C:\PROGRAM FILES\BORLAND\CBUILDER5\LIB\CP32MT.LIB|fxam ACBP=A9
 0001:000A2030 000000B1 C=CODE    S=_TEXT    G=(none)   M=C:\PROGRAM FILES\BORLAND\CBUILDER5\LIB\CP32MT.LIB|int64toa ACBP=A9
 0001:000A20E4 00000118 C=CODE    S=_TEXT    G=(none)   M=C:\PROGRAM FILES\BORLAND\CBUILDER5\LIB\CP32MT.LIB|ldtrunc ACBP=A9
 0001:000A21FC 0000008F C=CODE    S=_TEXT    G=(none)   M=C:\PROGRAM FILES\BORLAND\CBUILDER5\LIB\CP32MT.LIB|longtoa ACBP=A9
 0001:000A228C 00000075 C=CODE    S=_TEXT    G=(none)   M=C:\PROGRAM FILES\BORLAND\CBUILDER5\LIB\CP32MT.LIB|ltoa1 ACBP=A9
 0001:000A2304 0000002A C=CODE    S=_TEXT    G=(none)   M=C:\PROGRAM FILES\BORLAND\CBUILDER5\LIB\CP32MT.LIB|matherr ACBP=A9
 0001:000A2330 0000002E C=CODE    S=_TEXT    G=(none)   M=C:\PROGRAM FILES\BORLAND\CBUILDER5\LIB\CP32MT.LIB|matherrl ACBP=A9
 0001:000A2360 00000016 C=CODE    S=_TEXT    G=(none)   M=C:\PROGRAM FILES\BORLAND\CBUILDER5\LIB\CP32MT.LIB|mathptr ACBP=A9
 0001:000A2378 00000025 C=CODE    S=_TEXT    G=(none)   M=C:\PROGRAM FILES\BORLAND\CBUILDER5\LIB\CP32MT.LIB|qdiv10 ACBP=A9
 0001:000A23A0 0000002E C=CODE    S=_TEXT    G=(none)   M=C:\PROGRAM FILES\BORLAND\CBUILDER5\LIB\CP32MT.LIB|qmul10 ACBP=A9
 0001:000A23D0 000002F9 C=CODE    S=_TEXT    G=(none)   M=C:\PROGRAM FILES\BORLAND\CBUILDER5\LIB\CP32MT.LIB|realcvt ACBP=A9
 0001:000A26CC 00000331 C=CODE    S=_TEXT    G=(none)   M=C:\PROGRAM FILES\BORLAND\CBUILDER5\LIB\CP32MT.LIB|realcvtw ACBP=A9
 0001:000A2A00 0000002C C=CODE    S=_TEXT    G=(none)   M=C:\PROGRAM FILES\BORLAND\CBUILDER5\LIB\CP32MT.LIB|round ACBP=A9
 0001:000A2A2C 000004E1 C=CODE    S=_TEXT    G=(none)   M=C:\PROGRAM FILES\BORLAND\CBUILDER5\LIB\CP32MT.LIB|scantod ACBP=A9
 0001:000A2F10 000004DD C=CODE    S=_TEXT    G=(none)   M=C:\PROGRAM FILES\BORLAND\CBUILDER5\LIB\CP32MT.LIB|scanwtod ACBP=A9
 0001:000A33F0 0000003F C=CODE    S=_TEXT    G=(none)   M=C:\PROGRAM FILES\BORLAND\CBUILDER5\LIB\CP32MT.LIB|sin ACBP=A9
 0001:000A3430 000002D2 C=CODE    S=_TEXT    G=(none)   M=C:\PROGRAM FILES\BORLAND\CBUILDER5\LIB\CP32MT.LIB|xcvt ACBP=A9
 0001:000A3704 000002F1 C=CODE    S=_TEXT    G=(none)   M=C:\PROGRAM FILES\BORLAND\CBUILDER5\LIB\CP32MT.LIB|xcvtw ACBP=A9
 0001:000A39F8 00000139 C=CODE    S=_TEXT    G=(none)   M=C:\PROGRAM FILES\BORLAND\CBUILDER5\LIB\CP32MT.LIB|mbctype ACBP=A9
 0001:000A3B34 0000001A C=CODE    S=_TEXT    G=(none)   M=C:\PROGRAM FILES\BORLAND\CBUILDER5\LIB\CP32MT.LIB|mbisspc ACBP=A9
 0001:000A3B50 00000056 C=CODE    S=_TEXT    G=(none)   M=C:\PROGRAM FILES\BORLAND\CBUILDER5\LIB\CP32MT.LIB|mbsrchr ACBP=A9
 0001:000A3BA8 0000001D C=CODE    S=_TEXT    G=(none)   M=C:\PROGRAM FILES\BORLAND\CBUILDER5\LIB\CP32MT.LIB|mbtoupr ACBP=A9
 0001:000A3BC8 000000A6 C=CODE    S=_TEXT    G=(none)   M=C:\PROGRAM FILES\BORLAND\CBUILDER5\LIB\CP32MT.LIB|assert ACBP=A9
 0001:000A3C70 000000B8 C=CODE    S=_TEXT    G=(none)   M=C:\PROGRAM FILES\BORLAND\CBUILDER5\LIB\CP32MT.LIB|ermsghlp ACBP=A9
 0001:000A3D28 0000001E C=CODE    S=_TEXT    G=(none)   M=C:\PROGRAM FILES\BORLAND\CBUILDER5\LIB\CP32MT.LIB|errno ACBP=A9
 0001:000A3D48 0000019B C=CODE    S=_TEXT    G=(none)   M=C:\PROGRAM FILES\BORLAND\CBUILDER5\LIB\CP32MT.LIB|errormsg ACBP=A9
 0001:000A3EE4 00000089 C=CODE    S=_TEXT    G=(none)   M=C:\PROGRAM FILES\BORLAND\CBUILDER5\LIB\CP32MT.LIB|platform ACBP=A9
 0001:000A3F70 00000022 C=CODE    S=_TEXT    G=(none)   M=C:\PROGRAM FILES\BORLAND\CBUILDER5\LIB\CP32MT.LIB|abort ACBP=A9
 0001:000A3F94 000000BF C=CODE    S=_TEXT    G=(none)   M=C:\PROGRAM FILES\BORLAND\CBUILDER5\LIB\CP32MT.LIB|exit ACBP=A9
 0001:000A4054 0000001A C=CODE    S=_TEXT    G=(none)   M=C:\PROGRAM FILES\BORLAND\CBUILDER5\LIB\CP32MT.LIB|initwild ACBP=A9
 0001:000A4070 00000011 C=CODE    S=_TEXT    G=(none)   M=C:\PROGRAM FILES\BORLAND\CBUILDER5\LIB\CP32MT.LIB|exparg ACBP=A9
 0001:000A4084 00000011 C=CODE    S=_TEXT    G=(none)   M=C:\PROGRAM FILES\BORLAND\CBUILDER5\LIB\CP32MT.LIB|wexparg ACBP=A9
 0001:000A4098 00000027 C=CODE    S=_TEXT    G=(none)   M=C:\PROGRAM FILES\BORLAND\CBUILDER5\LIB\CP32MT.LIB|initargv ACBP=A9
 0001:000A40C0 0000016C C=CODE    S=_TEXT    G=(none)   M=C:\PROGRAM FILES\BORLAND\CBUILDER5\LIB\CP32MT.LIB|setargv ACBP=A9
 0001:000A422C 000001E5 C=CODE    S=_TEXT    G=(none)   M=C:\PROGRAM FILES\BORLAND\CBUILDER5\LIB\CP32MT.LIB|hsargv ACBP=A9
 0001:000A4414 00000227 C=CODE    S=_TEXT    G=(none)   M=C:\PROGRAM FILES\BORLAND\CBUILDER5\LIB\CP32MT.LIB|whsargv ACBP=A9
 0001:000A463C 00000045 C=CODE    S=_TEXT    G=(none)   M=C:\PROGRAM FILES\BORLAND\CBUILDER5\LIB\CP32MT.LIB|setargv0 ACBP=A9
 0001:000A4684 000001D2 C=CODE    S=_TEXT    G=(none)   M=C:\PROGRAM FILES\BORLAND\CBUILDER5\LIB\CP32MT.LIB|setenvp ACBP=A9
 0001:000A4858 00000388 C=CODE    S=_TEXT    G=(none)   M=C:\PROGRAM FILES\BORLAND\CBUILDER5\LIB\CP32MT.LIB|signal ACBP=A9
 0001:000A4BE0 0000018B C=CODE    S=_TEXT    G=(none)   M=C:\PROGRAM FILES\BORLAND\CBUILDER5\LIB\CP32MT.LIB|initexit ACBP=A9
 0001:000A4D6C 000001A4 C=CODE    S=_TEXT    G=(none)   M=C:\PROGRAM FILES\BORLAND\CBUILDER5\LIB\CP32MT.LIB|startup ACBP=A9
 0001:000A4F10 00000067 C=CODE    S=_TEXT    G=(none)   M=C:\PROGRAM FILES\BORLAND\CBUILDER5\LIB\CP32MT.LIB|tls ACBP=A9
 0001:000A4F78 0000004F C=CODE    S=_TEXT    G=(none)   M=C:\PROGRAM FILES\BORLAND\CBUILDER5\LIB\CP32MT.LIB|tlsstat ACBP=A9
 0001:000A4FC8 000001C7 C=CODE    S=_TEXT    G=(none)   M=C:\PROGRAM FILES\BORLAND\CBUILDER5\LIB\CP32MT.LIB|thrddata ACBP=A9
 0001:000A5190 000000D5 C=CODE    S=_TEXT    G=(none)   M=C:\PROGRAM FILES\BORLAND\CBUILDER5\LIB\CP32MT.LIB|_lock ACBP=A9
 0001:000A5268 0000388C C=CODE    S=_TEXT    G=(none)   M=C:\PROGRAM FILES\BORLAND\CBUILDER5\LIB\CP32MT.LIB|xx ACBP=A9
 0001:000A8AA8 00000022 C=CODE    S=_TEXT    G=(none)   M=C:\PROGRAM FILES\BORLAND\CBUILDER5\LIB\DEBUG\VCLE50.LIB|_t_Contr ACBP=A9
 0001:000A8AC5 00000015 C=CODE    S=_TEXT    G=(none)   M=C:\PROGRAM FILES\BORLAND\CBUILDER5\LIB\DEBUG\VCLE50.LIB|_t_Forms ACBP=A9
 0001:000A8AD5 00000025 C=CODE    S=_TEXT    G=(none)   M=C:\PROGRAM FILES\BORLAND\CBUILDER5\LIB\DEBUG\VCLE50.LIB|_t_Graph ACBP=A9
 0001:000A8AF5 00000817 C=CODE    S=_TEXT    G=(none)   M=C:\PROGRAM FILES\BORLAND\CBUILDER5\LIB\DEBUG\VCLE50.LIB|dstring ACBP=A9
 0001:000A92C0 000000E0 C=CODE    S=_TEXT    G=(none)   M=C:\PROGRAM FILES\BORLAND\CBUILDER5\LIB\DEBUG\VCLE50.LIB|syssupp ACBP=A9
 0001:000A9350 00000156 C=CODE    S=_TEXT    G=(none)   M=C:\PROGRAM FILES\BORLAND\CBUILDER5\LIB\DEBUG\VCLE50.LIB|vclinit ACBP=A9
 0001:000A9458 00000031 C=CODE    S=_TEXT    G=(none)   M=C:\PROGRAM FILES\BORLAND\CBUILDER5\LIB\DEBUG\VCLE50.LIB|classcre ACBP=A9
 0002:000003C8 000000A4 C=DATA    S=_DATA    G=DGROUP   M=C:\PROGRAM FILES\BORLAND\CBUILDER5\LIB\C0W32.OBJ ACBP=A9
 0002:0000046C 0000002C C=DATA    S=_DATA    G=DGROUP   M=C:\PROGRAM FILES\BORLAND\CBUILDER5\LIB\OBJ\SYSINIT.OBJ ACBP=A9
 0002:00000488 00000090 C=DATA    S=_DATA    G=DGROUP   M=D:\STASIEK\MY PROJECTS\OBSOLETE\PROGS\QONVERTER.VCL\TEAIMAGE.OBJ ACBP=A9
 0002:00000518 00000FCD C=DATA    S=_DATA    G=DGROUP   M=D:\STASIEK\MY PROJECTS\OBSOLETE\PROGS\QONVERTER.VCL\UNIT1.OBJ ACBP=A9
 0002:000014E4 0000049D C=DATA    S=_DATA    G=DGROUP   M=D:\STASIEK\MY PROJECTS\OBSOLETE\PROGS\QONVERTER.VCL\UNIT2.OBJ ACBP=A9
 0002:00001980 0000048C C=DATA    S=_DATA    G=DGROUP   M=D:\STASIEK\MY PROJECTS\OBSOLETE\FORM_TEMPLATES\ABOUT_FRM.OBJ ACBP=A9
 0002:00001DF8 000003B4 C=DATA    S=_DATA    G=DGROUP   M=C:\PROGRAM FILES\BORLAND\CBUILDER5\LIB\BCBSMP50.LIB|.\CCALENDR.CPP ACBP=A9
 0002:0000218C 000007F0 C=DATA    S=_DATA    G=DGROUP   M=C:\PROGRAM FILES\BORLAND\CBUILDER5\LIB\BCBSMP50.LIB|.\cdiroutl.cpp ACBP=A9
 0002:0000297C 000004B8 C=DATA    S=_DATA    G=DGROUP   M=C:\PROGRAM FILES\BORLAND\CBUILDER5\LIB\BCBSMP50.LIB|.\CGAUGES.CPP ACBP=A9
 0002:00002E20 00000268 C=DATA    S=_DATA    G=DGROUP   M=C:\PROGRAM FILES\BORLAND\CBUILDER5\LIB\BCBSMP50.LIB|.\CGRID.CPP ACBP=A9
 0002:00003068 000005DC C=DATA    S=_DATA    G=DGROUP   M=C:\PROGRAM FILES\BORLAND\CBUILDER5\LIB\BCBSMP50.LIB|.\CSPIN.CPP ACBP=A9
 0002:00003644 0000037A C=DATA    S=_DATA    G=DGROUP   M=C:\PROGRAM FILES\BORLAND\CBUILDER5\LIB\BCBSMP50.LIB|.\PERFGRAP.CPP ACBP=A9
 0002:000039AC 00000416 C=DATA    S=_DATA    G=DGROUP   M=C:\PROGRAM FILES\BORLAND\CBUILDER5\LIB\BCBSMP50.LIB|.\Trayicon.cpp ACBP=A9
 0002:00003DAE 00000010 C=DATA    S=_DATA    G=DGROUP   M=C:\PROGRAM FILES\BORLAND\CBUILDER5\LIB\DEBUG\VCL50.LIB|UrlMon ACBP=A9
 0002:00003DAE 00000004 C=DATA    S=_DATA    G=DGROUP   M=C:\PROGRAM FILES\BORLAND\CBUILDER5\LIB\DEBUG\VCL50.LIB|StdActns ACBP=A9
 0002:00003DAE 00000046 C=DATA    S=_DATA    G=DGROUP   M=C:\PROGRAM FILES\BORLAND\CBUILDER5\LIB\DEBUG\VCL50.LIB|ImgList ACBP=A9
 0002:00003DE8 00000004 C=DATA    S=_DATA    G=DGROUP   M=C:\PROGRAM FILES\BORLAND\CBUILDER5\LIB\DEBUG\VCL50.LIB|ActnList ACBP=A9
 0002:00003DE8 00000020 C=DATA    S=_DATA    G=DGROUP   M=C:\PROGRAM FILES\BORLAND\CBUILDER5\LIB\DEBUG\VCL50.LIB|ToolWin ACBP=A9
 0002:00003E08 00000010 C=DATA    S=_DATA    G=DGROUP   M=C:\PROGRAM FILES\BORLAND\CBUILDER5\LIB\DEBUG\VCL50.LIB|TypInfo ACBP=A9
 0002:00003E18 0000008C C=DATA    S=_DATA    G=DGROUP   M=C:\PROGRAM FILES\BORLAND\CBUILDER5\LIB\DEBUG\VCL50.LIB|StdCtrls ACBP=A9
 0002:00003E98 0000000C C=DATA    S=_DATA    G=DGROUP   M=C:\PROGRAM FILES\BORLAND\CBUILDER5\LIB\DEBUG\VCL50.LIB|Printers ACBP=A9
 0002:00003E9C 000000EC C=DATA    S=_DATA    G=DGROUP   M=C:\PROGRAM FILES\BORLAND\CBUILDER5\LIB\DEBUG\VCL50.LIB|Menus ACBP=A9
 0002:00003F88 00000010 C=DATA    S=_DATA    G=DGROUP   M=C:\PROGRAM FILES\BORLAND\CBUILDER5\LIB\DEBUG\VCL50.LIB|Mask ACBP=A9
 0002:00003F98 00000002 C=DATA    S=_DATA    G=DGROUP   M=C:\PROGRAM FILES\BORLAND\CBUILDER5\LIB\DEBUG\VCL50.LIB|Grids ACBP=A9
 0002:00003F98 000002B4 C=DATA    S=_DATA    G=DGROUP   M=C:\PROGRAM FILES\BORLAND\CBUILDER5\LIB\DEBUG\VCL50.LIB|Graphics ACBP=A9
 0002:0000424C 0000013C C=DATA    S=_DATA    G=DGROUP   M=C:\PROGRAM FILES\BORLAND\CBUILDER5\LIB\DEBUG\VCL50.LIB|Forms ACBP=A9
 0002:00004388 00000024 C=DATA    S=_DATA    G=DGROUP   M=C:\PROGRAM FILES\BORLAND\CBUILDER5\LIB\DEBUG\VCL50.LIB|ExtCtrls ACBP=A9
 0002:0000439C 00000108 C=DATA    S=_DATA    G=DGROUP   M=C:\PROGRAM FILES\BORLAND\CBUILDER5\LIB\DEBUG\VCL50.LIB|Dialogs ACBP=A9
 0002:000044A4 0000012C C=DATA    S=_DATA    G=DGROUP   M=C:\PROGRAM FILES\BORLAND\CBUILDER5\LIB\DEBUG\VCL50.LIB|Controls ACBP=A9
 0002:000045D0 0000008D C=DATA    S=_DATA    G=DGROUP   M=C:\PROGRAM FILES\BORLAND\CBUILDER5\LIB\DEBUG\VCL50.LIB|ComCtrls ACBP=A9
 0002:00004658 00000088 C=DATA    S=_DATA    G=DGROUP   M=C:\PROGRAM FILES\BORLAND\CBUILDER5\LIB\DEBUG\VCL50.LIB|Classes ACBP=A9
 0002:000046C4 00000046 C=DATA    S=_DATA    G=DGROUP   M=C:\PROGRAM FILES\BORLAND\CBUILDER5\LIB\DEBUG\VCL50.LIB|Buttons ACBP=A9
 0002:0000470A 00000010 C=DATA    S=_DATA    G=DGROUP   M=C:\PROGRAM FILES\BORLAND\CBUILDER5\LIB\DEBUG\VCL50.LIB|Windows ACBP=A9
 0002:0000470A 00000010 C=DATA    S=_DATA    G=DGROUP   M=C:\PROGRAM FILES\BORLAND\CBUILDER5\LIB\DEBUG\VCL50.LIB|ShlObj ACBP=A9
 0002:0000470A 00000010 C=DATA    S=_DATA    G=DGROUP   M=C:\PROGRAM FILES\BORLAND\CBUILDER5\LIB\DEBUG\VCL50.LIB|ActiveX ACBP=A9
 0002:0000470A 00000008 C=DATA    S=_DATA    G=DGROUP   M=C:\PROGRAM FILES\BORLAND\CBUILDER5\LIB\DEBUG\VCL50.LIB|Math ACBP=A9
 0002:0000470C 00000234 C=DATA    S=_DATA    G=DGROUP   M=C:\PROGRAM FILES\BORLAND\CBUILDER5\LIB\DEBUG\VCL50.LIB|SysUtils ACBP=A9
 0002:00004934 000000A8 C=DATA    S=_DATA    G=DGROUP   M=C:\PROGRAM FILES\BORLAND\CBUILDER5\LIB\DEBUG\VCL50.LIB|System ACBP=A9
 0002:000049D8 00000217 C=DATA    S=_DATA    G=DGROUP   M=C:\PROGRAM FILES\BORLAND\CBUILDER5\LIB\DCLUSR50.LIB|C:\Program Files\Borland\CBuilder5\Projects\OBSOLETE\PACKAGES\EXEDLG.CPP ACBP=A9
 0002:00004BD0 00000914 C=DATA    S=_DATA    G=DGROUP   M=C:\PROGRAM FILES\BORLAND\CBUILDER5\LIB\DCLUSR50.LIB|C:\Program Files\Borland\CBuilder5\Projects\OBSOLETE\PACKAGES\EXEINFO.CPP ACBP=A9
 0002:000054C4 000001BD C=DATA    S=_DATA    G=DGROUP   M=C:\PROGRAM FILES\BORLAND\CBUILDER5\LIB\DCLUSR50.LIB|C:\Program Files\Borland\CBuilder5\Projects\OBSOLETE\PACKAGES\EXERES.CPP ACBP=A9
 0002:00005661 00000017 C=DATA    S=_DATA    G=DGROUP   M=C:\PROGRAM FILES\BORLAND\CBUILDER5\LIB\DEBUG\VCLX.LIB|Outline ACBP=A9
 0002:00005678 00000070 C=DATA    S=_DATA    G=DGROUP   M=C:\PROGRAM FILES\BORLAND\CBUILDER5\LIB\CP32MT.LIB|new ACBP=A9
 0002:000056E8 00000088 C=DATA    S=_DATA    G=DGROUP   M=C:\PROGRAM FILES\BORLAND\CBUILDER5\LIB\CP32MT.LIB|setnew ACBP=A9
 0002:0000575C 00000054 C=DATA    S=_DATA    G=DGROUP   M=C:\PROGRAM FILES\BORLAND\CBUILDER5\LIB\CP32MT.LIB|vdelldtc ACBP=A9
 0002:000057B0 00000074 C=DATA    S=_DATA    G=DGROUP   M=C:\PROGRAM FILES\BORLAND\CBUILDER5\LIB\CP32MT.LIB|vnewldtc ACBP=A9
 0002:00005824 00000160 C=DATA    S=_DATA    G=DGROUP   M=C:\PROGRAM FILES\BORLAND\CBUILDER5\LIB\CP32MT.LIB|hrdir_b ACBP=A9
 0002:00005984 00000020 C=DATA    S=_DATA    G=DGROUP   M=C:\PROGRAM FILES\BORLAND\CBUILDER5\LIB\CP32MT.LIB|hrdir_s ACBP=A9
 0002:000059A4 00000038 C=DATA    S=_DATA    G=DGROUP   M=C:\PROGRAM FILES\BORLAND\CBUILDER5\LIB\CP32MT.LIB|predecl ACBP=A9
 0002:000059DC 00002899 C=DATA    S=_DATA    G=DGROUP   M=C:\PROGRAM FILES\BORLAND\CBUILDER5\LIB\CP32MT.LIB|allstl ACBP=A9
 0002:00008274 00000081 C=DATA    S=_DATA    G=DGROUP   M=C:\PROGRAM FILES\BORLAND\CBUILDER5\LIB\CP32MT.LIB|fstream ACBP=A9
 0002:000082F4 00000275 C=DATA    S=_DATA    G=DGROUP   M=C:\PROGRAM FILES\BORLAND\CBUILDER5\LIB\CP32MT.LIB|ios ACBP=A9
 0002:00008568 00000081 C=DATA    S=_DATA    G=DGROUP   M=C:\PROGRAM FILES\BORLAND\CBUILDER5\LIB\CP32MT.LIB|iostream ACBP=A9
 0002:000085E8 00000004 C=DATA    S=_DATA    G=DGROUP   M=C:\PROGRAM FILES\BORLAND\CBUILDER5\LIB\CP32MT.LIB|limits ACBP=A9
 0002:000085E8 000000ED C=DATA    S=_DATA    G=DGROUP   M=C:\PROGRAM FILES\BORLAND\CBUILDER5\LIB\CP32MT.LIB|byname ACBP=A9
 0002:000086D4 000004F9 C=DATA    S=_DATA    G=DGROUP   M=C:\PROGRAM FILES\BORLAND\CBUILDER5\LIB\CP32MT.LIB|char ACBP=A9
 0002:00008BCC 000000FD C=DATA    S=_DATA    G=DGROUP   M=C:\PROGRAM FILES\BORLAND\CBUILDER5\LIB\CP32MT.LIB|charby ACBP=A9
 0002:00008CC8 000001E1 C=DATA    S=_DATA    G=DGROUP   M=C:\PROGRAM FILES\BORLAND\CBUILDER5\LIB\CP32MT.LIB|rwcats ACBP=A9
 0002:00008EA8 000007E9 C=DATA    S=_DATA    G=DGROUP   M=C:\PROGRAM FILES\BORLAND\CBUILDER5\LIB\CP32MT.LIB|rwlocale ACBP=A9
 0002:00009690 00000085 C=DATA    S=_DATA    G=DGROUP   M=C:\PROGRAM FILES\BORLAND\CBUILDER5\LIB\CP32MT.LIB|vendor ACBP=A9
 0002:00009714 000001ED C=DATA    S=_DATA    G=DGROUP   M=C:\PROGRAM FILES\BORLAND\CBUILDER5\LIB\CP32MT.LIB|stdexcpt ACBP=A9
 0002:00009900 0000019D C=DATA    S=_DATA    G=DGROUP   M=C:\PROGRAM FILES\BORLAND\CBUILDER5\LIB\CP32MT.LIB|string ACBP=A9
 0002:00009A9C 00000004 C=DATA    S=_DATA    G=DGROUP   M=C:\PROGRAM FILES\BORLAND\CBUILDER5\LIB\CP32MT.LIB|xx_xpf ACBP=A9
 0002:00009AA0 00000340 C=DATA    S=_DATA    G=DGROUP   M=C:\PROGRAM FILES\BORLAND\CBUILDER5\LIB\CP32MT.LIB|xxtype ACBP=A9
 0002:00009DE0 0000003C C=DATA    S=_DATA    G=DGROUP   M=C:\PROGRAM FILES\BORLAND\CBUILDER5\LIB\CP32MT.LIB|xxut ACBP=A9
 0002:00009E1C 000000E4 C=DATA    S=_DATA    G=DGROUP   M=C:\PROGRAM FILES\BORLAND\CBUILDER5\LIB\CP32MT.LIB|xxv ACBP=A9
 0002:00009F00 00000014 C=DATA    S=_DATA    G=DGROUP   M=C:\PROGRAM FILES\BORLAND\CBUILDER5\LIB\CP32MT.LIB|except ACBP=A9
 0002:00009F14 00000004 C=DATA    S=_DATA    G=DGROUP   M=C:\PROGRAM FILES\BORLAND\CBUILDER5\LIB\CP32MT.LIB|_cfinfo ACBP=A9
 0002:00009F18 00000004 C=DATA    S=_DATA    G=DGROUP   M=C:\PROGRAM FILES\BORLAND\CBUILDER5\LIB\CP32MT.LIB|_umask ACBP=A9
 0002:00009F1C 00000004 C=DATA    S=_DATA    G=DGROUP   M=C:\PROGRAM FILES\BORLAND\CBUILDER5\LIB\CP32MT.LIB|cfinfo ACBP=A9
 0002:00009F20 000004B0 C=DATA    S=_DATA    G=DGROUP   M=C:\PROGRAM FILES\BORLAND\CBUILDER5\LIB\CP32MT.LIB|files ACBP=A9
 0002:0000A3D0 000000CC C=DATA    S=_DATA    G=DGROUP   M=C:\PROGRAM FILES\BORLAND\CBUILDER5\LIB\CP32MT.LIB|files2 ACBP=A9
 0002:0000A49C 00000004 C=DATA    S=_DATA    G=DGROUP   M=C:\PROGRAM FILES\BORLAND\CBUILDER5\LIB\CP32MT.LIB|fmode ACBP=A9
 0002:0000A4A0 00000004 C=DATA    S=_DATA    G=DGROUP   M=C:\PROGRAM FILES\BORLAND\CBUILDER5\LIB\CP32MT.LIB|fmodeptr ACBP=A9
 0002:0000A4A4 00000064 C=DATA    S=_DATA    G=DGROUP   M=C:\PROGRAM FILES\BORLAND\CBUILDER5\LIB\CP32MT.LIB|handles ACBP=A9
 0002:0000A508 0000012B C=DATA    S=_DATA    G=DGROUP   M=C:\PROGRAM FILES\BORLAND\CBUILDER5\LIB\CP32MT.LIB|ioerror ACBP=A9
 0002:0000A634 0000047C C=DATA    S=_DATA    G=DGROUP   M=C:\PROGRAM FILES\BORLAND\CBUILDER5\LIB\CP32MT.LIB|perror ACBP=A9
 0002:0000AAB0 00000068 C=DATA    S=_DATA    G=DGROUP   M=C:\PROGRAM FILES\BORLAND\CBUILDER5\LIB\CP32MT.LIB|streams ACBP=A9
 0002:0000AB18 00000076 C=DATA    S=_DATA    G=DGROUP   M=C:\PROGRAM FILES\BORLAND\CBUILDER5\LIB\CP32MT.LIB|vprinter ACBP=A9
 0002:0000AB90 00000202 C=DATA    S=_DATA    G=DGROUP   M=C:\PROGRAM FILES\BORLAND\CBUILDER5\LIB\CP32MT.LIB|bigctype ACBP=A9
 0002:0000AD94 0000003C C=DATA    S=_DATA    G=DGROUP   M=C:\PROGRAM FILES\BORLAND\CBUILDER5\LIB\CP32MT.LIB|cconv ACBP=A9
 0002:0000ADD0 00000050 C=DATA    S=_DATA    G=DGROUP   M=C:\PROGRAM FILES\BORLAND\CBUILDER5\LIB\CP32MT.LIB|convt ACBP=A9
 0002:0000AE20 00000100 C=DATA    S=_DATA    G=DGROUP   M=C:\PROGRAM FILES\BORLAND\CBUILDER5\LIB\CP32MT.LIB|clower ACBP=A9
 0002:0000AF20 00000100 C=DATA    S=_DATA    G=DGROUP   M=C:\PROGRAM FILES\BORLAND\CBUILDER5\LIB\CP32MT.LIB|cupper ACBP=A9
 0002:0000B020 00000118 C=DATA    S=_DATA    G=DGROUP   M=C:\PROGRAM FILES\BORLAND\CBUILDER5\LIB\CP32MT.LIB|locale ACBP=A9
 0002:0000B138 00000260 C=DATA    S=_DATA    G=DGROUP   M=C:\PROGRAM FILES\BORLAND\CBUILDER5\LIB\CP32MT.LIB|clocale ACBP=A9
 0002:0000B398 00000068 C=DATA    S=_DATA    G=DGROUP   M=C:\PROGRAM FILES\BORLAND\CBUILDER5\LIB\CP32MT.LIB|initcat ACBP=A9
 0002:0000B400 00000010 C=DATA    S=_DATA    G=DGROUP   M=C:\PROGRAM FILES\BORLAND\CBUILDER5\LIB\CP32MT.LIB|_matherr ACBP=A9
 0002:0000B410 000000C0 C=DATA    S=_DATA    G=DGROUP   M=C:\PROGRAM FILES\BORLAND\CBUILDER5\LIB\CP32MT.LIB|_pow10 ACBP=A9
 0002:0000B4D0 0000000C C=DATA    S=_DATA    G=DGROUP   M=C:\PROGRAM FILES\BORLAND\CBUILDER5\LIB\CP32MT.LIB|cos ACBP=A9
 0002:0000B4DC 00000068 C=DATA    S=_DATA    G=DGROUP   M=C:\PROGRAM FILES\BORLAND\CBUILDER5\LIB\CP32MT.LIB|cvtfak ACBP=A9
 0002:0000B544 00000068 C=DATA    S=_DATA    G=DGROUP   M=C:\PROGRAM FILES\BORLAND\CBUILDER5\LIB\CP32MT.LIB|cvtfakw ACBP=A9
 0002:0000B5AC 00000004 C=DATA    S=_DATA    G=DGROUP   M=C:\PROGRAM FILES\BORLAND\CBUILDER5\LIB\CP32MT.LIB|deflt87 ACBP=A9
 0002:0000B5B0 0000007C C=DATA    S=_DATA    G=DGROUP   M=C:\PROGRAM FILES\BORLAND\CBUILDER5\LIB\CP32MT.LIB|hugeval ACBP=A9
 0002:0000B62C 00000008 C=DATA    S=_DATA    G=DGROUP   M=C:\PROGRAM FILES\BORLAND\CBUILDER5\LIB\CP32MT.LIB|initcvt ACBP=A9
 0002:0000B634 00000008 C=DATA    S=_DATA    G=DGROUP   M=C:\PROGRAM FILES\BORLAND\CBUILDER5\LIB\CP32MT.LIB|mathptr ACBP=A9
 0002:0000B63C 00000044 C=DATA    S=_DATA    G=DGROUP   M=C:\PROGRAM FILES\BORLAND\CBUILDER5\LIB\CP32MT.LIB|mathwhy ACBP=A9
 0002:0000B680 00000014 C=DATA    S=_DATA    G=DGROUP   M=C:\PROGRAM FILES\BORLAND\CBUILDER5\LIB\CP32MT.LIB|realcvt ACBP=A9
 0002:0000B694 00000028 C=DATA    S=_DATA    G=DGROUP   M=C:\PROGRAM FILES\BORLAND\CBUILDER5\LIB\CP32MT.LIB|realcvtw ACBP=A9
 0002:0000B6BC 00000028 C=DATA    S=_DATA    G=DGROUP   M=C:\PROGRAM FILES\BORLAND\CBUILDER5\LIB\CP32MT.LIB|scantod ACBP=A9
 0002:0000B6E4 00000028 C=DATA    S=_DATA    G=DGROUP   M=C:\PROGRAM FILES\BORLAND\CBUILDER5\LIB\CP32MT.LIB|scanwtod ACBP=A9
 0002:0000B70C 0000000C C=DATA    S=_DATA    G=DGROUP   M=C:\PROGRAM FILES\BORLAND\CBUILDER5\LIB\CP32MT.LIB|sin ACBP=A9
 0002:0000B718 00000048 C=DATA    S=_DATA    G=DGROUP   M=C:\PROGRAM FILES\BORLAND\CBUILDER5\LIB\CP32MT.LIB|mbctype ACBP=A9
 0002:0000B760 00000024 C=DATA    S=_DATA    G=DGROUP   M=C:\PROGRAM FILES\BORLAND\CBUILDER5\LIB\CP32MT.LIB|assert ACBP=A9
 0002:0000B784 00000024 C=DATA    S=_DATA    G=DGROUP   M=C:\PROGRAM FILES\BORLAND\CBUILDER5\LIB\CP32MT.LIB|ermsghlp ACBP=A9
 0002:0000B7A8 00000010 C=DATA    S=_DATA    G=DGROUP   M=C:\PROGRAM FILES\BORLAND\CBUILDER5\LIB\CP32MT.LIB|errormsg ACBP=A9
 0002:0000B7B8 00000028 C=DATA    S=_DATA    G=DGROUP   M=C:\PROGRAM FILES\BORLAND\CBUILDER5\LIB\CP32MT.LIB|platform ACBP=A9
 0002:0000B7E0 00000020 C=DATA    S=_DATA    G=DGROUP   M=C:\PROGRAM FILES\BORLAND\CBUILDER5\LIB\CP32MT.LIB|abort ACBP=A9
 0002:0000B800 00000004 C=DATA    S=_DATA    G=DGROUP   M=C:\PROGRAM FILES\BORLAND\CBUILDER5\LIB\CP32MT.LIB|patexit ACBP=A9
 0002:0000B804 0000000C C=DATA    S=_DATA    G=DGROUP   M=C:\PROGRAM FILES\BORLAND\CBUILDER5\LIB\CP32MT.LIB|exit ACBP=A9
 0002:0000B810 00000008 C=DATA    S=_DATA    G=DGROUP   M=C:\PROGRAM FILES\BORLAND\CBUILDER5\LIB\CP32MT.LIB|saptr ACBP=A9
 0002:0000B818 00000008 C=DATA    S=_DATA    G=DGROUP   M=C:\PROGRAM FILES\BORLAND\CBUILDER5\LIB\CP32MT.LIB|wsaptr ACBP=A9
 0002:0000B820 00000054 C=DATA    S=_DATA    G=DGROUP   M=C:\PROGRAM FILES\BORLAND\CBUILDER5\LIB\CP32MT.LIB|setargv ACBP=A9
 0002:0000B874 00000028 C=DATA    S=_DATA    G=DGROUP   M=C:\PROGRAM FILES\BORLAND\CBUILDER5\LIB\CP32MT.LIB|hsargv ACBP=A9
 0002:0000B89C 00000024 C=DATA    S=_DATA    G=DGROUP   M=C:\PROGRAM FILES\BORLAND\CBUILDER5\LIB\CP32MT.LIB|whsargv ACBP=A9
 0002:0000B8C0 00000004 C=DATA    S=_DATA    G=DGROUP   M=C:\PROGRAM FILES\BORLAND\CBUILDER5\LIB\CP32MT.LIB|wildptr ACBP=A9
 0002:0000B8C4 00000004 C=DATA    S=_DATA    G=DGROUP   M=C:\PROGRAM FILES\BORLAND\CBUILDER5\LIB\CP32MT.LIB|wwildptr ACBP=A9
 0002:0000B8C8 00000020 C=DATA    S=_DATA    G=DGROUP   M=C:\PROGRAM FILES\BORLAND\CBUILDER5\LIB\CP32MT.LIB|setargv0 ACBP=A9
 0002:0000B8E8 0000006C C=DATA    S=_DATA    G=DGROUP   M=C:\PROGRAM FILES\BORLAND\CBUILDER5\LIB\CP32MT.LIB|setenvp ACBP=A9
 0002:0000B954 0000005E C=DATA    S=_DATA    G=DGROUP   M=C:\PROGRAM FILES\BORLAND\CBUILDER5\LIB\CP32MT.LIB|signal ACBP=A9
 0002:0000B9B4 00000004 C=DATA    S=_DATA    G=DGROUP   M=C:\PROGRAM FILES\BORLAND\CBUILDER5\LIB\CP32MT.LIB|globals ACBP=A9
 0002:0000B9B8 0000001C C=DATA    S=_DATA    G=DGROUP   M=C:\PROGRAM FILES\BORLAND\CBUILDER5\LIB\CP32MT.LIB|initexit ACBP=A9
 0002:0000B9D4 0000001C C=DATA    S=_DATA    G=DGROUP   M=C:\PROGRAM FILES\BORLAND\CBUILDER5\LIB\CP32MT.LIB|thrddata ACBP=A9
 0002:0000B9F0 00000014 C=DATA    S=_DATA    G=DGROUP   M=C:\PROGRAM FILES\BORLAND\CBUILDER5\LIB\CP32MT.LIB|_lock ACBP=A9
 0002:0000BA04 000013E8 C=DATA    S=_DATA    G=DGROUP   M=C:\PROGRAM FILES\BORLAND\CBUILDER5\LIB\CP32MT.LIB|xx ACBP=A9
 0002:0000CDEC 000003B4 C=DATA    S=_DATA    G=DGROUP   M=C:\PROGRAM FILES\BORLAND\CBUILDER5\LIB\DEBUG\VCLE50.LIB|dstring ACBP=A9
 0002:0000D18C 0000008C C=DATA    S=_DATA    G=DGROUP   M=C:\PROGRAM FILES\BORLAND\CBUILDER5\LIB\DEBUG\VCLE50.LIB|syssupp ACBP=A9
 0002:0000D204 0000006C C=DATA    S=_DATA    G=DGROUP   M=C:\PROGRAM FILES\BORLAND\CBUILDER5\LIB\DEBUG\VCLE50.LIB|vclinit ACBP=A9
 0002:0000D270 00000424 C=DATA    S=_DATA    G=DGROUP   M=<internal> ACBP=A9
 0003:00000000 0000001C C=BSS     S=_BSS     G=DGROUP   M=C:\PROGRAM FILES\BORLAND\CBUILDER5\LIB\OBJ\SYSINIT.OBJ ACBP=A9
 0003:0000001C 00000004 C=BSS     S=_BSS     G=DGROUP   M=D:\STASIEK\MY PROJECTS\OBSOLETE\PROGS\QONVERTER.VCL\UNIT1.OBJ ACBP=A9
 0003:00000020 00000008 C=BSS     S=_BSS     G=DGROUP   M=D:\STASIEK\MY PROJECTS\OBSOLETE\PROGS\QONVERTER.VCL\UNIT2.OBJ ACBP=A9
 0003:00000028 00000004 C=BSS     S=_BSS     G=DGROUP   M=D:\STASIEK\MY PROJECTS\OBSOLETE\FORM_TEMPLATES\ABOUT_FRM.OBJ ACBP=A9
 0003:0000002C 00000004 C=BSS     S=_BSS     G=DGROUP   M=C:\PROGRAM FILES\BORLAND\CBUILDER5\LIB\BCBSMP50.LIB|.\CCALENDR.CPP ACBP=A9
 0003:00000030 0000000C C=BSS     S=_BSS     G=DGROUP   M=C:\PROGRAM FILES\BORLAND\CBUILDER5\LIB\BCBSMP50.LIB|.\cdiroutl.cpp ACBP=A9
 0003:0000003C 00000004 C=BSS     S=_BSS     G=DGROUP   M=C:\PROGRAM FILES\BORLAND\CBUILDER5\LIB\BCBSMP50.LIB|.\CGAUGES.CPP ACBP=A9
 0003:00000040 00000004 C=BSS     S=_BSS     G=DGROUP   M=C:\PROGRAM FILES\BORLAND\CBUILDER5\LIB\BCBSMP50.LIB|.\CGRID.CPP ACBP=A9
 0003:00000044 00000004 C=BSS     S=_BSS     G=DGROUP   M=C:\PROGRAM FILES\BORLAND\CBUILDER5\LIB\BCBSMP50.LIB|.\CSPIN.CPP ACBP=A9
 0003:00000048 00000004 C=BSS     S=_BSS     G=DGROUP   M=C:\PROGRAM FILES\BORLAND\CBUILDER5\LIB\BCBSMP50.LIB|.\PERFGRAP.CPP ACBP=A9
 0003:0000004C 00000004 C=BSS     S=_BSS     G=DGROUP   M=C:\PROGRAM FILES\BORLAND\CBUILDER5\LIB\BCBSMP50.LIB|.\Trayicon.cpp ACBP=A9
 0003:00000050 00000004 C=BSS     S=_BSS     G=DGROUP   M=C:\PROGRAM FILES\BORLAND\CBUILDER5\LIB\DEBUG\VCL50.LIB|Contnrs ACBP=A9
 0003:00000054 00000004 C=BSS     S=_BSS     G=DGROUP   M=C:\PROGRAM FILES\BORLAND\CBUILDER5\LIB\DEBUG\VCL50.LIB|UrlMon ACBP=A9
 0003:00000058 00000004 C=BSS     S=_BSS     G=DGROUP   M=C:\PROGRAM FILES\BORLAND\CBUILDER5\LIB\DEBUG\VCL50.LIB|StdActns ACBP=A9
 0003:0000005C 00000004 C=BSS     S=_BSS     G=DGROUP   M=C:\PROGRAM FILES\BORLAND\CBUILDER5\LIB\DEBUG\VCL50.LIB|ImgList ACBP=A9
 0003:00000060 00000004 C=BSS     S=_BSS     G=DGROUP   M=C:\PROGRAM FILES\BORLAND\CBUILDER5\LIB\DEBUG\VCL50.LIB|ActnList ACBP=A9
 0003:00000064 00000004 C=BSS     S=_BSS     G=DGROUP   M=C:\PROGRAM FILES\BORLAND\CBUILDER5\LIB\DEBUG\VCL50.LIB|ToolWin ACBP=A9
 0003:00000068 00000004 C=BSS     S=_BSS     G=DGROUP   M=C:\PROGRAM FILES\BORLAND\CBUILDER5\LIB\DEBUG\VCL50.LIB|TypInfo ACBP=A9
 0003:0000006C 00000004 C=BSS     S=_BSS     G=DGROUP   M=C:\PROGRAM FILES\BORLAND\CBUILDER5\LIB\DEBUG\VCL50.LIB|StdCtrls ACBP=A9
 0003:00000070 00000004 C=BSS     S=_BSS     G=DGROUP   M=C:\PROGRAM FILES\BORLAND\CBUILDER5\LIB\DEBUG\VCL50.LIB|Printers ACBP=A9
 0003:00000074 00000010 C=BSS     S=_BSS     G=DGROUP   M=C:\PROGRAM FILES\BORLAND\CBUILDER5\LIB\DEBUG\VCL50.LIB|Menus ACBP=A9
 0003:00000084 00000004 C=BSS     S=_BSS     G=DGROUP   M=C:\PROGRAM FILES\BORLAND\CBUILDER5\LIB\DEBUG\VCL50.LIB|Mask ACBP=A9
 0003:00000088 00000004 C=BSS     S=_BSS     G=DGROUP   M=C:\PROGRAM FILES\BORLAND\CBUILDER5\LIB\DEBUG\VCL50.LIB|Grids ACBP=A9
 0003:0000008C 00000060 C=BSS     S=_BSS     G=DGROUP   M=C:\PROGRAM FILES\BORLAND\CBUILDER5\LIB\DEBUG\VCL50.LIB|Graphics ACBP=A9
 0003:000000EC 00000024 C=BSS     S=_BSS     G=DGROUP   M=C:\PROGRAM FILES\BORLAND\CBUILDER5\LIB\DEBUG\VCL50.LIB|Forms ACBP=A9
 0003:00000110 00000004 C=BSS     S=_BSS     G=DGROUP   M=C:\PROGRAM FILES\BORLAND\CBUILDER5\LIB\DEBUG\VCL50.LIB|ExtCtrls ACBP=A9
 0003:00000114 0000003C C=BSS     S=_BSS     G=DGROUP   M=C:\PROGRAM FILES\BORLAND\CBUILDER5\LIB\DEBUG\VCL50.LIB|Dialogs ACBP=A9
 0003:00000150 00000070 C=BSS     S=_BSS     G=DGROUP   M=C:\PROGRAM FILES\BORLAND\CBUILDER5\LIB\DEBUG\VCL50.LIB|Controls ACBP=A9
 0003:000001C0 00000004 C=BSS     S=_BSS     G=DGROUP   M=C:\PROGRAM FILES\BORLAND\CBUILDER5\LIB\DEBUG\VCL50.LIB|Consts ACBP=A9
 0003:000001C4 00000004 C=BSS     S=_BSS     G=DGROUP   M=C:\PROGRAM FILES\BORLAND\CBUILDER5\LIB\DEBUG\VCL50.LIB|ComStrs ACBP=A9
 0003:000001C8 00000034 C=BSS     S=_BSS     G=DGROUP   M=C:\PROGRAM FILES\BORLAND\CBUILDER5\LIB\DEBUG\VCL50.LIB|ComCtrls ACBP=A9
 0003:000001FC 0000000C C=BSS     S=_BSS     G=DGROUP   M=C:\PROGRAM FILES\BORLAND\CBUILDER5\LIB\DEBUG\VCL50.LIB|ClipBrd ACBP=A9
 0003:00000208 0000003C C=BSS     S=_BSS     G=DGROUP   M=C:\PROGRAM FILES\BORLAND\CBUILDER5\LIB\DEBUG\VCL50.LIB|Classes ACBP=A9
 0003:00000244 00000030 C=BSS     S=_BSS     G=DGROUP   M=C:\PROGRAM FILES\BORLAND\CBUILDER5\LIB\DEBUG\VCL50.LIB|Buttons ACBP=A9
 0003:00000274 00000031 C=BSS     S=_BSS     G=DGROUP   M=C:\PROGRAM FILES\BORLAND\CBUILDER5\LIB\DEBUG\VCL50.LIB|MultiMon ACBP=A9
 0003:000002A8 00000034 C=BSS     S=_BSS     G=DGROUP   M=C:\PROGRAM FILES\BORLAND\CBUILDER5\LIB\DEBUG\VCL50.LIB|FlatSB ACBP=A9
 0003:000002DC 00000004 C=BSS     S=_BSS     G=DGROUP   M=C:\PROGRAM FILES\BORLAND\CBUILDER5\LIB\DEBUG\VCL50.LIB|Winspool ACBP=A9
 0003:000002E0 00000004 C=BSS     S=_BSS     G=DGROUP   M=C:\PROGRAM FILES\BORLAND\CBUILDER5\LIB\DEBUG\VCL50.LIB|Wininet ACBP=A9
 0003:000002E4 00000004 C=BSS     S=_BSS     G=DGROUP   M=C:\PROGRAM FILES\BORLAND\CBUILDER5\LIB\DEBUG\VCL50.LIB|Windows ACBP=A9
 0003:000002E8 00000004 C=BSS     S=_BSS     G=DGROUP   M=C:\PROGRAM FILES\BORLAND\CBUILDER5\LIB\DEBUG\VCL50.LIB|ShlObj ACBP=A9
 0003:000002EC 00000004 C=BSS     S=_BSS     G=DGROUP   M=C:\PROGRAM FILES\BORLAND\CBUILDER5\LIB\DEBUG\VCL50.LIB|ShellApi ACBP=A9
 0003:000002F0 00000004 C=BSS     S=_BSS     G=DGROUP   M=C:\PROGRAM FILES\BORLAND\CBUILDER5\LIB\DEBUG\VCL50.LIB|RichEdit ACBP=A9
 0003:000002F4 00000004 C=BSS     S=_BSS     G=DGROUP   M=C:\PROGRAM FILES\BORLAND\CBUILDER5\LIB\DEBUG\VCL50.LIB|RegStr ACBP=A9
 0003:000002F8 00000004 C=BSS     S=_BSS     G=DGROUP   M=C:\PROGRAM FILES\BORLAND\CBUILDER5\LIB\DEBUG\VCL50.LIB|ActiveX ACBP=A9
 0003:000002FC 00000004 C=BSS     S=_BSS     G=DGROUP   M=C:\PROGRAM FILES\BORLAND\CBUILDER5\LIB\DEBUG\VCL50.LIB|Messages ACBP=A9
 0003:00000300 00000004 C=BSS     S=_BSS     G=DGROUP   M=C:\PROGRAM FILES\BORLAND\CBUILDER5\LIB\DEBUG\VCL50.LIB|Imm ACBP=A9
 0003:00000304 00000004 C=BSS     S=_BSS     G=DGROUP   M=C:\PROGRAM FILES\BORLAND\CBUILDER5\LIB\DEBUG\VCL50.LIB|Dlgs ACBP=A9
 0003:00000308 00000004 C=BSS     S=_BSS     G=DGROUP   M=C:\PROGRAM FILES\BORLAND\CBUILDER5\LIB\DEBUG\VCL50.LIB|CommDlg ACBP=A9
 0003:0000030C 0000000C C=BSS     S=_BSS     G=DGROUP   M=C:\PROGRAM FILES\BORLAND\CBUILDER5\LIB\DEBUG\VCL50.LIB|CommCtrl ACBP=A9
 0003:00000318 00000004 C=BSS     S=_BSS     G=DGROUP   M=C:\PROGRAM FILES\BORLAND\CBUILDER5\LIB\DEBUG\VCL50.LIB|Math ACBP=A9
 0003:0000031C 00000004 C=BSS     S=_BSS     G=DGROUP   M=C:\PROGRAM FILES\BORLAND\CBUILDER5\LIB\DEBUG\VCL50.LIB|SysConst ACBP=A9
 0003:00000320 0000011C C=BSS     S=_BSS     G=DGROUP   M=C:\PROGRAM FILES\BORLAND\CBUILDER5\LIB\DEBUG\VCL50.LIB|SysUtils ACBP=A9
 0003:0000043C 000004D4 C=BSS     S=_BSS     G=DGROUP   M=C:\PROGRAM FILES\BORLAND\CBUILDER5\LIB\DEBUG\VCL50.LIB|System ACBP=A9
 0003:00000910 00000008 C=BSS     S=_BSS     G=DGROUP   M=C:\PROGRAM FILES\BORLAND\CBUILDER5\LIB\DCLUSR50.LIB|C:\Program Files\Borland\CBuilder5\Projects\OBSOLETE\PACKAGES\EXEDLG.CPP ACBP=A9
 0003:00000918 00000004 C=BSS     S=_BSS     G=DGROUP   M=C:\PROGRAM FILES\BORLAND\CBUILDER5\LIB\DCLUSR50.LIB|C:\Program Files\Borland\CBuilder5\Projects\OBSOLETE\PACKAGES\EXEINFO.CPP ACBP=A9
 0003:0000091C 00000004 C=BSS     S=_BSS     G=DGROUP   M=C:\PROGRAM FILES\BORLAND\CBUILDER5\LIB\DCLUSR50.LIB|C:\Program Files\Borland\CBuilder5\Projects\OBSOLETE\PACKAGES\EXERES.CPP ACBP=A9
 0003:00000920 00000004 C=BSS     S=_BSS     G=DGROUP   M=C:\PROGRAM FILES\BORLAND\CBUILDER5\LIB\DEBUG\VCLX.LIB|Outline ACBP=A9
 0003:00000924 00000008 C=BSS     S=_BSS     G=DGROUP   M=C:\PROGRAM FILES\BORLAND\CBUILDER5\LIB\CP32MT.LIB|setnew ACBP=A9
 0003:0000092C 00000018 C=BSS     S=_BSS     G=DGROUP   M=C:\PROGRAM FILES\BORLAND\CBUILDER5\LIB\CP32MT.LIB|hrdir_b ACBP=A9
 0003:00000944 00000001 C=BSS     S=_BSS     G=DGROUP   M=C:\PROGRAM FILES\BORLAND\CBUILDER5\LIB\CP32MT.LIB|need_vcl ACBP=A9
 0003:00000948 0000002C C=BSS     S=_BSS     G=DGROUP   M=C:\PROGRAM FILES\BORLAND\CBUILDER5\LIB\CP32MT.LIB|predecl ACBP=A9
 0003:00000974 0000001C C=BSS     S=_BSS     G=DGROUP   M=C:\PROGRAM FILES\BORLAND\CBUILDER5\LIB\CP32MT.LIB|ios ACBP=A9
 0003:00000990 000002BC C=BSS     S=_BSS     G=DGROUP   M=C:\PROGRAM FILES\BORLAND\CBUILDER5\LIB\CP32MT.LIB|iostream ACBP=A9
 0003:00000C4C 00000004 C=BSS     S=_BSS     G=DGROUP   M=C:\PROGRAM FILES\BORLAND\CBUILDER5\LIB\CP32MT.LIB|limits ACBP=A9
 0003:00000C4C 00000004 C=BSS     S=_BSS     G=DGROUP   M=C:\PROGRAM FILES\BORLAND\CBUILDER5\LIB\CP32MT.LIB|char ACBP=A9
 0003:00000C4C 00000008 C=BSS     S=_BSS     G=DGROUP   M=C:\PROGRAM FILES\BORLAND\CBUILDER5\LIB\CP32MT.LIB|rwcats ACBP=A9
 0003:00000C54 00000030 C=BSS     S=_BSS     G=DGROUP   M=C:\PROGRAM FILES\BORLAND\CBUILDER5\LIB\CP32MT.LIB|rwlocale ACBP=A9
 0003:00000C84 0000001C C=BSS     S=_BSS     G=DGROUP   M=C:\PROGRAM FILES\BORLAND\CBUILDER5\LIB\CP32MT.LIB|stdexcpt ACBP=A9
 0003:00000CA0 00000410 C=BSS     S=_BSS     G=DGROUP   M=C:\PROGRAM FILES\BORLAND\CBUILDER5\LIB\CP32MT.LIB|xxtype ACBP=A9
 0003:000010B0 00000008 C=BSS     S=_BSS     G=DGROUP   M=C:\PROGRAM FILES\BORLAND\CBUILDER5\LIB\CP32MT.LIB|xxv ACBP=A9
 0003:000010B8 00000008 C=BSS     S=_BSS     G=DGROUP   M=C:\PROGRAM FILES\BORLAND\CBUILDER5\LIB\CP32MT.LIB|except ACBP=A9
 0003:000010C0 00000190 C=BSS     S=_BSS     G=DGROUP   M=C:\PROGRAM FILES\BORLAND\CBUILDER5\LIB\CP32MT.LIB|files2 ACBP=A9
 0003:00001250 00000008 C=BSS     S=_BSS     G=DGROUP   M=C:\PROGRAM FILES\BORLAND\CBUILDER5\LIB\CP32MT.LIB|handles ACBP=A9
 0003:00001258 00000008 C=BSS     S=_BSS     G=DGROUP   M=C:\PROGRAM FILES\BORLAND\CBUILDER5\LIB\CP32MT.LIB|streams ACBP=A9
 0003:00001260 00000108 C=BSS     S=_BSS     G=DGROUP   M=C:\PROGRAM FILES\BORLAND\CBUILDER5\LIB\CP32MT.LIB|mbctype ACBP=A9
 0003:00001368 00000100 C=BSS     S=_BSS     G=DGROUP   M=C:\PROGRAM FILES\BORLAND\CBUILDER5\LIB\CP32MT.LIB|assert ACBP=A9
 0003:00001468 00000019 C=BSS     S=_BSS     G=DGROUP   M=C:\PROGRAM FILES\BORLAND\CBUILDER5\LIB\CP32MT.LIB|ermsghlp ACBP=A9
 0003:00001484 00000004 C=BSS     S=_BSS     G=DGROUP   M=C:\PROGRAM FILES\BORLAND\CBUILDER5\LIB\CP32MT.LIB|platform ACBP=A9
 0003:00001488 0000000C C=BSS     S=_BSS     G=DGROUP   M=C:\PROGRAM FILES\BORLAND\CBUILDER5\LIB\CP32MT.LIB|setargv ACBP=A9
 0003:00001494 00000004 C=BSS     S=_BSS     G=DGROUP   M=C:\PROGRAM FILES\BORLAND\CBUILDER5\LIB\CP32MT.LIB|hsargv ACBP=A9
 0003:00001498 00000004 C=BSS     S=_BSS     G=DGROUP   M=C:\PROGRAM FILES\BORLAND\CBUILDER5\LIB\CP32MT.LIB|whsargv ACBP=A9
 0003:0000149C 00000010 C=BSS     S=_BSS     G=DGROUP   M=C:\PROGRAM FILES\BORLAND\CBUILDER5\LIB\CP32MT.LIB|setenvp ACBP=A9
 0003:000014AC 00000044 C=BSS     S=_BSS     G=DGROUP   M=C:\PROGRAM FILES\BORLAND\CBUILDER5\LIB\CP32MT.LIB|globals ACBP=A9
 0003:000014F0 00000008 C=BSS     S=_BSS     G=DGROUP   M=C:\PROGRAM FILES\BORLAND\CBUILDER5\LIB\CP32MT.LIB|thrddata ACBP=A9
 0003:000014F8 00003004 C=BSS     S=_BSS     G=DGROUP   M=C:\PROGRAM FILES\BORLAND\CBUILDER5\LIB\CP32MT.LIB|_lock ACBP=A9
 0003:000044FC 00000010 C=BSS     S=_BSS     G=DGROUP   M=C:\PROGRAM FILES\BORLAND\CBUILDER5\LIB\CP32MT.LIB|xx ACBP=A9
 0004:00000000 00000008 C=TLS     S=_TLS     G=DGROUP   M=C:\PROGRAM FILES\BORLAND\CBUILDER5\LIB\DEBUG\VCL50.LIB|Classes ACBP=A9
 0004:00000008 00000008 C=TLS     S=_TLS     G=DGROUP   M=C:\PROGRAM FILES\BORLAND\CBUILDER5\LIB\DEBUG\VCL50.LIB|System ACBP=A9
 0004:00000010 0000009C C=TLS     S=_TLS     G=DGROUP   M=C:\PROGRAM FILES\BORLAND\CBUILDER5\LIB\CP32MT.LIB|xxv ACBP=A9
 0004:000000AC 00000008 C=TLS     S=_TLS     G=DGROUP   M=C:\PROGRAM FILES\BORLAND\CBUILDER5\LIB\CP32MT.LIB|tls ACBP=A9

  Address         Publics by Name

 0001:0008CFB8      @$bdele$qpv
 0001:0008CFC8      @$bdla$qpv
 0001:0008CFEC      @$bnew$qui
 0001:000900A4      @$bnew$quipv
 0001:0008D190      @$bnwa$qui
 0001:0000639C      @$xp$10TAboutForm
 0001:0000AE38      @$xp$10TBltBitmap
 0001:000071A8      @$xp$10TCCalendar
 0001:000863F4      @$xp$10TExeDialog
 0001:00010E00      @$xp$10TGraphKind
 0001:000383CC      @$xp$11Forms@TForm
 0001:0001B9A0      @$xp$11Menus@TMenu
 0001:00080848      @$xp$11System@Byte
 0001:0008081C      @$xp$11System@Char
 0001:0007F7D5      @$xp$11System@Text
 0001:0008085C      @$xp$11System@Word
 0001:0007F7D5      @$xp$11System@file
 0001:0000C8A0      @$xp$11TCColorGrid
 0001:0000B1D4      @$xp$11TCGaugeKind
 0001:00039EF4      @$xp$12Forms@TFrame
 0001:0007F7D5      @$xp$12System@PChar
 0001:0007F7FA      @$xp$12System@PGUID
 0001:0007F7FA      @$xp$12System@TGUID
 0001:000884FC      @$xp$12TExeResource
 0001:0003AF88      @$xp$13Forms@TScreen
 0001:0002DBD8      @$xp$13Graphics@TPen
 0001:0007F826      @$xp$13System@PInt64
 0001:0007F7C1      @$xp$13System@Real48
 0001:0007F7B4      @$xp$13System@Single
 0001:0007F7D8      @$xp$13System@String
 0001:0000CEA0      @$xp$13TGridOrdering
 0001:0003A61C      @$xp$14Forms@IOleForm
 0001:00038F30      @$xp$14Forms@TMonitor
 0001:0002DA74      @$xp$14Graphics@TFont
 0001:0002E440      @$xp$14Graphics@TIcon
 0001:00017DB4      @$xp$14Stdctrls@TMemo
 0001:000807F4      @$xp$14System@Boolean
 0001:00080830      @$xp$14System@Integer
 0001:0007F838      @$xp$14System@PVarRec
 0001:0007F79B      @$xp$14System@Pointer
 0001:000808C4      @$xp$14System@TObject
 0001:0007F838      @$xp$14System@TVarRec
 0001:00004244      @$xp$15Controls@TAlign
 0001:00047DE4      @$xp$15Extctrls@TBevel
 0001:00047808      @$xp$15Extctrls@TImage
 0001:0004821C      @$xp$15Extctrls@TPanel
 0001:00047694      @$xp$15Extctrls@TTimer
 0001:0003A5F0      @$xp$15Forms@IDesigner
 0001:00038F7B      @$xp$15Forms@PHintInfo
 0001:00038F7C      @$xp$15Forms@THintInfo
 0001:0003A6F0      @$xp$15Forms@TPosition
 0001:0002DCD8      @$xp$15Graphics@TBrush
 0001:00004464      @$xp$15Graphics@TColor
 0001:0001B1D0      @$xp$15Menus@PMenuItem
 0001:0001BA74      @$xp$15Menus@TMainMenu
 0001:0001B5D0      @$xp$15Menus@TMenuItem
 0001:00017414      @$xp$15Stdctrls@TLabel
 0001:0007F79C      @$xp$15System@Cardinal
 0001:0007F78C      @$xp$15System@Extended
 0001:0007F826      @$xp$15System@PVarData
 0001:0007F826      @$xp$15System@PVariant
 0001:0007F826      @$xp$15System@TVarData
 0001:00087ACC      @$xp$15TExeInformation
 0001:0006D530      @$xp$16Classes@TStrings
 0001:0004C543      @$xp$16Controls@TCMDrag
 0001:000042C0      @$xp$16Controls@TCursor
 0001:0000E670      @$xp$16Cspin@TCSpinEdit
 0001:00003794      @$xp$16Cspin@TCSpinEdit
 0001:00005260      @$xp$16Cspin@TCSpinEdit
 0001:00038F50      @$xp$16Forms@PCursorRec
 0001:00038F50      @$xp$16Forms@TCursorRec
 0001:00038F2E      @$xp$16Forms@TFormClass
 0001:0003A648      @$xp$16Forms@TFormStyle
 0001:00039598      @$xp$16Forms@TScrollBox
 0001:00038F50      @$xp$16Forms@TTimerMode
 0001:0002E30C      @$xp$16Graphics@TBitmap
 0001:0002DDA8      @$xp$16Graphics@TCanvas
 0001:0001B228      @$xp$16Menus@TMenuBreak
 0001:0001BD54      @$xp$16Menus@TPopupMenu
 0001:00018878      @$xp$16Stdctrls@TButton
 0001:0007F826      @$xp$16System@PCurrency
 0001:0007F838      @$xp$16System@PDateTime
 0001:0007F826      @$xp$16System@PExtended
 0001:0007F826      @$xp$16System@PVarArray
 0001:0007F7D5      @$xp$16System@PWideChar
 0001:0007F828      @$xp$16System@TDateTime
 0001:0007F826      @$xp$16System@TVarArray
 0001:0007A446      @$xp$16Sysutils@LongRec
 0001:0007A446      @$xp$16Sysutils@TMethod
 0001:0007A446      @$xp$16Sysutils@WordRec
 0001:000128BC      @$xp$16TTrayIconMessage
 0001:0006CB50      @$xp$17Classes@TBiDiMode
 0001:0006CBD4      @$xp$17Classes@TShortCut
 0001:0005FD08      @$xp$17Comctrls@TAddMode
 0001:000623FC      @$xp$17Comctrls@TToolBar
 0001:0004C543      @$xp$17Controls@PDragRec
 0001:0004CAC0      @$xp$17Controls@TAnchors
 0001:0004C543      @$xp$17Controls@TCMFloat
 0001:0004CAB0      @$xp$17Controls@TCaption
 0001:0004C574      @$xp$17Controls@TControl
 0001:0004C543      @$xp$17Controls@TDragRec
 0001:0004D5C4      @$xp$17Controls@TImeMode
 0001:0004D64C      @$xp$17Controls@TImeName
 0001:0003A690      @$xp$17Forms@TBorderIcon
 0001:0003A838      @$xp$17Forms@TCloseEvent
 0001:000383A8      @$xp$17Forms@TCustomForm
 0001:0003A7D8      @$xp$17Forms@TPrintScale
 0001:0002DF84      @$xp$17Graphics@TGraphic
 0001:0002D691      @$xp$17Graphics@TPenData
 0001:0002D5E0      @$xp$17Graphics@TPenMode
 0001:0002E02C      @$xp$17Graphics@TPicture
 0001:0002D5C3      @$xp$17Graphics@TResData
 0001:00025C6C      @$xp$17Grids@TCustomGrid
 0001:000128AC      @$xp$17System@AnsiString
 0001:0007F7C4      @$xp$17System@Openstring
 0001:0007A446      @$xp$17Sysutils@Int64Rec
 0001:0007A468      @$xp$17Sysutils@PTextBuf
 0001:0007A468      @$xp$17Sysutils@TFileRec
 0001:0007A468      @$xp$17Sysutils@TTextBuf
 0001:0007A468      @$xp$17Sysutils@TTextRec
 0001:00010B7C      @$xp$17TPerformanceGraph
 0001:00076418      @$xp$18Buttons@TNumGlyphs
 0001:00009608      @$xp$18Cdiroutl@TTextCase
 0001:0006CB0C      @$xp$18Classes@TAlignment
 0001:0006DCAC      @$xp$18Classes@TComponent
 0001:0006CC10      @$xp$18Classes@THelpEvent
 0001:0006C360      @$xp$18Clipbrd@TClipboard
 0001:0005FD3D      @$xp$18Comctrls@PNodeInfo
 0001:0005FD3D      @$xp$18Comctrls@TNodeInfo
 0001:00061060      @$xp$18Comctrls@TTickMark
 0001:0005FD64      @$xp$18Comctrls@TTrackBar
 0001:0005FD40      @$xp$18Comctrls@TTreeNode
 0001:0004D678      @$xp$18Controls@TBevelCut
 0001:00007850      @$xp$18Controls@TDragKind
 0001:000042D8      @$xp$18Controls@TDragMode
 0001:0004CCDC      @$xp$18Controls@TKeyEvent
 0001:0004CA98      @$xp$18Controls@TTabOrder
 0001:0000586C      @$xp$18Cspin@TCSpinButton
 0001:00003DA0      @$xp$18Cspin@TCSpinButton
 0001:0000ECAC      @$xp$18Cspin@TCSpinButton
 0001:0003B064      @$xp$18Forms@TApplication
 0001:0003A6D8      @$xp$18Forms@TBorderIcons
 0001:00039450      @$xp$18Forms@TBorderStyle
 0001:00038384      @$xp$18Forms@TCustomFrame
 0001:0003A81C      @$xp$18Forms@TModalResult
 0001:0003924C      @$xp$18Forms@TWindowState
 0001:0002D706      @$xp$18Graphics@PResource
 0001:0002D708      @$xp$18Graphics@TFillMode
 0001:0002D5DE      @$xp$18Graphics@TFontData
 0001:0002D83C      @$xp$18Graphics@TFontName
 0001:0002E1C8      @$xp$18Graphics@TMetafile
 0001:0002D8C8      @$xp$18Graphics@TPenStyle
 0001:0002D706      @$xp$18Graphics@TResource
 0001:000259F8      @$xp$18Grids@TInplaceEdit
 0001:00012E7C      @$xp$18Imglist@TImageType
 0001:0001BBFC      @$xp$18Menus@TTrackButton
 0001:0007F826      @$xp$18System@PAnsiString
 0001:0007F826      @$xp$18System@POleVariant
 0001:0007F826      @$xp$18System@PWideString
 0001:0007F838      @$xp$18System@PackageInfo
 0001:0007F838      @$xp$18System@THeapStatus
 0001:0007A4FC      @$xp$18Sysutils@Exception
 0001:0007AE28      @$xp$18Sysutils@TFileName
 0001:0007A4B8      @$xp$18Sysutils@TFloatRec
 0001:0007A520      @$xp$18Sysutils@TNameType
 0001:000885CC      @$xp$18TExeResource@TKind
 0001:00015FA8      @$xp$18Toolwin@TEdgeStyle
 0001:0006D3FC      @$xp$19Classes@TCollection
 0001:0006C9A8      @$xp$19Classes@TDuplicates
 0001:0006CAF8      @$xp$19Classes@TIdentToInt
 0001:0006CAF8      @$xp$19Classes@TIntToIdent
 0001:0006C9E4      @$xp$19Classes@TPersistent
 0001:0006CA38      @$xp$19Classes@TStringItem
 0001:0006D630      @$xp$19Classes@TStringList
 0001:0005FD64      @$xp$19Comctrls@PNodeCache
 0001:0005FD64      @$xp$19Comctrls@TNodeCache
 0001:00060980      @$xp$19Comctrls@TStatusBar
 0001:0006109C      @$xp$19Comctrls@TTickStyle
 0001:0004DFF8      @$xp$19Controls@TImageList
 0001:0004A630      @$xp$19Dialogs@TOpenDialog
 0001:0004A384      @$xp$19Dialogs@TOpenOption
 0001:0004A8C0      @$xp$19Dialogs@TSaveDialog
 0001:00038F9C      @$xp$19Forms@TScrollBarInc
 0001:0002D706      @$xp$19Graphics@TBrushData
 0001:0002D800      @$xp$19Graphics@TFontPitch
 0001:0002D868      @$xp$19Graphics@TFontStyle
 0001:00012EA8      @$xp$19Imglist@TImageIndex
 0001:0001B414      @$xp$19Menus@TMenuAutoFlag
 0001:0007F826      @$xp$19System@PShortString
 0001:0007A446      @$xp$19Sysutils@PByteArray
 0001:0007A446      @$xp$19Sysutils@PWordArray
 0001:0007A446      @$xp$19Sysutils@TByteArray
 0001:0007A446      @$xp$19Sysutils@TProcedure
 0001:0007A448      @$xp$19Sysutils@TSearchRec
 0001:0007A4FC      @$xp$19Sysutils@TSysLocale
 0001:0007A4B8      @$xp$19Sysutils@TTimeStamp
 0001:0007A446      @$xp$19Sysutils@TWordArray
 0001:00015F54      @$xp$19Toolwin@TEdgeBorder
 0001:00016108      @$xp$19Toolwin@TToolWindow
 0001:00014C28      @$xp$20Actnlist@TActionLink
 0001:00076574      @$xp$20Buttons@TSpeedButton
 0001:0006C9E3      @$xp$20Classes@PPointerList
 0001:0006CAAC      @$xp$20Classes@TBasicAction
 0001:0006CBB8      @$xp$20Classes@THelpContext
 0001:0006CBEC      @$xp$20Classes@TNotifyEvent
 0001:0006C9E3      @$xp$20Classes@TPointerList
 0001:00060364      @$xp$20Comctrls@TConversion
 0001:00061B54      @$xp$20Comctrls@TToolButton
 0001:00010E2C      @$xp$20Controls@TAnchorKind
 0001:0000CEE0      @$xp$20Controls@TAnchorKind
 0001:0000F214      @$xp$20Controls@TAnchorKind
 0001:00005D10      @$xp$20Controls@TAnchorKind
 0001:0000793C      @$xp$20Controls@TAnchorKind
 0001:0000B28C      @$xp$20Controls@TAnchorKind
 0001:0000986C      @$xp$20Controls@TAnchorKind
 0001:00004C10      @$xp$20Controls@TAnchorKind
 0001:0004D6B8      @$xp$20Controls@TBevelWidth
 0001:0004C688      @$xp$20Controls@THintWindow
 0001:0004CC28      @$xp$20Controls@TMouseEvent
 0001:0004DAC0      @$xp$20Controls@TWinControl
 0001:0004A4EC      @$xp$20Dialogs@TOpenOptions
 0001:00047CA4      @$xp$20Extctrls@TBevelShape
 0001:00047C70      @$xp$20Extctrls@TBevelStyle
 0001:0003A8AC      @$xp$20Forms@TShortCutEvent
 0001:0002D694      @$xp$20Graphics@TBrushStyle
 0001:0002D8B0      @$xp$20Graphics@TFontStyles
 0001:000228C8      @$xp$20Mask@TCustomMaskEdit
 0001:0001BC9C      @$xp$20Menus@TMenuAnimation
 0001:00088628      @$xp$20Outline@TBitmapArray
 0001:00088758      @$xp$20Outline@TOutlineNode
 0001:00009730      @$xp$20Outline@TOutlineType
 0001:00012D00      @$xp$20Stdactns@THintAction
 0001:00017ACC      @$xp$20Stdctrls@TCustomEdit
 0001:00017C60      @$xp$20Stdctrls@TCustomMemo
 0001:000171C4      @$xp$20Stdctrls@TTextLayout
 0001:0007A520      @$xp$20Sysutils@ExceptClass
 0001:0007A446      @$xp$20Sysutils@TIntegerSet
 0001:0007A430      @$xp$20Sysutils@TSysCharSet
 0001:00015F90      @$xp$20Toolwin@TEdgeBorders
 0001:000763C4      @$xp$21Buttons@TButtonLayout
 0001:000603B4      @$xp$21Comctrls@TIconOptions
 0001:00061344      @$xp$21Comctrls@TProgressBar
 0001:000605F8      @$xp$21Comctrls@TStatusPanel
 0001:0004D6D4      @$xp$21Controls@IDockManager
 0001:0004D65C      @$xp$21Controls@TBorderWidth
 0001:0004C4DC      @$xp$21Controls@TDragMessage
 0001:0004CF60      @$xp$21Controls@TUnDockEvent
 0001:0004A2D4      @$xp$21Dialogs@TCommonDialog
 0001:000480E8      @$xp$21Extctrls@TCustomPanel
 0001:0003AE48      @$xp$21Forms@TCustomDockForm
 0001:0003A788      @$xp$21Forms@TDefaultMonitor
 0001:00038FB8      @$xp$21Forms@TScrollBarStyle
 0001:0002D84C      @$xp$21Graphics@TFontCharset
 0001:00012E30      @$xp$21Imglist@TDrawingStyle
 0001:0001BC38      @$xp$21Menus@TMenuAnimations
 0001:0001BBC0      @$xp$21Menus@TPopupAlignment
 0001:00017308      @$xp$21Stdctrls@TCustomLabel
 0001:000096E8      @$xp$21Stdctrls@TScrollStyle
 0001:0007F838      @$xp$21System@PMemoryManager
 0001:0007F838      @$xp$21System@TMemoryManager
 0001:0007F826      @$xp$21System@TVarArrayBound
 0001:0007F838      @$xp$21System@UnitEntryTable
 0001:0007A468      @$xp$21Sysutils@TFloatFormat
 0001:00016290      @$xp$21Toolwin@TToolDockForm
 0001:00014EC8      @$xp$22Actnlist@TCustomAction
 0001:0006DB6C      @$xp$22Classes@TComponentName
 0001:0006CAD4      @$xp$22Classes@TIdentMapEntry
 0001:00060790      @$xp$22Comctrls@TStatusPanels
 0001:0004C543      @$xp$22Controls@TCMDockClient
 0001:0004C655      @$xp$22Controls@TControlClass
 0001:0004C655      @$xp$22Controls@TCreateParams
 0001:0004CE48      @$xp$22Controls@TEndDragEvent
 0001:0003A870      @$xp$22Forms@TCloseQueryEvent
 0001:000383CB      @$xp$22Forms@TCustomFormClass
 0001:000077D8      @$xp$22Forms@TFormBorderStyle
 0001:0001B260      @$xp$22Menus@TMenuChangeEvent
 0001:000888FC      @$xp$22Outline@TCustomOutline
 0001:00009818      @$xp$22Outline@TOutlineOption
 0001:0007F7FA      @$xp$22System@PInterfaceEntry
 0001:0007F7FA      @$xp$22System@PInterfaceTable
 0001:0007F838      @$xp$22System@PUnitEntryTable
 0001:0007F7FA      @$xp$22System@TInterfaceEntry
 0001:0007F7FA      @$xp$22System@TInterfaceTable
 0001:0007A4B8      @$xp$22Sysutils@TMbcsByteType
 0001:0006DB80      @$xp$23Classes@IDesignerNotify
 0001:0006D424      @$xp$23Classes@IStringsAdapter
 0001:0006CA59      @$xp$23Classes@PStringItemList
 0001:0006CA0C      @$xp$23Classes@TCollectionItem
 0001:0006CA5C      @$xp$23Classes@TStringItemList
 0001:0004C543      @$xp$23Controls@PDockNotifyRec
 0001:0004C9A8      @$xp$23Controls@TControlCanvas
 0001:0004DD40      @$xp$23Controls@TCustomControl
 0001:0004CE94      @$xp$23Controls@TDockDropEvent
 0001:0004C543      @$xp$23Controls@TDockNotifyRec
 0001:0004CEE8      @$xp$23Controls@TDockOverEvent
 0001:0004C6D8      @$xp$23Controls@TDockTreeClass
 0001:0004CDBC      @$xp$23Controls@TDragDropEvent
 0001:0004DF38      @$xp$23Controls@TDragImageList
 0001:0004CD4C      @$xp$23Controls@TDragOverEvent
 0001:0004CD1C      @$xp$23Controls@TKeyPressEvent
 0001:0000E644      @$xp$23Cspin@TTimerSpeedButton
 0001:00039064      @$xp$23Forms@TControlScrollBar
 0001:000383A8      @$xp$23Forms@TCustomFrameClass
 0001:0002DE4C      @$xp$23Graphics@TProgressEvent
 0001:0001B3D0      @$xp$23Menus@TMenuItemAutoFlag
 0001:0001870C      @$xp$23Stdctrls@TButtonControl
 0001:0007F838      @$xp$23System@PackageInfoTable
 0001:0007F838      @$xp$23System@PackageUnitEntry
 0001:0007F826      @$xp$23System@TInterfacedClass
 0001:0007A55D      @$xp$23Sysutils@TTerminateProc
 0001:0006CA80      @$xp$24Classes@TBasicActionLink
 0001:0006C9E3      @$xp$24Classes@TListSortCompare
 0001:0006CA09      @$xp$24Classes@TPersistentClass
 0001:000607B8      @$xp$24Comctrls@TDrawPanelEvent
 0001:0004C543      @$xp$24Controls@TCMUnDockClient
 0001:0004D078      @$xp$24Controls@TCanResizeEvent
 0001:0004CAD4      @$xp$24Controls@TConstraintSize
 0001:0004DBF8      @$xp$24Controls@TGraphicControl
 0001:0004CC8C      @$xp$24Controls@TMouseMoveEvent
 0001:0004CFBC      @$xp$24Controls@TStartDockEvent
 0001:0004CE08      @$xp$24Controls@TStartDragEvent
 0001:0004A218      @$xp$24Dialogs@TFindReplaceFunc
 0001:0002D9C4      @$xp$24Graphics@IChangeNotifier
 0001:0002D5C4      @$xp$24Graphics@TFontStylesBase
 0001:0002D998      @$xp$24Graphics@TGraphicsObject
 0001:00012F68      @$xp$24Imglist@TCustomImageList
 0001:0001B2AC      @$xp$24Menus@TMenuDrawItemEvent
 0001:0007F7FC      @$xp$24System@TInterfacedObject
 0001:00014C50      @$xp$25Actnlist@TActionLinkClass
 0001:00014BD8      @$xp$25Actnlist@TContainedAction
 0001:0006CAD2      @$xp$25Classes@TBasicActionClass
 0001:0006038A      @$xp$25Comctrls@TConversionClass
 0001:0006185C      @$xp$25Comctrls@TIconArrangement
 0001:000618F4      @$xp$25Comctrls@TToolButtonStyle
 0001:0004C6B0      @$xp$25Controls@TForEachZoneProc
 0001:0004C6AE      @$xp$25Controls@THintWindowClass
 0001:0004D150      @$xp$25Controls@TMouseWheelEvent
 0001:0004CB6C      @$xp$25Controls@TSizeConstraints
 0001:0004A504      @$xp$25Dialogs@TIncludeItemEvent
 0001:0007A55D      @$xp$25Sysutils@TPackageInfoProc
 0001:00014DD0      @$xp$26Actnlist@TCustomActionList
 0001:0006038A      @$xp$26Comctrls@PConversionFormat
 0001:0006038C      @$xp$26Comctrls@TConversionFormat
 0001:00060530      @$xp$26Comctrls@TStatusPanelBevel
 0001:000604F8      @$xp$26Comctrls@TStatusPanelStyle
 0001:0004D000      @$xp$26Controls@TGetSiteInfoEvent
 0001:000393D4      @$xp$26Forms@TScrollingWinControl
 0001:0007F838      @$xp$26System@GetPackageInfoTable
 0001:00008EE4      @$xp$27Cdiroutl@TCDirectoryOutline
 0001:0006047C      @$xp$27Comctrls@TDTParseInputEvent
 0001:00062038      @$xp$27Comctrls@TTBCustomDrawEvent
 0001:0004D228      @$xp$27Controls@TContextPopupEvent
 0001:0004C544      @$xp$27Controls@TControlActionLink
 0001:0001B370      @$xp$27Menus@TMenuMeasureItemEvent
 0001:0007B890      @$xp$27Sysutils@TActiveThreadArray
 0001:0006CA35      @$xp$28Classes@TCollectionItemClass
 0001:0006CAF8      @$xp$28Classes@TFindGlobalComponent
 0001:000603B3      @$xp$28Comctrls@PRichEditStreamInfo
 0001:000603B3      @$xp$28Comctrls@TRichEditStreamInfo
 0001:0004C543      @$xp$28Controls@TCMDockNotification
 0001:0006CAAA      @$xp$29Classes@TBasicActionLinkClass
 0001:00061020      @$xp$29Comctrls@TTrackBarOrientation
 0001:00014C26      @$xp$30Actnlist@TContainedActionClass
 0001:0006CA7D      @$xp$30Classes@TStringListSortCompare
 0001:00062088      @$xp$30Comctrls@TTBCustomDrawBtnEvent
 0001:0006044C      @$xp$30Comctrls@TToolButtonActionLink
 0001:0004C658      @$xp$30Controls@TWinControlActionLink
 0001:0004D1C4      @$xp$31Controls@TMouseWheelUpDownEvent
 0001:000611F0      @$xp$32Comctrls@TProgressBarOrientation
 0001:0004D0D4      @$xp$32Controls@TConstrainedResizeEvent
 0001:0004C571      @$xp$32Controls@TControlActionLinkClass
 0001:0001B308      @$xp$32Menus@TAdvancedMenuDrawItemEvent
 0001:0002D590      @$xp$33Graphics@EInvalidGraphicOperation
 0001:000620F8      @$xp$35Comctrls@TTBAdvancedCustomDrawEvent
 0001:0006047C      @$xp$35Comctrls@TToolButtonActionLinkClass
 0001:0004C688      @$xp$35Controls@TWinControlActionLinkClass
 0001:00062168      @$xp$38Comctrls@TTBAdvancedCustomDrawBtnEvent
 0001:0000428C      @$xp$48System@%Set$t20Controls@TAnchorKind$iuc$0$iuc$3%
 0001:000096D8      @$xp$50System@%Set$t22Outline@TOutlineOption$iuc$0$iuc$2%
 0001:0000359C      @$xp$6TForm1
 0001:000051D4      @$xp$6TForm2
 0001:0007F7E4      @$xp$7HRESULT
 0001:0000AEA8      @$xp$7TCGauge
 0001:000808E4      @$xp$8IUnknown
 0001:00012528      @$xp$9TTrayIcon
 0001:0000783C      @$xp$i
 0001:0000447C      @$xp$l
 0001:0000429C      @$xp$o
 0001:0000430C      @$xp$s
 0001:00004320      @$xp$ynpqqrp14System@TObject$v
 0001:00004504      @$xp$ynpqqrp14System@TObject21Controls@TMouseButton46System@%Set$t18Classes@Classes__1$iuc$0$iuc$6%ii$v
 0001:00004564      @$xp$ynpqqrp14System@TObject46System@%Set$t18Classes@Classes__1$iuc$0$iuc$6%ii$v
 0001:00009644      @$xp$ynpqqrp14System@TObjecti$v
 0001:000044D8      @$xp$ynpqqrp14System@TObjectrc$v
 0001:0000442C      @$xp$ynpqqrp14System@TObjectrp20Controls@TDragObject$v
 0001:000043F0      @$xp$ynpqqrp14System@TObjectrp24Controls@TDragDockObject$v
 0001:00004490      @$xp$ynpqqrp14System@TObjectrus46System@%Set$t18Classes@Classes__1$iuc$0$iuc$6%$v
 0001:00004340      @$xp$ynpqqrp14System@TObjectt1ii$v
 0001:00004388      @$xp$ynpqqrp14System@TObjectt1ii19Controls@TDragStatero$v
 0001:00009670      @$xp$ynpqqrp20Controls@TWinControlirx13Windows@TRect47System@%Set$t18Windows@Windows__1$iuc$0$iuc$12%$v
 0001:00086718      @$xp$ynpqqruiuil$i
 0001:00006348      @$xt$10TAboutForm
 0001:0000ADE4      @$xt$10TBltBitmap
 0001:00007154      @$xt$10TCCalendar
 0001:00086390      @$xt$10TExeDialog
 0001:00001B64      @$xt$10std@locale
 0001:000032A8      @$xt$11Forms@TForm
 0001:0000C84C      @$xt$11TCColorGrid
 0001:00003554      @$xt$11THandleList
 0001:000030B8      @$xt$11_RWSTDGuard
 0001:00004954      @$xt$11_RWSTDMutex
 0001:00088494      @$xt$12TExeResource
 0001:0008DA74      @$xt$12std@bad_cast
 0001:00004630      @$xt$12std@ios_base
 0001:00003234      @$xt$13std@%ctype$c%
 0001:0008D07C      @$xt$13std@bad_alloc
 0001:0008D12C      @$xt$13std@exception
 0001:00097720      @$xt$13std@mbstate_t
 0001:0009CF3C      @$xt$13std@type_info
 0001:00012954      @$xt$14Graphics@TIcon
 0001:0000052C      @$xt$14System@TObject
 0001:0001236C      @$xt$14Windows@TPoint
 0001:0008DA94      @$xt$14std@bad_typeid
 0001:00004834      @$xt$14std@ctype_base
 0001:0009CF88      @$xt$14type_info_hash
 0001:0000F1B8      @$xt$15Extctrls@TTimer
 0001:00087A74      @$xt$15TExeInformation
 0001:00099A74      @$xt$15__rwstd@__rwcat
 0001:0008FB80      @$xt$15std@logic_error
 0001:0000E5E8      @$xt$16Cspin@TCSpinEdit
 0001:0000468C      @$xt$16Graphics@TBitmap
 0001:000979CC      @$xt$16std@%numpunct$c%
 0001:00097B74      @$xt$16std@codecvt_base
 0001:00098858      @$xt$16std@domain_error
 0001:00090708      @$xt$16std@length_error
 0001:000047D8      @$xt$16std@locale@facet
 0001:00090604      @$xt$16std@out_of_range
 0001:00004EC4      @$xt$17Controls@TControl
 0001:00004764      @$xt$17Forms@TCustomForm
 0001:00004BB4      @$xt$17Graphics@TGraphic
 0001:0000787C      @$xt$17Grids@TCustomGrid
 0001:000003E8      @$xt$17System@AnsiString
 0001:00010A70      @$xt$17TPerformanceGraph
 0001:00004A24      @$xt$17__rwstd@facet_imp
 0001:0009838C      @$xt$17std@ios_base@Init
 0001:0009A8B4      @$xt$17std@runtime_error
 0001:00099ACC      @$xt$182std@%map$i60std@%basic_string$c19std@%char_traits$c%17std@%allocator$c%%12std@%less$i%93std@%allocator$75std@%pair$xi60std@%basic_string$c19std@%char_traits$c%17std@%allocator$c%%%%%
 0001:00004F94      @$xt$18Classes@TComponent
 0001:000048F8      @$xt$18Cspin@TCSpinButton
 0001:000A85EC      @$xt$18Sysutils@EControlC
 0001:00010960      @$xt$18Sysutils@EExternal
 0001:000109BC      @$xt$18Sysutils@EIntError
 0001:000A846C      @$xt$18Sysutils@EOverflow
 0001:00000438      @$xt$18Sysutils@Exception
 0001:0009B3F4      @$xt$18__rwstd@locale_imp
 0001:00004CEC      @$xt$19Classes@TPersistent
 0001:000A82EC      @$xt$19Sysutils@EDivByZero
 0001:000A83AC      @$xt$19Sysutils@EInvalidOp
 0001:000A86AC      @$xt$19Sysutils@EMathError
 0001:000A858C      @$xt$19Sysutils@EPrivilege
 0001:000A84C8      @$xt$19Sysutils@EUnderflow
[...]
 0002:0000CEA0      @_$DCJD$@System@AnsiString@$bctr$qqrc
 0002:0000CEB0      @_$ECTKD$@System@AnsiString@$bctr$qqrc
 0002:0000CEC4      @_$DCPD$@System@AnsiString@$bctr$qqri
 0002:0000CED4      @_$ECTQD$@System@AnsiString@$bctr$qqri
 0002:0000CEE8      @_$DCRD$@System@AnsiString@$bctr$qqrui
 0002:0000CEF8      @_$ECTSD$@System@AnsiString@$bctr$qqrui
 0002:0000CF0C      @_$DCDE$@System@AnsiString@$badd$xqqrrx17System@AnsiString
 0002:0000CF4C      @_$ECTEE$@System@AnsiString@$badd$xqqrrx17System@AnsiString
 0002:0000CF84      @_$DCHE$@System@AnsiString@AnsiCompareIC$xqqrrx17System@AnsiString
 0002:0000CFA0      @_$ECTIE$@System@AnsiString@AnsiCompareIC$xqqrrx17System@AnsiString
 0002:0000CFB4      @_$DCFF$@System@AnsiString@UpperCase$xqqrv
 0002:0000CFEC      @_$ECTGF$@System@AnsiString@UpperCase$xqqrv
 0002:0000D00C      @_$DCNF$@System@AnsiString@SubString$xqqrii
 0002:0000D064      @_$ECTOF$@System@AnsiString@SubString$xqqrii
 0002:0000D09C      @_$DCPF$@System@AnsiString@ToInt$xqqrv
 0002:0000D0AC      @_$ECTQF$@System@AnsiString@ToInt$xqqrv
 0002:0000D0C0      @_$DCXF$@System@AnsiString@AnsiPos$xqqrrx17System@AnsiString
 0002:0000D0DC      @_$ECTYF$@System@AnsiString@AnsiPos$xqqrrx17System@AnsiString
 0002:0000D0F0      @_$DCZF$@System@AnsiString@IsPathDelimiter$xqqri
 0002:0000D100      @_$ECTAG$@System@AnsiString@IsPathDelimiter$xqqri
 0002:0000D114      @_$DCHG$@System@$badd$qqrpxcrx17System@AnsiString
 0002:0000D154      @_$ECTIG$@System@$badd$qqrpxcrx17System@AnsiString
 0002:0000D18C      @_$DCWC$@System@LoadResourceString$qqrxpx21System@ResourceString
 0002:0000D1CC      @_$ECTXC$@System@LoadResourceString$qqrxpx21System@ResourceString
 0002:0000D204      @D2277_1
 0002:0000D214      @_$DCWC$@__LateVCLInit$qqsv
 0002:0000D244      @_$ECTXC$@__LateVCLInit$qqsv
 0002:0000D270      __indStub:115
 0002:0000D274      __indStub:116
 0002:0000D278      __indStub:117
 0002:0000D27C      __indStub:99
 0002:0000D280      __indStub:119
 0002:0000D284      __indStub:6106
 0002:0000D288      __indStub:7843
 0002:0000D28C      __indStub:1791
 0002:0000D290      __indStub:7772
 0002:0000D294      __indStub:4933
 0002:0000D298      __indStub:7153
 0002:0000D29C      __indStub:7154
 0002:0000D2A0      __indStub:7155
 0002:0000D2A4      __indStub:7165
 0002:0000D2A8      __indStub:7161
 0002:0000D2AC      __indStub:7162
 0002:0000D2B0      __indStub:6101
 0002:0000D2B4      __indStub:7152
 0002:0000D2B8      __indStub:8961
 0002:0000D2BC      __indStub:7779
 0002:0000D2C0      __indStub:7776
 0002:0000D2C4      __indStub:7771
 0002:0000D2C8      __indStub:7773
 0002:0000D2CC      __indStub:7777
 0002:0000D2D0      __indStub:7778
 0002:0000D2D4      __indStub:6102
 0002:0000D2D8      __indStub:6103
 0002:0000D2DC      __indStub:6104
 0002:0000D2E0      __indStub:8234
 0002:0000D2E4      __indStub:6100
 0002:0000D2E8      __indStub:7775
 0002:0000D2EC      __indStub:8959
 0002:0000D2F0      __indStub:8960
 0002:0000D2F4      __indStub:7156
 0002:0000D2F8      __indStub:7157
 0002:0000D2FC      __indStub:7158
 0002:0000D300      __indStub:7159
 0002:0000D304      __indStub:8439
 0002:0000D308      __indStub:8440
 0002:0000D30C      __indStub:8441
 0002:0000D310      __indStub:8442
 0002:0000D314      __indStub:8443
 0002:0000D318      __indStub:8444
 0002:0000D31C      __indStub:8445
 0002:0000D320      __indStub:8446
 0002:0000D324      __indStub:8453
 0002:0000D328      __indStub:8447
 0002:0000D32C      __indStub:8448
 0002:0000D330      __indStub:8449
 0002:0000D334      __indStub:8450
 0002:0000D338      __indStub:8451
 0002:0000D33C      __indStub:8452
 0002:0000D340      __indStub:6082
 0002:0000D344      __indStub:6083
 0002:0000D348      __indStub:6084
 0002:0000D34C      __indStub:6085
 0002:0000D350      __indStub:6086
 0002:0000D354      __indStub:6087
 0002:0000D358      __indStub:6088
 0002:0000D35C      __indStub:6089
 0002:0000D360      __indStub:6090
 0002:0000D364      __indStub:6091
 0002:0000D368      __indStub:6092
 0002:0000D36C      __indStub:6093
 0002:0000D370      __indStub:6094
 0002:0000D374      __indStub:6095
 0002:0000D378      __indStub:6096
 0002:0000D37C      __indStub:6097
 0002:0000D380      __indStub:6098
 0002:0000D384      __indStub:6099
 0002:0000D388      __indStub:7166
 0002:0000D38C      __indStub:4932
 0002:0000D390      __indStub:7774
 0002:0000D394      __indStub:8962
 0002:0000D398      __indStub:8963
 0002:0000D39C      __indStub:8964
 0002:0000D3A0      __indStub:8965
 0002:0000D3A4      __indStub:9135
 0002:0000D3A8      __indStub:9301
 0002:0000D3AC      __indStub:9027
 0002:0000D3B0      __indStub:7857
 0002:0000D3B4      __indStub:7867
 0002:0000D3B8      __indStub:9043
 0002:0000D3BC      __indStub:9069
 0002:0000D3C0      __indStub:9155
 0002:0000D3C4      __indStub:9051
 0002:0000D3C8      __indStub:9053
 0002:0000D3CC      __indStub:9485
 0002:0000D3D0      __indStub:9358
 0002:0000D3D4      __indStub:9234
 0002:0000D3D8      __indStub:9057
 0002:0000D3DC      __indStub:9055
 0002:0000D3E0      __indStub:9033
 0002:0000D3E4      __indStub:9035
 0002:0000D3E8      __indStub:9045
 0002:0000D3EC      __indStub:9029
 0002:0000D3F0      __indStub:9031
 0002:0000D3F4      __indStub:9037
 0002:0000D3F8      __indStub:9039
 0002:0000D3FC      __indStub:9077
 0002:0000D400      __indStub:9085
 0002:0000D404      __indStub:9089
 0002:0000D408      __indStub:9079
 0002:0000D40C      __indStub:9087
 0002:0000D410      __indStub:9091
 0002:0000D414      __indStub:9065
 0002:0000D418      __indStub:9067
 0002:0000D41C      __indStub:9177
 0002:0000D420      __indStub:9171
 0002:0000D424      __indStub:9173
 0002:0000D428      __indStub:9175
 0002:0000D42C      __indStub:9169
 0002:0000D430      __indStub:9165
 0002:0000D434      __indStub:9163
 0002:0000D438      __indStub:9167
 0002:0000D43C      __indStub:9161
 0002:0000D440      __indStub:9159
 0002:0000D444      __indStub:7782
 0002:0000D448      __indStub:7783
 0002:0000D44C      __indStub:7785
 0002:0000D450      __indStub:7784
 0002:0000D454      __indStub:7765
 0002:0000D458      __indStub:7766
 0002:0000D45C      __indStub:7767
 0002:0000D460      __indStub:7769
 0002:0000D464      __indStub:13387
 0002:0000D468      __indStub:5108
 0002:0000D46C      __indStub:6161
 0002:0000D470      __indStub:6162
 0002:0000D474      __indStub:6164
 0002:0000D478      __indStub:1786
 0002:0000D47C      __indStub:5107
 0002:0000D480      __indStub:13613
 0002:0000D484      __indStub:13625
 0002:0000D488      __indStub:13672
 0002:0000D48C      __indStub:13674
 0002:0000D490      __indStub:13629
 0002:0000D494      __indStub:13702
 0002:0000D498      __indStub:13708
 0002:0000D49C      __indStub:13710
 0002:0000D4A0      __indStub:13686
 0002:0000D4A4      __indStub:13688
 0002:0000D4A8      __indStub:13712
 0002:0000D4AC      __indStub:13662
 0002:0000D4B0      __indStub:13700
 0002:0000D4B4      __indStub:13627
 0002:0000D4B8      __indStub:13658
 0002:0000D4BC      __indStub:13724
 0002:0000D4C0      __indStub:13726
 0002:0000D4C4      __indStub:13706
 0002:0000D4C8      __indStub:13704
 0002:0000D4CC      __indStub:13698
 0002:0000D4D0      __indStub:13696
 0002:0000D4D4      __indStub:13694
 0002:0000D4D8      __indStub:13684
 0002:0000D4DC      __indStub:13682
 0002:0000D4E0      __indStub:13680
 0002:0000D4E4      __indStub:13664
 0002:0000D4E8      __indStub:13666
 0002:0000D4EC      __indStub:13668
 0002:0000D4F0      __indStub:13660
 0002:0000D4F4      __indStub:13656
 0002:0000D4F8      __indStub:13654
 0002:0000D4FC      __indStub:13652
 0002:0000D500      __indStub:13650
 0002:0000D504      __indStub:13647
 0002:0000D508      __indStub:13645
 0002:0000D50C      __indStub:13643
 0002:0000D510      __indStub:13641
 0002:0000D514      __indStub:13639
 0002:0000D518      __indStub:13637
 0002:0000D51C      __indStub:13635
 0002:0000D520      __indStub:13633
 0002:0000D524      __indStub:13631
 0002:0000D528      __indStub:13804
 0002:0000D52C      __indStub:13802
 0002:0000D530      __indStub:13800
 0002:0000D534      __indStub:13798
 0002:0000D538      __indStub:13796
 0002:0000D53C      __indStub:13794
 0002:0000D540      __indStub:13792
 0002:0000D544      __indStub:13790
 0002:0000D548      __indStub:13788
 0002:0000D54C      __indStub:13786
 0002:0000D550      __indStub:13784
 0002:0000D554      __indStub:13782
 0002:0000D558      __indStub:13780
 0002:0000D55C      __indStub:13778
 0002:0000D560      __indStub:13776
 0002:0000D564      __indStub:13774
 0002:0000D568      __indStub:13772
 0002:0000D56C      __indStub:13770
 0002:0000D570      __indStub:13768
 0002:0000D574      __indStub:13766
 0002:0000D578      __indStub:13764
 0002:0000D57C      __indStub:13762
 0002:0000D580      __indStub:13760
 0002:0000D584      __indStub:13758
 0002:0000D588      __indStub:13756
 0002:0000D58C      __indStub:13754
 0002:0000D590      __indStub:13752
 0002:0000D594      __indStub:13750
 0002:0000D598      __indStub:13748
 0002:0000D59C      __indStub:13746
 0002:0000D5A0      __indStub:13744
 0002:0000D5A4      __indStub:13742
 0002:0000D5A8      __indStub:13740
 0002:0000D5AC      __indStub:13738
 0002:0000D5B0      __indStub:13736
 0002:0000D5B4      __indStub:13734
 0002:0000D5B8      __indStub:13732
 0002:0000D5BC      __indStub:13730
 0002:0000D5C0      __indStub:13678
 0002:0000D5C4      __indStub:13676
 0002:0000D5C8      __indStub:12071
 0002:0000D5CC      __indStub:14251
 0002:0000D5D0      __indStub:14250
 0002:0000D5D4      __indStub:14253
 0002:0000D5D8      __indStub:14254
 0002:0000D5DC      __indStub:14252
 0002:0000D5E0      __indStub:14255
 0002:0000D5E4      __indStub:14256
 0002:0000D5E8      __indStub:7965
 0002:0000D5EC      __indStub:77
 0002:0000D5F0      __indStub:7967
 0002:0000D5F4      __indStub:79
 0002:0000D5F8      __indStub:7966
 0002:0000D5FC      __indStub:81
 0002:0000D600      __indStub:80
 0002:0000D604      __indStub:14244
 0002:0000D608      __indStub:12076
 0002:0000D60C      __indStub:14768
 0002:0000D610      __indStub:14176
 0002:0000D614      __indStub:9107
 0002:0000D618      __indStub:9113
 0002:0000D61C      __indStub:9115
 0002:0000D620      __indStub:9117
 0002:0000D624      __indStub:9119
 0002:0000D628      __indStub:9121
 0002:0000D62C      __indStub:4482
 0002:0000D630      __indStub:4484
 0002:0000D634      __indStub:9210
 0002:0000D638      __indStub:9208
 0002:0000D63C      __indStub:9206
 0002:0000D640      __indStub:9212
 0002:0000D644      __indStub:9214
 0002:0000D648      __indStub:9651
 0002:0000D64C      __indStub:9346
 0002:0000D650      __indStub:9343
 0002:0000D654      __indStub:13875
 0002:0000D658      __indStub:9238
 0002:0000D65C      __indStub:9240
 0002:0000D660      __indStub:9254
 0002:0000D664      __indStub:9258
 0002:0000D668      __indStub:9248
 0002:0000D66C      __indStub:9252
 0002:0000D670      __indStub:9242
 0002:0000D674      __indStub:9256
 0002:0000D678      __indStub:9196
 0002:0000D67C      __indStub:9194
 0002:0000D680      __indStub:9198
 0002:0000D684      __indStub:14169
 0002:0000D688      __indStub:14166
 0002:0000D68C      __indStub:9244
 0002:0000D690      __indStub:9246
 0002:0000D698      __TLS_index
 0003:00000000      @Sysinit@ModuleIsLib
 0003:00000000      @Sysinit@B2_2
 0003:00000001      @Sysinit@ModuleIsPackage
 0003:00000002      @Sysinit@ModuleIsCpp
 0003:00000004      @Sysinit@TlsIndex
 0003:00000008      @Sysinit@TlsLast
 0003:0000000C      @Sysinit@HInstance
 0003:00000010      @Sysinit@DllProc
 0003:0000001C      @B4_2
 0003:0000001C      _Form1
 0003:00000020      @Unit2@B5_2
 0003:00000020      _Form2
 0003:00000024      @Unit2@B5_3
 0003:00000028      _AboutForm
 0003:00000028      @B6_2
 0003:0000002C      @Ccalendr@B57_3
 0003:00000030      @Cdiroutl@TCDirectoryOutline@InvalidIndex
 0003:00000034      @Cdiroutl@TCDirectoryOutline@RootIndex
 0003:00000038      @Cdiroutl@B59_3
 0003:0000003C      @Cgauges@B61_3
 0003:00000040      @Cgrid@B63_3
 0003:00000044      @Cspin@B64_3
 0003:00000048      @Perfgrap@B69_3
 0003:0000004C      @Trayicon@B71_3
 0003:00000050      @Contnrs@B77_1
 0003:00000054      @Urlmon@B83_2
 0003:00000058      @Stdactns@B87_2
 0003:0000005C      @Imglist@B89_2
 0003:00000060      @Actnlist@B91_2
 0003:00000064      @Toolwin@B125_2
 0003:00000068      @Typinfo@B131_2
 0003:0000006C      @Stdctrls@B133_2
 0003:00000070      @Printers@B157_2
 0003:00000074      @Menus@PopupList
 0003:00000074      @Menus@B166_2
 0003:00000078      @Menus@ShortCutItems
 0003:00000084      @Mask@B170_2
 0003:00000088      @Grids@B174_2
 0003:0000008C      @Graphics@SystemPalette16
 0003:0000008C      @Graphics@B175_2
 0003:000000EC      @Forms@B176_2
 0003:000000EC      @Forms@Application
 0003:000000F0      @Forms@Screen
 0003:00000110      @Extctrls@B192_2
 0003:00000114      @Dialogs@B195_2
 0003:00000150      @Controls@B203_2
 0003:00000150      @Controls@Mouse
 0003:00000154      @Controls@NewStyleControls
 0003:000001C0      @Consts@B205_1
 0003:000001C4      @Comstrs@B207_1
 0003:000001C8      @Comctrls@B209_2
 0003:000001FC      @Clipbrd@B216_1
 0003:000001FC      @Clipbrd@CF_PICTURE
 0003:000001FE      @Clipbrd@CF_COMPONENT
 0003:00000208      @Classes@GlobalNameSpace
 0003:00000208      @Classes@B217_2
 0003:0000020C      @Classes@FindGlobalComponent
 0003:00000244      @Buttons@B220_2
 0003:00000274      @Multimon@B227_1
 0003:00000274      @Multimon@GetSystemMetrics
 0003:00000278      @Multimon@MonitorFromWindow
 0003:0000027C      @Multimon@MonitorFromRect
 0003:00000280      @Multimon@MonitorFromPoint
 0003:00000284      @Multimon@GetMonitorInfoA
 0003:00000288      @Multimon@GetMonitorInfoW
 0003:0000028C      @Multimon@GetMonitorInfo
 0003:00000290      @Multimon@EnumDisplayMonitors
 0003:000002A8      @Flatsb@FlatSB_EnableScrollBar
 0003:000002A8      @Flatsb@B228_1
 0003:000002AC      @Flatsb@FlatSB_ShowScrollBar
 0003:000002B0      @Flatsb@FlatSB_GetScrollRange
 0003:000002B4      @Flatsb@FlatSB_GetScrollInfo
 0003:000002B8      @Flatsb@FlatSB_GetScrollPos
 0003:000002BC      @Flatsb@FlatSB_SetScrollPos
 0003:000002C0      @Flatsb@FlatSB_SetScrollInfo
 0003:000002C4      @Flatsb@FlatSB_SetScrollRange
 0003:000002DC      @Winspool@B232_1
 0003:000002E0      @Wininet@B236_1
 0003:000002E4      @Windows@B237_2
 0003:000002E8      @Shlobj@B240_2
 0003:000002EC      @Shellapi@B247_1
 0003:000002F0      @Richedit@B248_1
 0003:000002F4      @Regstr@B249_1
 0003:000002F8      @Activex@B254_2
 0003:000002FC      @Messages@B259_1
 0003:00000300      @Imm@B268_1
 0003:00000304      @Dlgs@B269_1
 0003:00000308      @Commdlg@B272_1
 0003:0000030C      @Commctrl@B273_1
 0003:00000318      @Math@B274_2
 0003:0000031C      @Sysconst@B281_1
 0003:00000320      @Sysutils@B282_2
 0003:00000320      @Sysutils@CurrencyString
 0003:00000324      @Sysutils@CurrencyFormat
 0003:00000325      @Sysutils@NegCurrFormat
 0003:00000326      @Sysutils@ThousandSeparator
 0003:00000327      @Sysutils@DecimalSeparator
 0003:00000328      @Sysutils@CurrencyDecimals
 0003:00000329      @Sysutils@DateSeparator
 0003:0000032C      @Sysutils@ShortDateFormat
 0003:00000330      @Sysutils@LongDateFormat
 0003:00000334      @Sysutils@TimeSeparator
 0003:00000338      @Sysutils@TimeAMString
 0003:0000033C      @Sysutils@TimePMString
 0003:00000340      @Sysutils@ShortTimeFormat
 0003:00000344      @Sysutils@LongTimeFormat
 0003:00000348      @Sysutils@ShortMonthNames
 0003:00000378      @Sysutils@LongMonthNames
 0003:000003A8      @Sysutils@ShortDayNames
 0003:000003C4      @Sysutils@LongDayNames
 0003:000003E0      @Sysutils@SysLocale
 0003:000003EC      @Sysutils@EraNames
 0003:00000408      @Sysutils@EraYearOffsets
 0003:00000424      @Sysutils@ListSeparator
 0003:0000043C      @System@B284_2
 0003:0000043C      @System@ExceptProc
 0003:00000440      @System@ErrorProc
 0003:00000444      @System@ExceptClsProc
 0003:00000448      @System@ExceptObjProc
 0003:0000044C      @System@ExceptionClass
 0003:00000450      @System@SafeCallErrorProc
 0003:00000454      @System@AssertErrorProc
 0003:00000458      @System@AbstractErrorProc
 0003:0000045C      @System@HPrevInst
 0003:00000460      @System@MainInstance
 0003:00000464      @System@MainThreadID
 0003:00000468      @System@IsLibrary
 0003:0000046C      @System@CmdShow
 0003:00000470      @System@CmdLine
 0003:00000474      @System@InitProc
 0003:00000478      @System@ExitCode
 0003:0000047C      @System@ExitProc
 0003:00000480      @System@ErrorAddr
 0003:00000484      @System@RandSeed
 0003:00000488      @System@IsConsole
 0003:00000489      @System@IsMultiThread
 0003:0000048A      @System@FileMode
 0003:0000048B      @System@Test8086
 0003:0000048C      @System@Test8087
 0003:0000048D      @System@TestFDIV
 0003:00000490      @System@Input
 0003:0000065C      @System@Output
 0003:00000828      @System@ClearAnyProc
 0003:0000082C      @System@ChangeAnyProc
 0003:00000830      @System@RefAnyProc
 0003:00000834      @System@Unassigned
 0003:00000844      @System@Null
 0003:00000854      @System@EmptyParam
 0003:00000864      @System@AllocMemCount
 0003:00000868      @System@AllocMemSize
 0003:00000910      @Exedlg@B299_2
 0003:00000914      @Exedlg@B299_3
 0003:00000918      @Exeinfo@B301_3
 0003:0000091C      @Exeres@B304_3
 0003:00000920      @Outline@B314_2
 0003:00000924      __new_handler
 0003:00000924      @B503_2
 0003:00000928      ___bad_alloc
 0003:0000092C      __bormm_pfn_FreeMem
 0003:0000092C      @B525_2
 0003:00000930      __bormm_pfn_GetMem
 0003:00000934      __bormm_pfn_ReallocMem
 0003:00000938      __bormm_pfn_HeapAddRef
 0003:0000093C      __bormm_pfn_HeapRelease
 0003:00000944      @B543_0
 0003:00000944      ___Must_Link_VCL_Apps_With_The_CP32MT_Or_CP32MTI_RTL
 0003:00000948      @B553_2
 0003:00000974      @B567_2
 0003:00000990      @B569_2
 0003:00000ABC      @std@cin
 0003:00000B20      @std@cout
 0003:00000B80      @std@cerr
 0003:00000BE0      @std@clog
 0003:00000C48      @std@ios_base@Init@__initcnt
 0003:00000C4C      @B596_2
 0003:00000C54      @B598_2
 0003:00000C74      @__rwstd@locale_id_imp@__last_used_id
 0003:00000C78      @std@locale@__the_classic_locale
 0003:00000C7C      @std@locale@__the_native_locale
 0003:00000C80      @std@locale@__global
 0003:00000C84      @__rwstd@__rw_error_msg_mutex
 0003:00000C84      @B614_2
 0003:00000CA0      @B822_2
 0003:000010B0      __DestructorCountPtr
 0003:000010B0      @B826_2
 0003:000010B8      @B832_2
 0003:000010B8      __HandlerPtr
 0003:000010BC      __UserHandlerPtr
 0003:000010C0      @B1022_1
 0003:000010C0      __pidtab
 0003:00001188      __handles
 0003:00001250      @B1096_2
 0003:00001258      @B1198_2
 0003:00001260      __mbctype
 0003:00001260      @B1736_2
 0003:00001364      __mbcsCodePage
 0003:00001368      @B1872_2
 0003:00001468      @B1888_2
 0003:00001484      __ostype
 0003:00001484      @B1900_2
 0003:00001488      @B1982_2
 0003:00001488      __argv
 0003:00001494      @B1984_2
 0003:00001498      @B1986_2
 0003:0000149C      __environ
 0003:0000149C      @B2058_2
 0003:000014A4      __envsize
 0003:000014A8      __env_lock
 0003:000014AC      __C0argc
 0003:000014AC      @B2079_1
 0003:000014B0      __C0argv
 0003:000014B4      __C0environ
 0003:000014B8      __oscmd
 0003:000014BC      __osenv
 0003:000014C0      __argc
 0003:000014C4      __dll_table
 0003:000014CC      __ExcRegPtr
 0003:000014D0      __wosenv
 0003:000014D4      __woscmd
 0003:000014D8      ___exit_lock
 0003:000014DC      __wC0argv
 0003:000014E0      __wC0environ
 0003:000014E4      __exe_table
 0003:000014EC      __stkbase
 0003:000014F0      @B2103_2
 0003:000014F8      @B2109_2
 0003:000044FC      @B2187_2
 0003:00004500      ___pCPPdebugHook
 0004:00000000      @Classes@T217_3
 0004:00000008      @System@T284_3
 0004:00000010      ___xxInfo
 0004:00000010      @T826_3
 0004:000000AC      __stkindex
 0004:000000AC      @T2095_1
 0004:000000B0      __tlsindex
