
 Start         Length     Name                   Class
 0001:00401000 0000ABF04H _TEXT                  CODE
 0002:004AD000 00000DB18H _DATA                  DATA
 0003:004BAB18 000004530H _BSS                   BSS
 0004:00000000 0000000B4H _TLS                   TLS


Detailed map of segments
 0001:00000000 0000014F C=CODE    S=_TEXT    G=(none)   M=C:\PROGRAM FILES\BORLAND\CBUILDER5\LIB\C0W32.OBJ ACBP=A9
 0001:0000014F 00000171 C=CODE    S=_TEXT    G=(none)   M=C:\PROGRAM FILES\BORLAND\CBUILDER5\LIB\OBJ\SYSINIT.OBJ ACBP=A9
 0001:000002C0 000002D0 C=CODE    S=_TEXT    G=(none)   M=D:\STASIEK\MY PROJECTS\OBSOLETE\PROGS\QONVERTER.VCL\TEAIMAGE.OBJ ACBP=A9
 0001:00000590 00004AB4 C=CODE    S=_TEXT    G=(none)   M=D:\STASIEK\MY PROJECTS\OBSOLETE\PROGS\QONVERTER.VCL\UNIT1.OBJ ACBP=A9
 0001:00005044 00000D58 C=CODE    S=_TEXT    G=(none)   M=D:\STASIEK\MY PROJECTS\OBSOLETE\PROGS\QONVERTER.VCL\UNIT2.OBJ ACBP=A9
 0001:00005D9C 00000770 C=CODE    S=_TEXT    G=(none)   M=D:\STASIEK\MY PROJECTS\OBSOLETE\FORM_TEMPLATES\ABOUT_FRM.OBJ ACBP=A9
 0001:000064C0 00001568 C=CODE    S=_TEXT    G=(none)   M=C:\PROGRAM FILES\BORLAND\CBUILDER5\LIB\BCBSMP50.LIB|.\CCALENDR.CPP ACBP=A9
 0001:00007A28 00001F30 C=CODE    S=_TEXT    G=(none)   M=C:\PROGRAM FILES\BORLAND\CBUILDER5\LIB\BCBSMP50.LIB|.\cdiroutl.cpp ACBP=A9
 0001:00009958 00001A20 C=CODE    S=_TEXT    G=(none)   M=C:\PROGRAM FILES\BORLAND\CBUILDER5\LIB\BCBSMP50.LIB|.\CGAUGES.CPP ACBP=A9
 0001:0000B378 00001C54 C=CODE    S=_TEXT    G=(none)   M=C:\PROGRAM FILES\BORLAND\CBUILDER5\LIB\BCBSMP50.LIB|.\CGRID.CPP ACBP=A9
 0001:0000CFCC 00002334 C=CODE    S=_TEXT    G=(none)   M=C:\PROGRAM FILES\BORLAND\CBUILDER5\LIB\BCBSMP50.LIB|.\CSPIN.CPP ACBP=A9
 0001:0000F300 00001C18 C=CODE    S=_TEXT    G=(none)   M=C:\PROGRAM FILES\BORLAND\CBUILDER5\LIB\BCBSMP50.LIB|.\PERFGRAP.CPP ACBP=A9
 0001:00010F18 00001B60 C=CODE    S=_TEXT    G=(none)   M=C:\PROGRAM FILES\BORLAND\CBUILDER5\LIB\BCBSMP50.LIB|.\Trayicon.cpp ACBP=A9
 0001:00012A78 00000240 C=CODE    S=_TEXT    G=(none)   M=C:\PROGRAM FILES\BORLAND\CBUILDER5\LIB\DEBUG\VCL50.LIB|Contnrs ACBP=A9
 0001:00012CB8 00000038 C=CODE    S=_TEXT    G=(none)   M=C:\PROGRAM FILES\BORLAND\CBUILDER5\LIB\DEBUG\VCL50.LIB|UrlMon ACBP=A9
 0001:00012CF0 00000170 C=CODE    S=_TEXT    G=(none)   M=C:\PROGRAM FILES\BORLAND\CBUILDER5\LIB\DEBUG\VCL50.LIB|StdActns ACBP=A9
 0001:00012E60 00001E08 C=CODE    S=_TEXT    G=(none)   M=C:\PROGRAM FILES\BORLAND\CBUILDER5\LIB\DEBUG\VCL50.LIB|ImgList ACBP=A9
 0001:00014C68 0000137C C=CODE    S=_TEXT    G=(none)   M=C:\PROGRAM FILES\BORLAND\CBUILDER5\LIB\DEBUG\VCL50.LIB|ActnList ACBP=A9
 0001:00015FE4 00000C64 C=CODE    S=_TEXT    G=(none)   M=C:\PROGRAM FILES\BORLAND\CBUILDER5\LIB\DEBUG\VCL50.LIB|ToolWin ACBP=A9
 0001:00016C48 0000060C C=CODE    S=_TEXT    G=(none)   M=C:\PROGRAM FILES\BORLAND\CBUILDER5\LIB\DEBUG\VCL50.LIB|TypInfo ACBP=A9
 0001:00017254 00003FC8 C=CODE    S=_TEXT    G=(none)   M=C:\PROGRAM FILES\BORLAND\CBUILDER5\LIB\DEBUG\VCL50.LIB|StdCtrls ACBP=A9
 0001:0001B21C 00000044 C=CODE    S=_TEXT    G=(none)   M=C:\PROGRAM FILES\BORLAND\CBUILDER5\LIB\DEBUG\VCL50.LIB|Printers ACBP=A9
 0001:0001B260 000074F3 C=CODE    S=_TEXT    G=(none)   M=C:\PROGRAM FILES\BORLAND\CBUILDER5\LIB\DEBUG\VCL50.LIB|Menus ACBP=A9
 0001:00022753 00003149 C=CODE    S=_TEXT    G=(none)   M=C:\PROGRAM FILES\BORLAND\CBUILDER5\LIB\DEBUG\VCL50.LIB|Mask ACBP=A9
 0001:0002589C 00007D84 C=CODE    S=_TEXT    G=(none)   M=C:\PROGRAM FILES\BORLAND\CBUILDER5\LIB\DEBUG\VCL50.LIB|Grids ACBP=A9
 0001:0002D620 0000ADF3 C=CODE    S=_TEXT    G=(none)   M=C:\PROGRAM FILES\BORLAND\CBUILDER5\LIB\DEBUG\VCL50.LIB|Graphics ACBP=A9
 0001:00038414 0000F30F C=CODE    S=_TEXT    G=(none)   M=C:\PROGRAM FILES\BORLAND\CBUILDER5\LIB\DEBUG\VCL50.LIB|Forms ACBP=A9
 0001:00047724 00002B84 C=CODE    S=_TEXT    G=(none)   M=C:\PROGRAM FILES\BORLAND\CBUILDER5\LIB\DEBUG\VCL50.LIB|ExtCtrls ACBP=A9
 0001:0004A2A8 000022C1 C=CODE    S=_TEXT    G=(none)   M=C:\PROGRAM FILES\BORLAND\CBUILDER5\LIB\DEBUG\VCL50.LIB|Dialogs ACBP=A9
 0001:0004C56C 000135B4 C=CODE    S=_TEXT    G=(none)   M=C:\PROGRAM FILES\BORLAND\CBUILDER5\LIB\DEBUG\VCL50.LIB|Controls ACBP=A9
 0001:0005FB20 00000460 C=CODE    S=_TEXT    G=(none)   M=C:\PROGRAM FILES\BORLAND\CBUILDER5\LIB\DEBUG\VCL50.LIB|Consts ACBP=A9
 0001:0005FF80 00000040 C=CODE    S=_TEXT    G=(none)   M=C:\PROGRAM FILES\BORLAND\CBUILDER5\LIB\DEBUG\VCL50.LIB|ComStrs ACBP=A9
 0001:0005FFC0 0000C5F4 C=CODE    S=_TEXT    G=(none)   M=C:\PROGRAM FILES\BORLAND\CBUILDER5\LIB\DEBUG\VCL50.LIB|ComCtrls ACBP=A9
 0001:0006C5B4 000006AC C=CODE    S=_TEXT    G=(none)   M=C:\PROGRAM FILES\BORLAND\CBUILDER5\LIB\DEBUG\VCL50.LIB|ClipBrd ACBP=A9
 0001:0006CC60 00009A1B C=CODE    S=_TEXT    G=(none)   M=C:\PROGRAM FILES\BORLAND\CBUILDER5\LIB\DEBUG\VCL50.LIB|Classes ACBP=A9
 0001:0007667B 00002806 C=CODE    S=_TEXT    G=(none)   M=C:\PROGRAM FILES\BORLAND\CBUILDER5\LIB\DEBUG\VCL50.LIB|Buttons ACBP=A9
 0001:00078E81 0000088E C=CODE    S=_TEXT    G=(none)   M=C:\PROGRAM FILES\BORLAND\CBUILDER5\LIB\DEBUG\VCL50.LIB|MultiMon ACBP=A9
 0001:0007970F 0000036C C=CODE    S=_TEXT    G=(none)   M=C:\PROGRAM FILES\BORLAND\CBUILDER5\LIB\DEBUG\VCL50.LIB|FlatSB ACBP=A9
 0001:00079A7B 00000039 C=CODE    S=_TEXT    G=(none)   M=C:\PROGRAM FILES\BORLAND\CBUILDER5\LIB\DEBUG\VCL50.LIB|Winspool ACBP=A9
 0001:00079AB4 00000038 C=CODE    S=_TEXT    G=(none)   M=C:\PROGRAM FILES\BORLAND\CBUILDER5\LIB\DEBUG\VCL50.LIB|Wininet ACBP=A9
 0001:00079AEC 000002E4 C=CODE    S=_TEXT    G=(none)   M=C:\PROGRAM FILES\BORLAND\CBUILDER5\LIB\DEBUG\VCL50.LIB|Windows ACBP=A9
 0001:00079DD0 00000038 C=CODE    S=_TEXT    G=(none)   M=C:\PROGRAM FILES\BORLAND\CBUILDER5\LIB\DEBUG\VCL50.LIB|ShlObj ACBP=A9
 0001:00079E08 00000038 C=CODE    S=_TEXT    G=(none)   M=C:\PROGRAM FILES\BORLAND\CBUILDER5\LIB\DEBUG\VCL50.LIB|ShellApi ACBP=A9
 0001:00079E40 00000038 C=CODE    S=_TEXT    G=(none)   M=C:\PROGRAM FILES\BORLAND\CBUILDER5\LIB\DEBUG\VCL50.LIB|RichEdit ACBP=A9
 0001:00079E78 00000038 C=CODE    S=_TEXT    G=(none)   M=C:\PROGRAM FILES\BORLAND\CBUILDER5\LIB\DEBUG\VCL50.LIB|RegStr ACBP=A9
 0001:00079EB0 00000038 C=CODE    S=_TEXT    G=(none)   M=C:\PROGRAM FILES\BORLAND\CBUILDER5\LIB\DEBUG\VCL50.LIB|ActiveX ACBP=A9
 0001:00079EE8 00000038 C=CODE    S=_TEXT    G=(none)   M=C:\PROGRAM FILES\BORLAND\CBUILDER5\LIB\DEBUG\VCL50.LIB|Messages ACBP=A9
 0001:00079F20 00000038 C=CODE    S=_TEXT    G=(none)   M=C:\PROGRAM FILES\BORLAND\CBUILDER5\LIB\DEBUG\VCL50.LIB|Imm ACBP=A9
 0001:00079F58 00000038 C=CODE    S=_TEXT    G=(none)   M=C:\PROGRAM FILES\BORLAND\CBUILDER5\LIB\DEBUG\VCL50.LIB|Dlgs ACBP=A9
 0001:00079F90 00000038 C=CODE    S=_TEXT    G=(none)   M=C:\PROGRAM FILES\BORLAND\CBUILDER5\LIB\DEBUG\VCL50.LIB|CommDlg ACBP=A9
 0001:00079FC8 000003C0 C=CODE    S=_TEXT    G=(none)   M=C:\PROGRAM FILES\BORLAND\CBUILDER5\LIB\DEBUG\VCL50.LIB|CommCtrl ACBP=A9
 0001:0007A388 00000090 C=CODE    S=_TEXT    G=(none)   M=C:\PROGRAM FILES\BORLAND\CBUILDER5\LIB\DEBUG\VCL50.LIB|Math ACBP=A9
 0001:0007A418 000002D0 C=CODE    S=_TEXT    G=(none)   M=C:\PROGRAM FILES\BORLAND\CBUILDER5\LIB\DEBUG\VCL50.LIB|SysConst ACBP=A9
 0001:0007A6E8 0000535C C=CODE    S=_TEXT    G=(none)   M=C:\PROGRAM FILES\BORLAND\CBUILDER5\LIB\DEBUG\VCL50.LIB|SysUtils ACBP=A9
 0001:0007FA44 000060A8 C=CODE    S=_TEXT    G=(none)   M=C:\PROGRAM FILES\BORLAND\CBUILDER5\LIB\DEBUG\VCL50.LIB|System ACBP=A9
 0001:00085AEC 00000D61 C=CODE    S=_TEXT    G=(none)   M=C:\PROGRAM FILES\BORLAND\CBUILDER5\LIB\DCLUSR50.LIB|C:\Program Files\Borland\CBuilder5\Projects\OBSOLETE\PACKAGES\ADVBAR.CPP ACBP=A9
 0001:0008684D 00000F3F C=CODE    S=_TEXT    G=(none)   M=C:\PROGRAM FILES\BORLAND\CBUILDER5\LIB\DCLUSR50.LIB|C:\Program Files\Borland\CBuilder5\Projects\OBSOLETE\PACKAGES\EXEDLG.CPP ACBP=A9
 0001:0008778C 00001630 C=CODE    S=_TEXT    G=(none)   M=C:\PROGRAM FILES\BORLAND\CBUILDER5\LIB\DCLUSR50.LIB|C:\Program Files\Borland\CBuilder5\Projects\OBSOLETE\PACKAGES\EXEINFO.CPP ACBP=A9
 0001:00088DBC 00000888 C=CODE    S=_TEXT    G=(none)   M=C:\PROGRAM FILES\BORLAND\CBUILDER5\LIB\DCLUSR50.LIB|C:\Program Files\Borland\CBuilder5\Projects\OBSOLETE\PACKAGES\EXERES.CPP ACBP=A9
 0001:00089644 000010CC C=CODE    S=_TEXT    G=(none)   M=C:\PROGRAM FILES\BORLAND\CBUILDER5\LIB\DCLUSR50.LIB|C:\Program Files\Borland\CBuilder5\Projects\OBSOLETE\PACKAGES\FRAMEPAN.CPP ACBP=A9
 0001:0008A710 0000495C C=CODE    S=_TEXT    G=(none)   M=C:\PROGRAM FILES\BORLAND\CBUILDER5\LIB\DEBUG\VCLX.LIB|Outline ACBP=A9
 0001:0008F06C 00000007 C=CODE    S=_TEXT    G=(none)   M=C:\PROGRAM FILES\BORLAND\CBUILDER5\LIB\VCL.LIB|vclstd ACBP=A9
 0001:0008F074 0000002B C=CODE    S=_TEXT    G=(none)   M=C:\PROGRAM FILES\BORLAND\CBUILDER5\LIB\CP32MT.LIB|calloc ACBP=A9
 0001:0008F0A0 0000000F C=CODE    S=_TEXT    G=(none)   M=C:\PROGRAM FILES\BORLAND\CBUILDER5\LIB\CP32MT.LIB|del ACBP=A9
 0001:0008F0B0 0000000F C=CODE    S=_TEXT    G=(none)   M=C:\PROGRAM FILES\BORLAND\CBUILDER5\LIB\CP32MT.LIB|delarray ACBP=A9
 0001:0008F0C0 000001B6 C=CODE    S=_TEXT    G=(none)   M=C:\PROGRAM FILES\BORLAND\CBUILDER5\LIB\CP32MT.LIB|new ACBP=A9
 0001:0008F278 0000000F C=CODE    S=_TEXT    G=(none)   M=C:\PROGRAM FILES\BORLAND\CBUILDER5\LIB\CP32MT.LIB|newarray ACBP=A9
 0001:0008F288 000000DB C=CODE    S=_TEXT    G=(none)   M=C:\PROGRAM FILES\BORLAND\CBUILDER5\LIB\CP32MT.LIB|setnew ACBP=A9
 0001:0008F35C 0000015F C=CODE    S=_TEXT    G=(none)   M=C:\PROGRAM FILES\BORLAND\CBUILDER5\LIB\CP32MT.LIB|vdelldtc ACBP=A9
 0001:0008F4BC 000001BB C=CODE    S=_TEXT    G=(none)   M=C:\PROGRAM FILES\BORLAND\CBUILDER5\LIB\CP32MT.LIB|vnewldtc ACBP=A9
 0001:0008F678 000001CD C=CODE    S=_TEXT    G=(none)   M=C:\PROGRAM FILES\BORLAND\CBUILDER5\LIB\CP32MT.LIB|hrdir_b ACBP=A9
 0001:0008F848 0000006F C=CODE    S=_TEXT    G=(none)   M=C:\PROGRAM FILES\BORLAND\CBUILDER5\LIB\CP32MT.LIB|hrdir_bh ACBP=A9
 0001:0008F8B8 00000020 C=CODE    S=_TEXT    G=(none)   M=C:\PROGRAM FILES\BORLAND\CBUILDER5\LIB\CP32MT.LIB|hrdir_mf ACBP=A9
 0001:0008F8D8 00000016 C=CODE    S=_TEXT    G=(none)   M=C:\PROGRAM FILES\BORLAND\CBUILDER5\LIB\CP32MT.LIB|hrdir_r ACBP=A9
 0001:0008F8F0 000000B8 C=CODE    S=_TEXT    G=(none)   M=C:\PROGRAM FILES\BORLAND\CBUILDER5\LIB\CP32MT.LIB|hrdir_s ACBP=A9
 0001:0008F9A8 00000001 C=CODE    S=_TEXT    G=(none)   M=C:\PROGRAM FILES\BORLAND\CBUILDER5\LIB\CP32MT.LIB|hrdir_us ACBP=A9
 0001:0008F9AC 00000095 C=CODE    S=_TEXT    G=(none)   M=C:\PROGRAM FILES\BORLAND\CBUILDER5\LIB\CP32MT.LIB|pheap ACBP=A9
 0001:0008FA41 00000042 C=CODE    S=_TEXT    G=(none)   M=C:\PROGRAM FILES\BORLAND\CBUILDER5\LIB\CP32MT.LIB|crtlvcl ACBP=A9
 0001:0008FA82 0000002F C=CODE    S=_TEXT    G=(none)   M=C:\PROGRAM FILES\BORLAND\CBUILDER5\LIB\CP32MT.LIB|syshook ACBP=A9
 0001:0008FAB4 00000114 C=CODE    S=_TEXT    G=(none)   M=C:\PROGRAM FILES\BORLAND\CBUILDER5\LIB\CP32MT.LIB|predecl ACBP=A9
 0001:0008FB9C 0000A305 C=CODE    S=_TEXT    G=(none)   M=C:\PROGRAM FILES\BORLAND\CBUILDER5\LIB\CP32MT.LIB|allstl ACBP=A9
 0001:00099E7C 000006A4 C=CODE    S=_TEXT    G=(none)   M=C:\PROGRAM FILES\BORLAND\CBUILDER5\LIB\CP32MT.LIB|ios ACBP=A9
 0001:0009A4C4 000001DD C=CODE    S=_TEXT    G=(none)   M=C:\PROGRAM FILES\BORLAND\CBUILDER5\LIB\CP32MT.LIB|iostream ACBP=A9
 0001:0009A645 0000000F C=CODE    S=_TEXT    G=(none)   M=C:\PROGRAM FILES\BORLAND\CBUILDER5\LIB\CP32MT.LIB|limits ACBP=A9
 0001:0009A64F 00000458 C=CODE    S=_TEXT    G=(none)   M=C:\PROGRAM FILES\BORLAND\CBUILDER5\LIB\CP32MT.LIB|byname ACBP=A9
 0001:0009AA9C 00000639 C=CODE    S=_TEXT    G=(none)   M=C:\PROGRAM FILES\BORLAND\CBUILDER5\LIB\CP32MT.LIB|char ACBP=A9
 0001:0009B0AC 00000416 C=CODE    S=_TEXT    G=(none)   M=C:\PROGRAM FILES\BORLAND\CBUILDER5\LIB\CP32MT.LIB|charby ACBP=A9
 0001:0009B480 00000A65 C=CODE    S=_TEXT    G=(none)   M=C:\PROGRAM FILES\BORLAND\CBUILDER5\LIB\CP32MT.LIB|rwcats ACBP=A9
 0001:0009BEE8 000016B6 C=CODE    S=_TEXT    G=(none)   M=C:\PROGRAM FILES\BORLAND\CBUILDER5\LIB\CP32MT.LIB|rwlocale ACBP=A9
 0001:0009D55B 000006DF C=CODE    S=_TEXT    G=(none)   M=C:\PROGRAM FILES\BORLAND\CBUILDER5\LIB\CP32MT.LIB|vendor ACBP=A9
 0001:0009DC20 000005C1 C=CODE    S=_TEXT    G=(none)   M=C:\PROGRAM FILES\BORLAND\CBUILDER5\LIB\CP32MT.LIB|stdexcpt ACBP=A9
 0001:0009E160 0000001E C=CODE    S=_TEXT    G=(none)   M=C:\PROGRAM FILES\BORLAND\CBUILDER5\LIB\CP32MT.LIB|memchr ACBP=A9
 0001:0009E180 00000024 C=CODE    S=_TEXT    G=(none)   M=C:\PROGRAM FILES\BORLAND\CBUILDER5\LIB\CP32MT.LIB|memcpy ACBP=A9
 0001:0009E1A4 0000004A C=CODE    S=_TEXT    G=(none)   M=C:\PROGRAM FILES\BORLAND\CBUILDER5\LIB\CP32MT.LIB|memmove ACBP=A9
 0001:0009E1F0 0000008A C=CODE    S=_TEXT    G=(none)   M=C:\PROGRAM FILES\BORLAND\CBUILDER5\LIB\CP32MT.LIB|memset ACBP=A9
 0001:0009E27C 00000018 C=CODE    S=_TEXT    G=(none)   M=C:\PROGRAM FILES\BORLAND\CBUILDER5\LIB\CP32MT.LIB|wmemset ACBP=A9
 0001:0009E294 0000003C C=CODE    S=_TEXT    G=(none)   M=C:\PROGRAM FILES\BORLAND\CBUILDER5\LIB\CP32MT.LIB|strcat ACBP=A9
 0001:0009E2D0 00000053 C=CODE    S=_TEXT    G=(none)   M=C:\PROGRAM FILES\BORLAND\CBUILDER5\LIB\CP32MT.LIB|strchr ACBP=A9
 0001:0009E324 0000005A C=CODE    S=_TEXT    G=(none)   M=C:\PROGRAM FILES\BORLAND\CBUILDER5\LIB\CP32MT.LIB|strlen ACBP=A9
 0001:0009E380 0000006E C=CODE    S=_TEXT    G=(none)   M=C:\PROGRAM FILES\BORLAND\CBUILDER5\LIB\CP32MT.LIB|strncat ACBP=A9
 0001:0009E3F0 00000027 C=CODE    S=_TEXT    G=(none)   M=C:\PROGRAM FILES\BORLAND\CBUILDER5\LIB\CP32MT.LIB|strncmp ACBP=A9
 0001:0009E418 0000000A C=CODE    S=_TEXT    G=(none)   M=C:\PROGRAM FILES\BORLAND\CBUILDER5\LIB\CP32MT.LIB|__strchr ACBP=A9
 0001:0009E424 0000000A C=CODE    S=_TEXT    G=(none)   M=C:\PROGRAM FILES\BORLAND\CBUILDER5\LIB\CP32MT.LIB|__strstr ACBP=A9
 0001:0009E430 0000006C C=CODE    S=_TEXT    G=(none)   M=C:\PROGRAM FILES\BORLAND\CBUILDER5\LIB\CP32MT.LIB|memcmp ACBP=A9
 0001:0009E49C 00000032 C=CODE    S=_TEXT    G=(none)   M=C:\PROGRAM FILES\BORLAND\CBUILDER5\LIB\CP32MT.LIB|strdup ACBP=A9
 0001:0009E4D0 0000004F C=CODE    S=_TEXT    G=(none)   M=C:\PROGRAM FILES\BORLAND\CBUILDER5\LIB\CP32MT.LIB|strncpy ACBP=A9
 0001:0009E520 00000054 C=CODE    S=_TEXT    G=(none)   M=C:\PROGRAM FILES\BORLAND\CBUILDER5\LIB\CP32MT.LIB|strstr ACBP=A9
 0001:0009E574 0000006E C=CODE    S=_TEXT    G=(none)   M=C:\PROGRAM FILES\BORLAND\CBUILDER5\LIB\CP32MT.LIB|strtok ACBP=A9
 0001:0009E5E4 00000018 C=CODE    S=_TEXT    G=(none)   M=C:\PROGRAM FILES\BORLAND\CBUILDER5\LIB\CP32MT.LIB|wcslen ACBP=A9
 0001:0009E5FC 0000003F C=CODE    S=_TEXT    G=(none)   M=C:\PROGRAM FILES\BORLAND\CBUILDER5\LIB\CP32MT.LIB|wcscpy ACBP=A9
 0001:0009E63C 00000070 C=CODE    S=_TEXT    G=(none)   M=C:\PROGRAM FILES\BORLAND\CBUILDER5\LIB\CP32MT.LIB|xxa ACBP=A9
 0001:0009E6AC 00000A42 C=CODE    S=_TEXT    G=(none)   M=C:\PROGRAM FILES\BORLAND\CBUILDER5\LIB\CP32MT.LIB|xxtype ACBP=A9
 0001:0009F0EE 000000B6 C=CODE    S=_TEXT    G=(none)   M=C:\PROGRAM FILES\BORLAND\CBUILDER5\LIB\CP32MT.LIB|xxut ACBP=A9
 0001:0009F190 0000014B C=CODE    S=_TEXT    G=(none)   M=C:\PROGRAM FILES\BORLAND\CBUILDER5\LIB\CP32MT.LIB|xxv ACBP=A9
 0001:0009F2DC 0000000A C=CODE    S=_TEXT    G=(none)   M=C:\PROGRAM FILES\BORLAND\CBUILDER5\LIB\CP32MT.LIB|defhandl ACBP=A9
 0001:0009F2E8 00000179 C=CODE    S=_TEXT    G=(none)   M=C:\PROGRAM FILES\BORLAND\CBUILDER5\LIB\CP32MT.LIB|except ACBP=A9
 0001:0009F464 00000046 C=CODE    S=_TEXT    G=(none)   M=C:\PROGRAM FILES\BORLAND\CBUILDER5\LIB\CP32MT.LIB|setexc ACBP=A9
 0001:0009F4AC 00000022 C=CODE    S=_TEXT    G=(none)   M=C:\PROGRAM FILES\BORLAND\CBUILDER5\LIB\CP32MT.LIB|ta ACBP=A9
 0001:0009F4D0 00000075 C=CODE    S=_TEXT    G=(none)   M=C:\PROGRAM FILES\BORLAND\CBUILDER5\LIB\CP32MT.LIB|__close ACBP=A9
 0001:0009F548 00000047 C=CODE    S=_TEXT    G=(none)   M=C:\PROGRAM FILES\BORLAND\CBUILDER5\LIB\CP32MT.LIB|__isatty ACBP=A9
 0001:0009F590 00000084 C=CODE    S=_TEXT    G=(none)   M=C:\PROGRAM FILES\BORLAND\CBUILDER5\LIB\CP32MT.LIB|__lseek ACBP=A9
 0001:0009F614 00000204 C=CODE    S=_TEXT    G=(none)   M=C:\PROGRAM FILES\BORLAND\CBUILDER5\LIB\CP32MT.LIB|__open ACBP=A9
 0001:0009F818 000001B2 C=CODE    S=_TEXT    G=(none)   M=C:\PROGRAM FILES\BORLAND\CBUILDER5\LIB\CP32MT.LIB|__read ACBP=A9
 0001:0009F9CC 00000204 C=CODE    S=_TEXT    G=(none)   M=C:\PROGRAM FILES\BORLAND\CBUILDER5\LIB\CP32MT.LIB|__wopen ACBP=A9
 0001:0009FBD0 00000132 C=CODE    S=_TEXT    G=(none)   M=C:\PROGRAM FILES\BORLAND\CBUILDER5\LIB\CP32MT.LIB|__write ACBP=A9
 0001:0009FD04 00000011 C=CODE    S=_TEXT    G=(none)   M=C:\PROGRAM FILES\BORLAND\CBUILDER5\LIB\CP32MT.LIB|_cfinfo ACBP=A9
 0001:0009FD18 00000042 C=CODE    S=_TEXT    G=(none)   M=C:\PROGRAM FILES\BORLAND\CBUILDER5\LIB\CP32MT.LIB|_flshall ACBP=A9
 0001:0009FD5C 00000061 C=CODE    S=_TEXT    G=(none)   M=C:\PROGRAM FILES\BORLAND\CBUILDER5\LIB\CP32MT.LIB|_read ACBP=A9
 0001:0009FDBD 00000017 C=CODE    S=_TEXT    G=(none)   M=C:\PROGRAM FILES\BORLAND\CBUILDER5\LIB\CP32MT.LIB|_umask ACBP=A9
 0001:0009FDC0 00000035 C=CODE    S=_TEXT    G=(none)   M=C:\PROGRAM FILES\BORLAND\CBUILDER5\LIB\CP32MT.LIB|_wopen ACBP=A9
 0001:0009FDF8 00000061 C=CODE    S=_TEXT    G=(none)   M=C:\PROGRAM FILES\BORLAND\CBUILDER5\LIB\CP32MT.LIB|_write ACBP=A9
 0001:0009FE5C 0000007D C=CODE    S=_TEXT    G=(none)   M=C:\PROGRAM FILES\BORLAND\CBUILDER5\LIB\CP32MT.LIB|allocbuf ACBP=A9
 0001:0009FEDC 0000008F C=CODE    S=_TEXT    G=(none)   M=C:\PROGRAM FILES\BORLAND\CBUILDER5\LIB\CP32MT.LIB|chdir ACBP=A9
 0001:0009FF6C 00000008 C=CODE    S=_TEXT    G=(none)   M=C:\PROGRAM FILES\BORLAND\CBUILDER5\LIB\CP32MT.LIB|close ACBP=A9
 0001:0009FF74 000000EC C=CODE    S=_TEXT    G=(none)   M=C:\PROGRAM FILES\BORLAND\CBUILDER5\LIB\CP32MT.LIB|dosgdriv ACBP=A9
 0001:000A0060 0000008F C=CODE    S=_TEXT    G=(none)   M=C:\PROGRAM FILES\BORLAND\CBUILDER5\LIB\CP32MT.LIB|fflush ACBP=A9
 0001:000A00F0 00000064 C=CODE    S=_TEXT    G=(none)   M=C:\PROGRAM FILES\BORLAND\CBUILDER5\LIB\CP32MT.LIB|flushout ACBP=A9
 0001:000A0154 00000023 C=CODE    S=_TEXT    G=(none)   M=C:\PROGRAM FILES\BORLAND\CBUILDER5\LIB\CP32MT.LIB|fmodeptr ACBP=A9
 0001:000A0178 0000002B C=CODE    S=_TEXT    G=(none)   M=C:\PROGRAM FILES\BORLAND\CBUILDER5\LIB\CP32MT.LIB|getdisk ACBP=A9
 0001:000A01A4 000003EB C=CODE    S=_TEXT    G=(none)   M=C:\PROGRAM FILES\BORLAND\CBUILDER5\LIB\CP32MT.LIB|handles ACBP=A9
 0001:000A0590 0000008A C=CODE    S=_TEXT    G=(none)   M=C:\PROGRAM FILES\BORLAND\CBUILDER5\LIB\CP32MT.LIB|ioerror ACBP=A9
 0001:000A061C 00000008 C=CODE    S=_TEXT    G=(none)   M=C:\PROGRAM FILES\BORLAND\CBUILDER5\LIB\CP32MT.LIB|lseek ACBP=A9
 0001:000A0624 00000010 C=CODE    S=_TEXT    G=(none)   M=C:\PROGRAM FILES\BORLAND\CBUILDER5\LIB\CP32MT.LIB|open ACBP=A9
 0001:000A0634 00000083 C=CODE    S=_TEXT    G=(none)   M=C:\PROGRAM FILES\BORLAND\CBUILDER5\LIB\CP32MT.LIB|perror ACBP=A9
 0001:000A0634 00000008 C=CODE    S=_TEXT    G=(none)   M=C:\PROGRAM FILES\BORLAND\CBUILDER5\LIB\CP32MT.LIB|read ACBP=A9
 0001:000A063C 00000010 C=CODE    S=_TEXT    G=(none)   M=C:\PROGRAM FILES\BORLAND\CBUILDER5\LIB\CP32MT.LIB|remove ACBP=A9
 0001:000A064C 00000100 C=CODE    S=_TEXT    G=(none)   M=C:\PROGRAM FILES\BORLAND\CBUILDER5\LIB\CP32MT.LIB|snprntf ACBP=A9
 0001:000A074C 00000078 C=CODE    S=_TEXT    G=(none)   M=C:\PROGRAM FILES\BORLAND\CBUILDER5\LIB\CP32MT.LIB|sprintf ACBP=A9
 0001:000A07C4 00000270 C=CODE    S=_TEXT    G=(none)   M=C:\PROGRAM FILES\BORLAND\CBUILDER5\LIB\CP32MT.LIB|streams ACBP=A9
 0001:000A0A34 0000001A C=CODE    S=_TEXT    G=(none)   M=C:\PROGRAM FILES\BORLAND\CBUILDER5\LIB\CP32MT.LIB|unlink ACBP=A9
 0001:000A0A50 000009EC C=CODE    S=_TEXT    G=(none)   M=C:\PROGRAM FILES\BORLAND\CBUILDER5\LIB\CP32MT.LIB|vprinter ACBP=A9
 0001:000A143C 00000008 C=CODE    S=_TEXT    G=(none)   M=C:\PROGRAM FILES\BORLAND\CBUILDER5\LIB\CP32MT.LIB|write ACBP=A9
 0001:000A1444 0000001A C=CODE    S=_TEXT    G=(none)   M=C:\PROGRAM FILES\BORLAND\CBUILDER5\LIB\CP32MT.LIB|wunlink ACBP=A9
 0001:000A1460 00000031 C=CODE    S=_TEXT    G=(none)   M=C:\PROGRAM FILES\BORLAND\CBUILDER5\LIB\CP32MT.LIB|xfflush ACBP=A9
 0001:000A1494 00000006 C=CODE    S=_TEXT    G=(none)   M=C:\PROGRAM FILES\BORLAND\CBUILDER5\LIB\CP32MT.LIB|cconv ACBP=A9
 0001:000A149C 000002C3 C=CODE    S=_TEXT    G=(none)   M=C:\PROGRAM FILES\BORLAND\CBUILDER5\LIB\CP32MT.LIB|convt ACBP=A9
 0001:000A1760 00000051 C=CODE    S=_TEXT    G=(none)   M=C:\PROGRAM FILES\BORLAND\CBUILDER5\LIB\CP32MT.LIB|getinfo ACBP=A9
 0001:000A17B4 00000102 C=CODE    S=_TEXT    G=(none)   M=C:\PROGRAM FILES\BORLAND\CBUILDER5\LIB\CP32MT.LIB|is ACBP=A9
 0001:000A18B8 00000103 C=CODE    S=_TEXT    G=(none)   M=C:\PROGRAM FILES\BORLAND\CBUILDER5\LIB\CP32MT.LIB|wis ACBP=A9
 0001:000A19BC 00000043 C=CODE    S=_TEXT    G=(none)   M=C:\PROGRAM FILES\BORLAND\CBUILDER5\LIB\CP32MT.LIB|isctype ACBP=A9
 0001:000A1A00 00000055 C=CODE    S=_TEXT    G=(none)   M=C:\PROGRAM FILES\BORLAND\CBUILDER5\LIB\CP32MT.LIB|iswctype ACBP=A9
 0001:000A1A58 000011FF C=CODE    S=_TEXT    G=(none)   M=C:\PROGRAM FILES\BORLAND\CBUILDER5\LIB\CP32MT.LIB|locale ACBP=A9
 0001:000A2C58 0000080E C=CODE    S=_TEXT    G=(none)   M=C:\PROGRAM FILES\BORLAND\CBUILDER5\LIB\CP32MT.LIB|initcat ACBP=A9
 0001:000A3468 000000A1 C=CODE    S=_TEXT    G=(none)   M=C:\PROGRAM FILES\BORLAND\CBUILDER5\LIB\CP32MT.LIB|lconv ACBP=A9
 0001:000A350C 00000024 C=CODE    S=_TEXT    G=(none)   M=C:\PROGRAM FILES\BORLAND\CBUILDER5\LIB\CP32MT.LIB|lstrlwr ACBP=A9
 0001:000A3530 00000054 C=CODE    S=_TEXT    G=(none)   M=C:\PROGRAM FILES\BORLAND\CBUILDER5\LIB\CP32MT.LIB|ltolower ACBP=A9
 0001:000A3584 00000054 C=CODE    S=_TEXT    G=(none)   M=C:\PROGRAM FILES\BORLAND\CBUILDER5\LIB\CP32MT.LIB|ltoupper ACBP=A9
 0001:000A35D8 000004D0 C=CODE    S=_TEXT    G=(none)   M=C:\PROGRAM FILES\BORLAND\CBUILDER5\LIB\CP32MT.LIB|mbyte1 ACBP=A9
 0001:000A3AA8 00000026 C=CODE    S=_TEXT    G=(none)   M=C:\PROGRAM FILES\BORLAND\CBUILDER5\LIB\CP32MT.LIB|lsetlocl ACBP=A9
 0001:000A3AD0 00000200 C=CODE    S=_TEXT    G=(none)   M=C:\PROGRAM FILES\BORLAND\CBUILDER5\LIB\CP32MT.LIB|_ll ACBP=A9
 0001:000A3CD0 00000008 C=CODE    S=_TEXT    G=(none)   M=C:\PROGRAM FILES\BORLAND\CBUILDER5\LIB\CP32MT.LIB|_ltoa1 ACBP=A9
 0001:000A3CD8 000000B0 C=CODE    S=_TEXT    G=(none)   M=C:\PROGRAM FILES\BORLAND\CBUILDER5\LIB\CP32MT.LIB|_matherr ACBP=A9
 0001:000A3D88 00000188 C=CODE    S=_TEXT    G=(none)   M=C:\PROGRAM FILES\BORLAND\CBUILDER5\LIB\CP32MT.LIB|_pow10 ACBP=A9
 0001:000A3F10 00000077 C=CODE    S=_TEXT    G=(none)   M=C:\PROGRAM FILES\BORLAND\CBUILDER5\LIB\CP32MT.LIB|atol ACBP=A9
 0001:000A3F88 00000013 C=CODE    S=_TEXT    G=(none)   M=C:\PROGRAM FILES\BORLAND\CBUILDER5\LIB\CP32MT.LIB|clear87 ACBP=A9
 0001:000A3F9C 0000003F C=CODE    S=_TEXT    G=(none)   M=C:\PROGRAM FILES\BORLAND\CBUILDER5\LIB\CP32MT.LIB|cos ACBP=A9
 0001:000A3FDC 0000002F C=CODE    S=_TEXT    G=(none)   M=C:\PROGRAM FILES\BORLAND\CBUILDER5\LIB\CP32MT.LIB|ctrl87 ACBP=A9
 0001:000A400C 00000018 C=CODE    S=_TEXT    G=(none)   M=C:\PROGRAM FILES\BORLAND\CBUILDER5\LIB\CP32MT.LIB|cvtentry ACBP=A9
 0001:000A4024 00000018 C=CODE    S=_TEXT    G=(none)   M=C:\PROGRAM FILES\BORLAND\CBUILDER5\LIB\CP32MT.LIB|cvtfak ACBP=A9
 0001:000A403C 00000018 C=CODE    S=_TEXT    G=(none)   M=C:\PROGRAM FILES\BORLAND\CBUILDER5\LIB\CP32MT.LIB|cvtfakw ACBP=A9
 0001:000A4054 0000001C C=CODE    S=_TEXT    G=(none)   M=C:\PROGRAM FILES\BORLAND\CBUILDER5\LIB\CP32MT.LIB|floor ACBP=A9
 0001:000A4070 00000016 C=CODE    S=_TEXT    G=(none)   M=C:\PROGRAM FILES\BORLAND\CBUILDER5\LIB\CP32MT.LIB|fpreset ACBP=A9
 0001:000A4088 00000028 C=CODE    S=_TEXT    G=(none)   M=C:\PROGRAM FILES\BORLAND\CBUILDER5\LIB\CP32MT.LIB|ftol ACBP=A9
 0001:000A40B0 0000002D C=CODE    S=_TEXT    G=(none)   M=C:\PROGRAM FILES\BORLAND\CBUILDER5\LIB\CP32MT.LIB|fuildq ACBP=A9
 0001:000A40E0 00000021 C=CODE    S=_TEXT    G=(none)   M=C:\PROGRAM FILES\BORLAND\CBUILDER5\LIB\CP32MT.LIB|fuistq ACBP=A9
 0001:000A4104 00000011 C=CODE    S=_TEXT    G=(none)   M=C:\PROGRAM FILES\BORLAND\CBUILDER5\LIB\CP32MT.LIB|fxam ACBP=A9
 0001:000A4118 000000B1 C=CODE    S=_TEXT    G=(none)   M=C:\PROGRAM FILES\BORLAND\CBUILDER5\LIB\CP32MT.LIB|int64toa ACBP=A9
 0001:000A41CC 00000118 C=CODE    S=_TEXT    G=(none)   M=C:\PROGRAM FILES\BORLAND\CBUILDER5\LIB\CP32MT.LIB|ldtrunc ACBP=A9
 0001:000A42E4 0000008F C=CODE    S=_TEXT    G=(none)   M=C:\PROGRAM FILES\BORLAND\CBUILDER5\LIB\CP32MT.LIB|longtoa ACBP=A9
 0001:000A4374 00000075 C=CODE    S=_TEXT    G=(none)   M=C:\PROGRAM FILES\BORLAND\CBUILDER5\LIB\CP32MT.LIB|ltoa1 ACBP=A9
 0001:000A43EC 0000002A C=CODE    S=_TEXT    G=(none)   M=C:\PROGRAM FILES\BORLAND\CBUILDER5\LIB\CP32MT.LIB|matherr ACBP=A9
 0001:000A4418 0000002E C=CODE    S=_TEXT    G=(none)   M=C:\PROGRAM FILES\BORLAND\CBUILDER5\LIB\CP32MT.LIB|matherrl ACBP=A9
 0001:000A4448 00000016 C=CODE    S=_TEXT    G=(none)   M=C:\PROGRAM FILES\BORLAND\CBUILDER5\LIB\CP32MT.LIB|mathptr ACBP=A9
 0001:000A4460 00000025 C=CODE    S=_TEXT    G=(none)   M=C:\PROGRAM FILES\BORLAND\CBUILDER5\LIB\CP32MT.LIB|qdiv10 ACBP=A9
 0001:000A4488 0000002E C=CODE    S=_TEXT    G=(none)   M=C:\PROGRAM FILES\BORLAND\CBUILDER5\LIB\CP32MT.LIB|qmul10 ACBP=A9
 0001:000A44B8 000002F9 C=CODE    S=_TEXT    G=(none)   M=C:\PROGRAM FILES\BORLAND\CBUILDER5\LIB\CP32MT.LIB|realcvt ACBP=A9
 0001:000A47B4 00000331 C=CODE    S=_TEXT    G=(none)   M=C:\PROGRAM FILES\BORLAND\CBUILDER5\LIB\CP32MT.LIB|realcvtw ACBP=A9
 0001:000A4AE8 0000002C C=CODE    S=_TEXT    G=(none)   M=C:\PROGRAM FILES\BORLAND\CBUILDER5\LIB\CP32MT.LIB|round ACBP=A9
 0001:000A4B14 000004E1 C=CODE    S=_TEXT    G=(none)   M=C:\PROGRAM FILES\BORLAND\CBUILDER5\LIB\CP32MT.LIB|scantod ACBP=A9
 0001:000A4FF8 000004DD C=CODE    S=_TEXT    G=(none)   M=C:\PROGRAM FILES\BORLAND\CBUILDER5\LIB\CP32MT.LIB|scanwtod ACBP=A9
 0001:000A54D8 0000003F C=CODE    S=_TEXT    G=(none)   M=C:\PROGRAM FILES\BORLAND\CBUILDER5\LIB\CP32MT.LIB|sin ACBP=A9
 0001:000A5518 000002D2 C=CODE    S=_TEXT    G=(none)   M=C:\PROGRAM FILES\BORLAND\CBUILDER5\LIB\CP32MT.LIB|xcvt ACBP=A9
 0001:000A57EC 000002F1 C=CODE    S=_TEXT    G=(none)   M=C:\PROGRAM FILES\BORLAND\CBUILDER5\LIB\CP32MT.LIB|xcvtw ACBP=A9
 0001:000A5AE0 00000139 C=CODE    S=_TEXT    G=(none)   M=C:\PROGRAM FILES\BORLAND\CBUILDER5\LIB\CP32MT.LIB|mbctype ACBP=A9
 0001:000A5C1C 0000001A C=CODE    S=_TEXT    G=(none)   M=C:\PROGRAM FILES\BORLAND\CBUILDER5\LIB\CP32MT.LIB|mbisspc ACBP=A9
 0001:000A5C38 00000056 C=CODE    S=_TEXT    G=(none)   M=C:\PROGRAM FILES\BORLAND\CBUILDER5\LIB\CP32MT.LIB|mbsrchr ACBP=A9
 0001:000A5C90 0000001D C=CODE    S=_TEXT    G=(none)   M=C:\PROGRAM FILES\BORLAND\CBUILDER5\LIB\CP32MT.LIB|mbtoupr ACBP=A9
 0001:000A5CB0 000000A6 C=CODE    S=_TEXT    G=(none)   M=C:\PROGRAM FILES\BORLAND\CBUILDER5\LIB\CP32MT.LIB|assert ACBP=A9
 0001:000A5D58 000000B8 C=CODE    S=_TEXT    G=(none)   M=C:\PROGRAM FILES\BORLAND\CBUILDER5\LIB\CP32MT.LIB|ermsghlp ACBP=A9
 0001:000A5E10 0000001E C=CODE    S=_TEXT    G=(none)   M=C:\PROGRAM FILES\BORLAND\CBUILDER5\LIB\CP32MT.LIB|errno ACBP=A9
 0001:000A5E30 0000019B C=CODE    S=_TEXT    G=(none)   M=C:\PROGRAM FILES\BORLAND\CBUILDER5\LIB\CP32MT.LIB|errormsg ACBP=A9
 0001:000A5FCC 00000089 C=CODE    S=_TEXT    G=(none)   M=C:\PROGRAM FILES\BORLAND\CBUILDER5\LIB\CP32MT.LIB|platform ACBP=A9
 0001:000A6058 00000022 C=CODE    S=_TEXT    G=(none)   M=C:\PROGRAM FILES\BORLAND\CBUILDER5\LIB\CP32MT.LIB|abort ACBP=A9
 0001:000A607C 000000BF C=CODE    S=_TEXT    G=(none)   M=C:\PROGRAM FILES\BORLAND\CBUILDER5\LIB\CP32MT.LIB|exit ACBP=A9
 0001:000A613C 0000001A C=CODE    S=_TEXT    G=(none)   M=C:\PROGRAM FILES\BORLAND\CBUILDER5\LIB\CP32MT.LIB|initwild ACBP=A9
 0001:000A6158 00000011 C=CODE    S=_TEXT    G=(none)   M=C:\PROGRAM FILES\BORLAND\CBUILDER5\LIB\CP32MT.LIB|exparg ACBP=A9
 0001:000A616C 00000011 C=CODE    S=_TEXT    G=(none)   M=C:\PROGRAM FILES\BORLAND\CBUILDER5\LIB\CP32MT.LIB|wexparg ACBP=A9
 0001:000A6180 00000027 C=CODE    S=_TEXT    G=(none)   M=C:\PROGRAM FILES\BORLAND\CBUILDER5\LIB\CP32MT.LIB|initargv ACBP=A9
 0001:000A61A8 0000016C C=CODE    S=_TEXT    G=(none)   M=C:\PROGRAM FILES\BORLAND\CBUILDER5\LIB\CP32MT.LIB|setargv ACBP=A9
 0001:000A6314 000001E5 C=CODE    S=_TEXT    G=(none)   M=C:\PROGRAM FILES\BORLAND\CBUILDER5\LIB\CP32MT.LIB|hsargv ACBP=A9
 0001:000A64FC 00000227 C=CODE    S=_TEXT    G=(none)   M=C:\PROGRAM FILES\BORLAND\CBUILDER5\LIB\CP32MT.LIB|whsargv ACBP=A9
 0001:000A6724 00000045 C=CODE    S=_TEXT    G=(none)   M=C:\PROGRAM FILES\BORLAND\CBUILDER5\LIB\CP32MT.LIB|setargv0 ACBP=A9
 0001:000A676C 000001D2 C=CODE    S=_TEXT    G=(none)   M=C:\PROGRAM FILES\BORLAND\CBUILDER5\LIB\CP32MT.LIB|setenvp ACBP=A9
 0001:000A6940 00000388 C=CODE    S=_TEXT    G=(none)   M=C:\PROGRAM FILES\BORLAND\CBUILDER5\LIB\CP32MT.LIB|signal ACBP=A9
 0001:000A6CC8 0000018B C=CODE    S=_TEXT    G=(none)   M=C:\PROGRAM FILES\BORLAND\CBUILDER5\LIB\CP32MT.LIB|initexit ACBP=A9
 0001:000A6E54 000001A4 C=CODE    S=_TEXT    G=(none)   M=C:\PROGRAM FILES\BORLAND\CBUILDER5\LIB\CP32MT.LIB|startup ACBP=A9
 0001:000A6FF8 00000067 C=CODE    S=_TEXT    G=(none)   M=C:\PROGRAM FILES\BORLAND\CBUILDER5\LIB\CP32MT.LIB|tls ACBP=A9
 0001:000A7060 0000004F C=CODE    S=_TEXT    G=(none)   M=C:\PROGRAM FILES\BORLAND\CBUILDER5\LIB\CP32MT.LIB|tlsstat ACBP=A9
 0001:000A70B0 000001C7 C=CODE    S=_TEXT    G=(none)   M=C:\PROGRAM FILES\BORLAND\CBUILDER5\LIB\CP32MT.LIB|thrddata ACBP=A9
 0001:000A7278 000000D5 C=CODE    S=_TEXT    G=(none)   M=C:\PROGRAM FILES\BORLAND\CBUILDER5\LIB\CP32MT.LIB|_lock ACBP=A9
 0001:000A7350 0000388C C=CODE    S=_TEXT    G=(none)   M=C:\PROGRAM FILES\BORLAND\CBUILDER5\LIB\CP32MT.LIB|xx ACBP=A9
 0001:000AAB90 00000022 C=CODE    S=_TEXT    G=(none)   M=C:\PROGRAM FILES\BORLAND\CBUILDER5\LIB\DEBUG\VCLE50.LIB|_t_Contr ACBP=A9
 0001:000AABAD 00000015 C=CODE    S=_TEXT    G=(none)   M=C:\PROGRAM FILES\BORLAND\CBUILDER5\LIB\DEBUG\VCLE50.LIB|_t_Forms ACBP=A9
 0001:000AABBD 00000025 C=CODE    S=_TEXT    G=(none)   M=C:\PROGRAM FILES\BORLAND\CBUILDER5\LIB\DEBUG\VCLE50.LIB|_t_Graph ACBP=A9
 0001:000AABDD 00000817 C=CODE    S=_TEXT    G=(none)   M=C:\PROGRAM FILES\BORLAND\CBUILDER5\LIB\DEBUG\VCLE50.LIB|dstring ACBP=A9
 0001:000AB3A8 000000E0 C=CODE    S=_TEXT    G=(none)   M=C:\PROGRAM FILES\BORLAND\CBUILDER5\LIB\DEBUG\VCLE50.LIB|syssupp ACBP=A9
 0001:000AB438 00000156 C=CODE    S=_TEXT    G=(none)   M=C:\PROGRAM FILES\BORLAND\CBUILDER5\LIB\DEBUG\VCLE50.LIB|vclinit ACBP=A9
 0001:000AB540 00000031 C=CODE    S=_TEXT    G=(none)   M=C:\PROGRAM FILES\BORLAND\CBUILDER5\LIB\DEBUG\VCLE50.LIB|classcre ACBP=A9
 0002:000003E0 000000A4 C=DATA    S=_DATA    G=DGROUP   M=C:\PROGRAM FILES\BORLAND\CBUILDER5\LIB\C0W32.OBJ ACBP=A9
 0002:00000484 0000002C C=DATA    S=_DATA    G=DGROUP   M=C:\PROGRAM FILES\BORLAND\CBUILDER5\LIB\OBJ\SYSINIT.OBJ ACBP=A9
 0002:000004A0 00000090 C=DATA    S=_DATA    G=DGROUP   M=D:\STASIEK\MY PROJECTS\OBSOLETE\PROGS\QONVERTER.VCL\TEAIMAGE.OBJ ACBP=A9
 0002:00000530 00001009 C=DATA    S=_DATA    G=DGROUP   M=D:\STASIEK\MY PROJECTS\OBSOLETE\PROGS\QONVERTER.VCL\UNIT1.OBJ ACBP=A9
 0002:00001538 0000049D C=DATA    S=_DATA    G=DGROUP   M=D:\STASIEK\MY PROJECTS\OBSOLETE\PROGS\QONVERTER.VCL\UNIT2.OBJ ACBP=A9
 0002:000019D4 00000578 C=DATA    S=_DATA    G=DGROUP   M=D:\STASIEK\MY PROJECTS\OBSOLETE\FORM_TEMPLATES\ABOUT_FRM.OBJ ACBP=A9
 0002:00001F38 000003B4 C=DATA    S=_DATA    G=DGROUP   M=C:\PROGRAM FILES\BORLAND\CBUILDER5\LIB\BCBSMP50.LIB|.\CCALENDR.CPP ACBP=A9
 0002:000022CC 000007F0 C=DATA    S=_DATA    G=DGROUP   M=C:\PROGRAM FILES\BORLAND\CBUILDER5\LIB\BCBSMP50.LIB|.\cdiroutl.cpp ACBP=A9
 0002:00002ABC 000004B8 C=DATA    S=_DATA    G=DGROUP   M=C:\PROGRAM FILES\BORLAND\CBUILDER5\LIB\BCBSMP50.LIB|.\CGAUGES.CPP ACBP=A9
 0002:00002F60 00000268 C=DATA    S=_DATA    G=DGROUP   M=C:\PROGRAM FILES\BORLAND\CBUILDER5\LIB\BCBSMP50.LIB|.\CGRID.CPP ACBP=A9
 0002:000031A8 000005DC C=DATA    S=_DATA    G=DGROUP   M=C:\PROGRAM FILES\BORLAND\CBUILDER5\LIB\BCBSMP50.LIB|.\CSPIN.CPP ACBP=A9
 0002:00003784 0000037A C=DATA    S=_DATA    G=DGROUP   M=C:\PROGRAM FILES\BORLAND\CBUILDER5\LIB\BCBSMP50.LIB|.\PERFGRAP.CPP ACBP=A9
 0002:00003AEC 00000416 C=DATA    S=_DATA    G=DGROUP   M=C:\PROGRAM FILES\BORLAND\CBUILDER5\LIB\BCBSMP50.LIB|.\Trayicon.cpp ACBP=A9
 0002:00003EEE 00000010 C=DATA    S=_DATA    G=DGROUP   M=C:\PROGRAM FILES\BORLAND\CBUILDER5\LIB\DEBUG\VCL50.LIB|UrlMon ACBP=A9
 0002:00003EEE 00000004 C=DATA    S=_DATA    G=DGROUP   M=C:\PROGRAM FILES\BORLAND\CBUILDER5\LIB\DEBUG\VCL50.LIB|StdActns ACBP=A9
 0002:00003EEE 00000046 C=DATA    S=_DATA    G=DGROUP   M=C:\PROGRAM FILES\BORLAND\CBUILDER5\LIB\DEBUG\VCL50.LIB|ImgList ACBP=A9
 0002:00003F28 00000004 C=DATA    S=_DATA    G=DGROUP   M=C:\PROGRAM FILES\BORLAND\CBUILDER5\LIB\DEBUG\VCL50.LIB|ActnList ACBP=A9
 0002:00003F28 00000020 C=DATA    S=_DATA    G=DGROUP   M=C:\PROGRAM FILES\BORLAND\CBUILDER5\LIB\DEBUG\VCL50.LIB|ToolWin ACBP=A9
 0002:00003F48 00000010 C=DATA    S=_DATA    G=DGROUP   M=C:\PROGRAM FILES\BORLAND\CBUILDER5\LIB\DEBUG\VCL50.LIB|TypInfo ACBP=A9
 0002:00003F58 0000008C C=DATA    S=_DATA    G=DGROUP   M=C:\PROGRAM FILES\BORLAND\CBUILDER5\LIB\DEBUG\VCL50.LIB|StdCtrls ACBP=A9
 0002:00003FD8 0000000C C=DATA    S=_DATA    G=DGROUP   M=C:\PROGRAM FILES\BORLAND\CBUILDER5\LIB\DEBUG\VCL50.LIB|Printers ACBP=A9
 0002:00003FDC 000000EC C=DATA    S=_DATA    G=DGROUP   M=C:\PROGRAM FILES\BORLAND\CBUILDER5\LIB\DEBUG\VCL50.LIB|Menus ACBP=A9
 0002:000040C8 00000010 C=DATA    S=_DATA    G=DGROUP   M=C:\PROGRAM FILES\BORLAND\CBUILDER5\LIB\DEBUG\VCL50.LIB|Mask ACBP=A9
 0002:000040D8 00000002 C=DATA    S=_DATA    G=DGROUP   M=C:\PROGRAM FILES\BORLAND\CBUILDER5\LIB\DEBUG\VCL50.LIB|Grids ACBP=A9
 0002:000040D8 000002B4 C=DATA    S=_DATA    G=DGROUP   M=C:\PROGRAM FILES\BORLAND\CBUILDER5\LIB\DEBUG\VCL50.LIB|Graphics ACBP=A9
 0002:0000438C 0000013C C=DATA    S=_DATA    G=DGROUP   M=C:\PROGRAM FILES\BORLAND\CBUILDER5\LIB\DEBUG\VCL50.LIB|Forms ACBP=A9
 0002:000044C8 00000024 C=DATA    S=_DATA    G=DGROUP   M=C:\PROGRAM FILES\BORLAND\CBUILDER5\LIB\DEBUG\VCL50.LIB|ExtCtrls ACBP=A9
 0002:000044DC 00000108 C=DATA    S=_DATA    G=DGROUP   M=C:\PROGRAM FILES\BORLAND\CBUILDER5\LIB\DEBUG\VCL50.LIB|Dialogs ACBP=A9
 0002:000045E4 0000012C C=DATA    S=_DATA    G=DGROUP   M=C:\PROGRAM FILES\BORLAND\CBUILDER5\LIB\DEBUG\VCL50.LIB|Controls ACBP=A9
 0002:00004710 0000008D C=DATA    S=_DATA    G=DGROUP   M=C:\PROGRAM FILES\BORLAND\CBUILDER5\LIB\DEBUG\VCL50.LIB|ComCtrls ACBP=A9
 0002:00004798 00000088 C=DATA    S=_DATA    G=DGROUP   M=C:\PROGRAM FILES\BORLAND\CBUILDER5\LIB\DEBUG\VCL50.LIB|Classes ACBP=A9
 0002:00004804 00000046 C=DATA    S=_DATA    G=DGROUP   M=C:\PROGRAM FILES\BORLAND\CBUILDER5\LIB\DEBUG\VCL50.LIB|Buttons ACBP=A9
 0002:0000484A 00000010 C=DATA    S=_DATA    G=DGROUP   M=C:\PROGRAM FILES\BORLAND\CBUILDER5\LIB\DEBUG\VCL50.LIB|Windows ACBP=A9
 0002:0000484A 00000010 C=DATA    S=_DATA    G=DGROUP   M=C:\PROGRAM FILES\BORLAND\CBUILDER5\LIB\DEBUG\VCL50.LIB|ShlObj ACBP=A9
 0002:0000484A 00000010 C=DATA    S=_DATA    G=DGROUP   M=C:\PROGRAM FILES\BORLAND\CBUILDER5\LIB\DEBUG\VCL50.LIB|ActiveX ACBP=A9
 0002:0000484A 00000008 C=DATA    S=_DATA    G=DGROUP   M=C:\PROGRAM FILES\BORLAND\CBUILDER5\LIB\DEBUG\VCL50.LIB|Math ACBP=A9
 0002:0000484C 00000234 C=DATA    S=_DATA    G=DGROUP   M=C:\PROGRAM FILES\BORLAND\CBUILDER5\LIB\DEBUG\VCL50.LIB|SysUtils ACBP=A9
 0002:00004A74 000000A8 C=DATA    S=_DATA    G=DGROUP   M=C:\PROGRAM FILES\BORLAND\CBUILDER5\LIB\DEBUG\VCL50.LIB|System ACBP=A9
 0002:00004B18 00000201 C=DATA    S=_DATA    G=DGROUP   M=C:\PROGRAM FILES\BORLAND\CBUILDER5\LIB\DCLUSR50.LIB|C:\Program Files\Borland\CBuilder5\Projects\OBSOLETE\PACKAGES\ADVBAR.CPP ACBP=A9
 0002:00004D08 00000217 C=DATA    S=_DATA    G=DGROUP   M=C:\PROGRAM FILES\BORLAND\CBUILDER5\LIB\DCLUSR50.LIB|C:\Program Files\Borland\CBuilder5\Projects\OBSOLETE\PACKAGES\EXEDLG.CPP ACBP=A9
 0002:00004F00 00000914 C=DATA    S=_DATA    G=DGROUP   M=C:\PROGRAM FILES\BORLAND\CBUILDER5\LIB\DCLUSR50.LIB|C:\Program Files\Borland\CBuilder5\Projects\OBSOLETE\PACKAGES\EXEINFO.CPP ACBP=A9
 0002:000057F4 000001BD C=DATA    S=_DATA    G=DGROUP   M=C:\PROGRAM FILES\BORLAND\CBUILDER5\LIB\DCLUSR50.LIB|C:\Program Files\Borland\CBuilder5\Projects\OBSOLETE\PACKAGES\EXERES.CPP ACBP=A9
 0002:00005994 00000173 C=DATA    S=_DATA    G=DGROUP   M=C:\PROGRAM FILES\BORLAND\CBUILDER5\LIB\DCLUSR50.LIB|C:\Program Files\Borland\CBuilder5\Projects\OBSOLETE\PACKAGES\FRAMEPAN.CPP ACBP=A9
 0002:00005AE7 00000015 C=DATA    S=_DATA    G=DGROUP   M=C:\PROGRAM FILES\BORLAND\CBUILDER5\LIB\DEBUG\VCLX.LIB|Outline ACBP=A9
 0002:00005AFC 00000070 C=DATA    S=_DATA    G=DGROUP   M=C:\PROGRAM FILES\BORLAND\CBUILDER5\LIB\CP32MT.LIB|new ACBP=A9
 0002:00005B6C 00000088 C=DATA    S=_DATA    G=DGROUP   M=C:\PROGRAM FILES\BORLAND\CBUILDER5\LIB\CP32MT.LIB|setnew ACBP=A9
 0002:00005BE0 00000054 C=DATA    S=_DATA    G=DGROUP   M=C:\PROGRAM FILES\BORLAND\CBUILDER5\LIB\CP32MT.LIB|vdelldtc ACBP=A9
 0002:00005C34 00000074 C=DATA    S=_DATA    G=DGROUP   M=C:\PROGRAM FILES\BORLAND\CBUILDER5\LIB\CP32MT.LIB|vnewldtc ACBP=A9
 0002:00005CA8 00000160 C=DATA    S=_DATA    G=DGROUP   M=C:\PROGRAM FILES\BORLAND\CBUILDER5\LIB\CP32MT.LIB|hrdir_b ACBP=A9
 0002:00005E08 00000020 C=DATA    S=_DATA    G=DGROUP   M=C:\PROGRAM FILES\BORLAND\CBUILDER5\LIB\CP32MT.LIB|hrdir_s ACBP=A9
 0002:00005E28 00000038 C=DATA    S=_DATA    G=DGROUP   M=C:\PROGRAM FILES\BORLAND\CBUILDER5\LIB\CP32MT.LIB|predecl ACBP=A9
 0002:00005E60 00002899 C=DATA    S=_DATA    G=DGROUP   M=C:\PROGRAM FILES\BORLAND\CBUILDER5\LIB\CP32MT.LIB|allstl ACBP=A9
 0002:000086F8 00000081 C=DATA    S=_DATA    G=DGROUP   M=C:\PROGRAM FILES\BORLAND\CBUILDER5\LIB\CP32MT.LIB|fstream ACBP=A9
 0002:00008778 00000275 C=DATA    S=_DATA    G=DGROUP   M=C:\PROGRAM FILES\BORLAND\CBUILDER5\LIB\CP32MT.LIB|ios ACBP=A9
 0002:000089EC 00000081 C=DATA    S=_DATA    G=DGROUP   M=C:\PROGRAM FILES\BORLAND\CBUILDER5\LIB\CP32MT.LIB|iostream ACBP=A9
 0002:00008A6C 00000004 C=DATA    S=_DATA    G=DGROUP   M=C:\PROGRAM FILES\BORLAND\CBUILDER5\LIB\CP32MT.LIB|limits ACBP=A9
 0002:00008A6C 000000ED C=DATA    S=_DATA    G=DGROUP   M=C:\PROGRAM FILES\BORLAND\CBUILDER5\LIB\CP32MT.LIB|byname ACBP=A9
 0002:00008B58 000004F9 C=DATA    S=_DATA    G=DGROUP   M=C:\PROGRAM FILES\BORLAND\CBUILDER5\LIB\CP32MT.LIB|char ACBP=A9
 0002:00009050 000000FD C=DATA    S=_DATA    G=DGROUP   M=C:\PROGRAM FILES\BORLAND\CBUILDER5\LIB\CP32MT.LIB|charby ACBP=A9
 0002:0000914C 000001E1 C=DATA    S=_DATA    G=DGROUP   M=C:\PROGRAM FILES\BORLAND\CBUILDER5\LIB\CP32MT.LIB|rwcats ACBP=A9
 0002:0000932C 000007E9 C=DATA    S=_DATA    G=DGROUP   M=C:\PROGRAM FILES\BORLAND\CBUILDER5\LIB\CP32MT.LIB|rwlocale ACBP=A9
 0002:00009B14 00000085 C=DATA    S=_DATA    G=DGROUP   M=C:\PROGRAM FILES\BORLAND\CBUILDER5\LIB\CP32MT.LIB|vendor ACBP=A9
 0002:00009B98 000001ED C=DATA    S=_DATA    G=DGROUP   M=C:\PROGRAM FILES\BORLAND\CBUILDER5\LIB\CP32MT.LIB|stdexcpt ACBP=A9
 0002:00009D84 0000019D C=DATA    S=_DATA    G=DGROUP   M=C:\PROGRAM FILES\BORLAND\CBUILDER5\LIB\CP32MT.LIB|string ACBP=A9
 0002:00009F20 00000004 C=DATA    S=_DATA    G=DGROUP   M=C:\PROGRAM FILES\BORLAND\CBUILDER5\LIB\CP32MT.LIB|xx_xpf ACBP=A9
 0002:00009F24 00000340 C=DATA    S=_DATA    G=DGROUP   M=C:\PROGRAM FILES\BORLAND\CBUILDER5\LIB\CP32MT.LIB|xxtype ACBP=A9
 0002:0000A264 0000003C C=DATA    S=_DATA    G=DGROUP   M=C:\PROGRAM FILES\BORLAND\CBUILDER5\LIB\CP32MT.LIB|xxut ACBP=A9
 0002:0000A2A0 000000E4 C=DATA    S=_DATA    G=DGROUP   M=C:\PROGRAM FILES\BORLAND\CBUILDER5\LIB\CP32MT.LIB|xxv ACBP=A9
 0002:0000A384 00000014 C=DATA    S=_DATA    G=DGROUP   M=C:\PROGRAM FILES\BORLAND\CBUILDER5\LIB\CP32MT.LIB|except ACBP=A9
 0002:0000A398 00000004 C=DATA    S=_DATA    G=DGROUP   M=C:\PROGRAM FILES\BORLAND\CBUILDER5\LIB\CP32MT.LIB|_cfinfo ACBP=A9
 0002:0000A39C 00000004 C=DATA    S=_DATA    G=DGROUP   M=C:\PROGRAM FILES\BORLAND\CBUILDER5\LIB\CP32MT.LIB|_umask ACBP=A9
 0002:0000A3A0 00000004 C=DATA    S=_DATA    G=DGROUP   M=C:\PROGRAM FILES\BORLAND\CBUILDER5\LIB\CP32MT.LIB|cfinfo ACBP=A9
 0002:0000A3A4 000004B0 C=DATA    S=_DATA    G=DGROUP   M=C:\PROGRAM FILES\BORLAND\CBUILDER5\LIB\CP32MT.LIB|files ACBP=A9
 0002:0000A854 000000CC C=DATA    S=_DATA    G=DGROUP   M=C:\PROGRAM FILES\BORLAND\CBUILDER5\LIB\CP32MT.LIB|files2 ACBP=A9
 0002:0000A920 00000004 C=DATA    S=_DATA    G=DGROUP   M=C:\PROGRAM FILES\BORLAND\CBUILDER5\LIB\CP32MT.LIB|fmode ACBP=A9
 0002:0000A924 00000004 C=DATA    S=_DATA    G=DGROUP   M=C:\PROGRAM FILES\BORLAND\CBUILDER5\LIB\CP32MT.LIB|fmodeptr ACBP=A9
 0002:0000A928 00000064 C=DATA    S=_DATA    G=DGROUP   M=C:\PROGRAM FILES\BORLAND\CBUILDER5\LIB\CP32MT.LIB|handles ACBP=A9
 0002:0000A98C 0000012B C=DATA    S=_DATA    G=DGROUP   M=C:\PROGRAM FILES\BORLAND\CBUILDER5\LIB\CP32MT.LIB|ioerror ACBP=A9
 0002:0000AAB8 0000047C C=DATA    S=_DATA    G=DGROUP   M=C:\PROGRAM FILES\BORLAND\CBUILDER5\LIB\CP32MT.LIB|perror ACBP=A9
 0002:0000AF34 00000068 C=DATA    S=_DATA    G=DGROUP   M=C:\PROGRAM FILES\BORLAND\CBUILDER5\LIB\CP32MT.LIB|streams ACBP=A9
 0002:0000AF9C 00000076 C=DATA    S=_DATA    G=DGROUP   M=C:\PROGRAM FILES\BORLAND\CBUILDER5\LIB\CP32MT.LIB|vprinter ACBP=A9
 0002:0000B014 00000202 C=DATA    S=_DATA    G=DGROUP   M=C:\PROGRAM FILES\BORLAND\CBUILDER5\LIB\CP32MT.LIB|bigctype ACBP=A9
 0002:0000B218 0000003C C=DATA    S=_DATA    G=DGROUP   M=C:\PROGRAM FILES\BORLAND\CBUILDER5\LIB\CP32MT.LIB|cconv ACBP=A9
 0002:0000B254 00000050 C=DATA    S=_DATA    G=DGROUP   M=C:\PROGRAM FILES\BORLAND\CBUILDER5\LIB\CP32MT.LIB|convt ACBP=A9
 0002:0000B2A4 00000100 C=DATA    S=_DATA    G=DGROUP   M=C:\PROGRAM FILES\BORLAND\CBUILDER5\LIB\CP32MT.LIB|clower ACBP=A9
 0002:0000B3A4 00000100 C=DATA    S=_DATA    G=DGROUP   M=C:\PROGRAM FILES\BORLAND\CBUILDER5\LIB\CP32MT.LIB|cupper ACBP=A9
 0002:0000B4A4 00000118 C=DATA    S=_DATA    G=DGROUP   M=C:\PROGRAM FILES\BORLAND\CBUILDER5\LIB\CP32MT.LIB|locale ACBP=A9
 0002:0000B5BC 00000260 C=DATA    S=_DATA    G=DGROUP   M=C:\PROGRAM FILES\BORLAND\CBUILDER5\LIB\CP32MT.LIB|clocale ACBP=A9
 0002:0000B81C 00000068 C=DATA    S=_DATA    G=DGROUP   M=C:\PROGRAM FILES\BORLAND\CBUILDER5\LIB\CP32MT.LIB|initcat ACBP=A9
 0002:0000B884 00000010 C=DATA    S=_DATA    G=DGROUP   M=C:\PROGRAM FILES\BORLAND\CBUILDER5\LIB\CP32MT.LIB|_matherr ACBP=A9
 0002:0000B894 000000C0 C=DATA    S=_DATA    G=DGROUP   M=C:\PROGRAM FILES\BORLAND\CBUILDER5\LIB\CP32MT.LIB|_pow10 ACBP=A9
 0002:0000B954 0000000C C=DATA    S=_DATA    G=DGROUP   M=C:\PROGRAM FILES\BORLAND\CBUILDER5\LIB\CP32MT.LIB|cos ACBP=A9
 0002:0000B960 00000068 C=DATA    S=_DATA    G=DGROUP   M=C:\PROGRAM FILES\BORLAND\CBUILDER5\LIB\CP32MT.LIB|cvtfak ACBP=A9
 0002:0000B9C8 00000068 C=DATA    S=_DATA    G=DGROUP   M=C:\PROGRAM FILES\BORLAND\CBUILDER5\LIB\CP32MT.LIB|cvtfakw ACBP=A9
 0002:0000BA30 00000004 C=DATA    S=_DATA    G=DGROUP   M=C:\PROGRAM FILES\BORLAND\CBUILDER5\LIB\CP32MT.LIB|deflt87 ACBP=A9
 0002:0000BA34 0000007C C=DATA    S=_DATA    G=DGROUP   M=C:\PROGRAM FILES\BORLAND\CBUILDER5\LIB\CP32MT.LIB|hugeval ACBP=A9
 0002:0000BAB0 00000008 C=DATA    S=_DATA    G=DGROUP   M=C:\PROGRAM FILES\BORLAND\CBUILDER5\LIB\CP32MT.LIB|initcvt ACBP=A9
 0002:0000BAB8 00000008 C=DATA    S=_DATA    G=DGROUP   M=C:\PROGRAM FILES\BORLAND\CBUILDER5\LIB\CP32MT.LIB|mathptr ACBP=A9
 0002:0000BAC0 00000044 C=DATA    S=_DATA    G=DGROUP   M=C:\PROGRAM FILES\BORLAND\CBUILDER5\LIB\CP32MT.LIB|mathwhy ACBP=A9
 0002:0000BB04 00000014 C=DATA    S=_DATA    G=DGROUP   M=C:\PROGRAM FILES\BORLAND\CBUILDER5\LIB\CP32MT.LIB|realcvt ACBP=A9
 0002:0000BB18 00000028 C=DATA    S=_DATA    G=DGROUP   M=C:\PROGRAM FILES\BORLAND\CBUILDER5\LIB\CP32MT.LIB|realcvtw ACBP=A9
 0002:0000BB40 00000028 C=DATA    S=_DATA    G=DGROUP   M=C:\PROGRAM FILES\BORLAND\CBUILDER5\LIB\CP32MT.LIB|scantod ACBP=A9
 0002:0000BB68 00000028 C=DATA    S=_DATA    G=DGROUP   M=C:\PROGRAM FILES\BORLAND\CBUILDER5\LIB\CP32MT.LIB|scanwtod ACBP=A9
 0002:0000BB90 0000000C C=DATA    S=_DATA    G=DGROUP   M=C:\PROGRAM FILES\BORLAND\CBUILDER5\LIB\CP32MT.LIB|sin ACBP=A9
 0002:0000BB9C 00000048 C=DATA    S=_DATA    G=DGROUP   M=C:\PROGRAM FILES\BORLAND\CBUILDER5\LIB\CP32MT.LIB|mbctype ACBP=A9
 0002:0000BBE4 00000024 C=DATA    S=_DATA    G=DGROUP   M=C:\PROGRAM FILES\BORLAND\CBUILDER5\LIB\CP32MT.LIB|assert ACBP=A9
 0002:0000BC08 00000024 C=DATA    S=_DATA    G=DGROUP   M=C:\PROGRAM FILES\BORLAND\CBUILDER5\LIB\CP32MT.LIB|ermsghlp ACBP=A9
 0002:0000BC2C 00000010 C=DATA    S=_DATA    G=DGROUP   M=C:\PROGRAM FILES\BORLAND\CBUILDER5\LIB\CP32MT.LIB|errormsg ACBP=A9
 0002:0000BC3C 00000028 C=DATA    S=_DATA    G=DGROUP   M=C:\PROGRAM FILES\BORLAND\CBUILDER5\LIB\CP32MT.LIB|platform ACBP=A9
 0002:0000BC64 00000020 C=DATA    S=_DATA    G=DGROUP   M=C:\PROGRAM FILES\BORLAND\CBUILDER5\LIB\CP32MT.LIB|abort ACBP=A9
 0002:0000BC84 00000004 C=DATA    S=_DATA    G=DGROUP   M=C:\PROGRAM FILES\BORLAND\CBUILDER5\LIB\CP32MT.LIB|patexit ACBP=A9
 0002:0000BC88 0000000C C=DATA    S=_DATA    G=DGROUP   M=C:\PROGRAM FILES\BORLAND\CBUILDER5\LIB\CP32MT.LIB|exit ACBP=A9
 0002:0000BC94 00000008 C=DATA    S=_DATA    G=DGROUP   M=C:\PROGRAM FILES\BORLAND\CBUILDER5\LIB\CP32MT.LIB|saptr ACBP=A9
 0002:0000BC9C 00000008 C=DATA    S=_DATA    G=DGROUP   M=C:\PROGRAM FILES\BORLAND\CBUILDER5\LIB\CP32MT.LIB|wsaptr ACBP=A9
 0002:0000BCA4 00000054 C=DATA    S=_DATA    G=DGROUP   M=C:\PROGRAM FILES\BORLAND\CBUILDER5\LIB\CP32MT.LIB|setargv ACBP=A9
 0002:0000BCF8 00000028 C=DATA    S=_DATA    G=DGROUP   M=C:\PROGRAM FILES\BORLAND\CBUILDER5\LIB\CP32MT.LIB|hsargv ACBP=A9
 0002:0000BD20 00000024 C=DATA    S=_DATA    G=DGROUP   M=C:\PROGRAM FILES\BORLAND\CBUILDER5\LIB\CP32MT.LIB|whsargv ACBP=A9
 0002:0000BD44 00000004 C=DATA    S=_DATA    G=DGROUP   M=C:\PROGRAM FILES\BORLAND\CBUILDER5\LIB\CP32MT.LIB|wildptr ACBP=A9
 0002:0000BD48 00000004 C=DATA    S=_DATA    G=DGROUP   M=C:\PROGRAM FILES\BORLAND\CBUILDER5\LIB\CP32MT.LIB|wwildptr ACBP=A9
 0002:0000BD4C 00000020 C=DATA    S=_DATA    G=DGROUP   M=C:\PROGRAM FILES\BORLAND\CBUILDER5\LIB\CP32MT.LIB|setargv0 ACBP=A9
 0002:0000BD6C 0000006C C=DATA    S=_DATA    G=DGROUP   M=C:\PROGRAM FILES\BORLAND\CBUILDER5\LIB\CP32MT.LIB|setenvp ACBP=A9
 0002:0000BDD8 0000005E C=DATA    S=_DATA    G=DGROUP   M=C:\PROGRAM FILES\BORLAND\CBUILDER5\LIB\CP32MT.LIB|signal ACBP=A9
 0002:0000BE38 00000004 C=DATA    S=_DATA    G=DGROUP   M=C:\PROGRAM FILES\BORLAND\CBUILDER5\LIB\CP32MT.LIB|globals ACBP=A9
 0002:0000BE3C 0000001C C=DATA    S=_DATA    G=DGROUP   M=C:\PROGRAM FILES\BORLAND\CBUILDER5\LIB\CP32MT.LIB|initexit ACBP=A9
 0002:0000BE58 0000001C C=DATA    S=_DATA    G=DGROUP   M=C:\PROGRAM FILES\BORLAND\CBUILDER5\LIB\CP32MT.LIB|thrddata ACBP=A9
 0002:0000BE74 00000014 C=DATA    S=_DATA    G=DGROUP   M=C:\PROGRAM FILES\BORLAND\CBUILDER5\LIB\CP32MT.LIB|_lock ACBP=A9
 0002:0000BE88 000013E8 C=DATA    S=_DATA    G=DGROUP   M=C:\PROGRAM FILES\BORLAND\CBUILDER5\LIB\CP32MT.LIB|xx ACBP=A9
 0002:0000D270 000003B4 C=DATA    S=_DATA    G=DGROUP   M=C:\PROGRAM FILES\BORLAND\CBUILDER5\LIB\DEBUG\VCLE50.LIB|dstring ACBP=A9
 0002:0000D610 0000008C C=DATA    S=_DATA    G=DGROUP   M=C:\PROGRAM FILES\BORLAND\CBUILDER5\LIB\DEBUG\VCLE50.LIB|syssupp ACBP=A9
 0002:0000D688 0000006C C=DATA    S=_DATA    G=DGROUP   M=C:\PROGRAM FILES\BORLAND\CBUILDER5\LIB\DEBUG\VCLE50.LIB|vclinit ACBP=A9
 0002:0000D6F4 00000424 C=DATA    S=_DATA    G=DGROUP   M=<internal> ACBP=A9
 0003:00000000 0000001C C=BSS     S=_BSS     G=DGROUP   M=C:\PROGRAM FILES\BORLAND\CBUILDER5\LIB\OBJ\SYSINIT.OBJ ACBP=A9
 0003:0000001C 00000004 C=BSS     S=_BSS     G=DGROUP   M=D:\STASIEK\MY PROJECTS\OBSOLETE\PROGS\QONVERTER.VCL\UNIT1.OBJ ACBP=A9
 0003:00000020 00000008 C=BSS     S=_BSS     G=DGROUP   M=D:\STASIEK\MY PROJECTS\OBSOLETE\PROGS\QONVERTER.VCL\UNIT2.OBJ ACBP=A9
 0003:00000028 00000004 C=BSS     S=_BSS     G=DGROUP   M=D:\STASIEK\MY PROJECTS\OBSOLETE\FORM_TEMPLATES\ABOUT_FRM.OBJ ACBP=A9
 0003:0000002C 00000004 C=BSS     S=_BSS     G=DGROUP   M=C:\PROGRAM FILES\BORLAND\CBUILDER5\LIB\BCBSMP50.LIB|.\CCALENDR.CPP ACBP=A9
 0003:00000030 0000000C C=BSS     S=_BSS     G=DGROUP   M=C:\PROGRAM FILES\BORLAND\CBUILDER5\LIB\BCBSMP50.LIB|.\cdiroutl.cpp ACBP=A9
 0003:0000003C 00000004 C=BSS     S=_BSS     G=DGROUP   M=C:\PROGRAM FILES\BORLAND\CBUILDER5\LIB\BCBSMP50.LIB|.\CGAUGES.CPP ACBP=A9
 0003:00000040 00000004 C=BSS     S=_BSS     G=DGROUP   M=C:\PROGRAM FILES\BORLAND\CBUILDER5\LIB\BCBSMP50.LIB|.\CGRID.CPP ACBP=A9
 0003:00000044 00000004 C=BSS     S=_BSS     G=DGROUP   M=C:\PROGRAM FILES\BORLAND\CBUILDER5\LIB\BCBSMP50.LIB|.\CSPIN.CPP ACBP=A9
 0003:00000048 00000004 C=BSS     S=_BSS     G=DGROUP   M=C:\PROGRAM FILES\BORLAND\CBUILDER5\LIB\BCBSMP50.LIB|.\PERFGRAP.CPP ACBP=A9
 0003:0000004C 00000004 C=BSS     S=_BSS     G=DGROUP   M=C:\PROGRAM FILES\BORLAND\CBUILDER5\LIB\BCBSMP50.LIB|.\Trayicon.cpp ACBP=A9
 0003:00000050 00000004 C=BSS     S=_BSS     G=DGROUP   M=C:\PROGRAM FILES\BORLAND\CBUILDER5\LIB\DEBUG\VCL50.LIB|Contnrs ACBP=A9
 0003:00000054 00000004 C=BSS     S=_BSS     G=DGROUP   M=C:\PROGRAM FILES\BORLAND\CBUILDER5\LIB\DEBUG\VCL50.LIB|UrlMon ACBP=A9
 0003:00000058 00000004 C=BSS     S=_BSS     G=DGROUP   M=C:\PROGRAM FILES\BORLAND\CBUILDER5\LIB\DEBUG\VCL50.LIB|StdActns ACBP=A9
 0003:0000005C 00000004 C=BSS     S=_BSS     G=DGROUP   M=C:\PROGRAM FILES\BORLAND\CBUILDER5\LIB\DEBUG\VCL50.LIB|ImgList ACBP=A9
 0003:00000060 00000004 C=BSS     S=_BSS     G=DGROUP   M=C:\PROGRAM FILES\BORLAND\CBUILDER5\LIB\DEBUG\VCL50.LIB|ActnList ACBP=A9
 0003:00000064 00000004 C=BSS     S=_BSS     G=DGROUP   M=C:\PROGRAM FILES\BORLAND\CBUILDER5\LIB\DEBUG\VCL50.LIB|ToolWin ACBP=A9
 0003:00000068 00000004 C=BSS     S=_BSS     G=DGROUP   M=C:\PROGRAM FILES\BORLAND\CBUILDER5\LIB\DEBUG\VCL50.LIB|TypInfo ACBP=A9
 0003:0000006C 00000004 C=BSS     S=_BSS     G=DGROUP   M=C:\PROGRAM FILES\BORLAND\CBUILDER5\LIB\DEBUG\VCL50.LIB|StdCtrls ACBP=A9
 0003:00000070 00000004 C=BSS     S=_BSS     G=DGROUP   M=C:\PROGRAM FILES\BORLAND\CBUILDER5\LIB\DEBUG\VCL50.LIB|Printers ACBP=A9
 0003:00000074 00000010 C=BSS     S=_BSS     G=DGROUP   M=C:\PROGRAM FILES\BORLAND\CBUILDER5\LIB\DEBUG\VCL50.LIB|Menus ACBP=A9
 0003:00000084 00000004 C=BSS     S=_BSS     G=DGROUP   M=C:\PROGRAM FILES\BORLAND\CBUILDER5\LIB\DEBUG\VCL50.LIB|Mask ACBP=A9
 0003:00000088 00000004 C=BSS     S=_BSS     G=DGROUP   M=C:\PROGRAM FILES\BORLAND\CBUILDER5\LIB\DEBUG\VCL50.LIB|Grids ACBP=A9
 0003:0000008C 00000060 C=BSS     S=_BSS     G=DGROUP   M=C:\PROGRAM FILES\BORLAND\CBUILDER5\LIB\DEBUG\VCL50.LIB|Graphics ACBP=A9
 0003:000000EC 00000024 C=BSS     S=_BSS     G=DGROUP   M=C:\PROGRAM FILES\BORLAND\CBUILDER5\LIB\DEBUG\VCL50.LIB|Forms ACBP=A9
 0003:00000110 00000004 C=BSS     S=_BSS     G=DGROUP   M=C:\PROGRAM FILES\BORLAND\CBUILDER5\LIB\DEBUG\VCL50.LIB|ExtCtrls ACBP=A9
 0003:00000114 0000003C C=BSS     S=_BSS     G=DGROUP   M=C:\PROGRAM FILES\BORLAND\CBUILDER5\LIB\DEBUG\VCL50.LIB|Dialogs ACBP=A9
 0003:00000150 00000070 C=BSS     S=_BSS     G=DGROUP   M=C:\PROGRAM FILES\BORLAND\CBUILDER5\LIB\DEBUG\VCL50.LIB|Controls ACBP=A9
 0003:000001C0 00000004 C=BSS     S=_BSS     G=DGROUP   M=C:\PROGRAM FILES\BORLAND\CBUILDER5\LIB\DEBUG\VCL50.LIB|Consts ACBP=A9
 0003:000001C4 00000004 C=BSS     S=_BSS     G=DGROUP   M=C:\PROGRAM FILES\BORLAND\CBUILDER5\LIB\DEBUG\VCL50.LIB|ComStrs ACBP=A9
 0003:000001C8 00000034 C=BSS     S=_BSS     G=DGROUP   M=C:\PROGRAM FILES\BORLAND\CBUILDER5\LIB\DEBUG\VCL50.LIB|ComCtrls ACBP=A9
 0003:000001FC 0000000C C=BSS     S=_BSS     G=DGROUP   M=C:\PROGRAM FILES\BORLAND\CBUILDER5\LIB\DEBUG\VCL50.LIB|ClipBrd ACBP=A9
 0003:00000208 0000003C C=BSS     S=_BSS     G=DGROUP   M=C:\PROGRAM FILES\BORLAND\CBUILDER5\LIB\DEBUG\VCL50.LIB|Classes ACBP=A9
 0003:00000244 00000030 C=BSS     S=_BSS     G=DGROUP   M=C:\PROGRAM FILES\BORLAND\CBUILDER5\LIB\DEBUG\VCL50.LIB|Buttons ACBP=A9
 0003:00000274 00000031 C=BSS     S=_BSS     G=DGROUP   M=C:\PROGRAM FILES\BORLAND\CBUILDER5\LIB\DEBUG\VCL50.LIB|MultiMon ACBP=A9
 0003:000002A8 00000034 C=BSS     S=_BSS     G=DGROUP   M=C:\PROGRAM FILES\BORLAND\CBUILDER5\LIB\DEBUG\VCL50.LIB|FlatSB ACBP=A9
 0003:000002DC 00000004 C=BSS     S=_BSS     G=DGROUP   M=C:\PROGRAM FILES\BORLAND\CBUILDER5\LIB\DEBUG\VCL50.LIB|Winspool ACBP=A9
 0003:000002E0 00000004 C=BSS     S=_BSS     G=DGROUP   M=C:\PROGRAM FILES\BORLAND\CBUILDER5\LIB\DEBUG\VCL50.LIB|Wininet ACBP=A9
 0003:000002E4 00000004 C=BSS     S=_BSS     G=DGROUP   M=C:\PROGRAM FILES\BORLAND\CBUILDER5\LIB\DEBUG\VCL50.LIB|Windows ACBP=A9
 0003:000002E8 00000004 C=BSS     S=_BSS     G=DGROUP   M=C:\PROGRAM FILES\BORLAND\CBUILDER5\LIB\DEBUG\VCL50.LIB|ShlObj ACBP=A9
 0003:000002EC 00000004 C=BSS     S=_BSS     G=DGROUP   M=C:\PROGRAM FILES\BORLAND\CBUILDER5\LIB\DEBUG\VCL50.LIB|ShellApi ACBP=A9
 0003:000002F0 00000004 C=BSS     S=_BSS     G=DGROUP   M=C:\PROGRAM FILES\BORLAND\CBUILDER5\LIB\DEBUG\VCL50.LIB|RichEdit ACBP=A9
 0003:000002F4 00000004 C=BSS     S=_BSS     G=DGROUP   M=C:\PROGRAM FILES\BORLAND\CBUILDER5\LIB\DEBUG\VCL50.LIB|RegStr ACBP=A9
 0003:000002F8 00000004 C=BSS     S=_BSS     G=DGROUP   M=C:\PROGRAM FILES\BORLAND\CBUILDER5\LIB\DEBUG\VCL50.LIB|ActiveX ACBP=A9
 0003:000002FC 00000004 C=BSS     S=_BSS     G=DGROUP   M=C:\PROGRAM FILES\BORLAND\CBUILDER5\LIB\DEBUG\VCL50.LIB|Messages ACBP=A9
 0003:00000300 00000004 C=BSS     S=_BSS     G=DGROUP   M=C:\PROGRAM FILES\BORLAND\CBUILDER5\LIB\DEBUG\VCL50.LIB|Imm ACBP=A9
 0003:00000304 00000004 C=BSS     S=_BSS     G=DGROUP   M=C:\PROGRAM FILES\BORLAND\CBUILDER5\LIB\DEBUG\VCL50.LIB|Dlgs ACBP=A9
 0003:00000308 00000004 C=BSS     S=_BSS     G=DGROUP   M=C:\PROGRAM FILES\BORLAND\CBUILDER5\LIB\DEBUG\VCL50.LIB|CommDlg ACBP=A9
 0003:0000030C 0000000C C=BSS     S=_BSS     G=DGROUP   M=C:\PROGRAM FILES\BORLAND\CBUILDER5\LIB\DEBUG\VCL50.LIB|CommCtrl ACBP=A9
 0003:00000318 00000004 C=BSS     S=_BSS     G=DGROUP   M=C:\PROGRAM FILES\BORLAND\CBUILDER5\LIB\DEBUG\VCL50.LIB|Math ACBP=A9
 0003:0000031C 00000004 C=BSS     S=_BSS     G=DGROUP   M=C:\PROGRAM FILES\BORLAND\CBUILDER5\LIB\DEBUG\VCL50.LIB|SysConst ACBP=A9
 0003:00000320 0000011C C=BSS     S=_BSS     G=DGROUP   M=C:\PROGRAM FILES\BORLAND\CBUILDER5\LIB\DEBUG\VCL50.LIB|SysUtils ACBP=A9
 0003:0000043C 000004D4 C=BSS     S=_BSS     G=DGROUP   M=C:\PROGRAM FILES\BORLAND\CBUILDER5\LIB\DEBUG\VCL50.LIB|System ACBP=A9
 0003:00000910 00000008 C=BSS     S=_BSS     G=DGROUP   M=C:\PROGRAM FILES\BORLAND\CBUILDER5\LIB\DCLUSR50.LIB|C:\Program Files\Borland\CBuilder5\Projects\OBSOLETE\PACKAGES\ADVBAR.CPP ACBP=A9
 0003:00000918 00000008 C=BSS     S=_BSS     G=DGROUP   M=C:\PROGRAM FILES\BORLAND\CBUILDER5\LIB\DCLUSR50.LIB|C:\Program Files\Borland\CBuilder5\Projects\OBSOLETE\PACKAGES\EXEDLG.CPP ACBP=A9
 0003:00000920 00000004 C=BSS     S=_BSS     G=DGROUP   M=C:\PROGRAM FILES\BORLAND\CBUILDER5\LIB\DCLUSR50.LIB|C:\Program Files\Borland\CBuilder5\Projects\OBSOLETE\PACKAGES\EXEINFO.CPP ACBP=A9
 0003:00000924 00000004 C=BSS     S=_BSS     G=DGROUP   M=C:\PROGRAM FILES\BORLAND\CBUILDER5\LIB\DCLUSR50.LIB|C:\Program Files\Borland\CBuilder5\Projects\OBSOLETE\PACKAGES\EXERES.CPP ACBP=A9
 0003:00000928 0000001C C=BSS     S=_BSS     G=DGROUP   M=C:\PROGRAM FILES\BORLAND\CBUILDER5\LIB\DCLUSR50.LIB|C:\Program Files\Borland\CBuilder5\Projects\OBSOLETE\PACKAGES\FRAMEPAN.CPP ACBP=A9
 0003:00000944 00000004 C=BSS     S=_BSS     G=DGROUP   M=C:\PROGRAM FILES\BORLAND\CBUILDER5\LIB\DEBUG\VCLX.LIB|Outline ACBP=A9
 0003:00000948 00000008 C=BSS     S=_BSS     G=DGROUP   M=C:\PROGRAM FILES\BORLAND\CBUILDER5\LIB\CP32MT.LIB|setnew ACBP=A9
 0003:00000950 00000018 C=BSS     S=_BSS     G=DGROUP   M=C:\PROGRAM FILES\BORLAND\CBUILDER5\LIB\CP32MT.LIB|hrdir_b ACBP=A9
 0003:00000968 00000001 C=BSS     S=_BSS     G=DGROUP   M=C:\PROGRAM FILES\BORLAND\CBUILDER5\LIB\CP32MT.LIB|need_vcl ACBP=A9
 0003:0000096C 0000002C C=BSS     S=_BSS     G=DGROUP   M=C:\PROGRAM FILES\BORLAND\CBUILDER5\LIB\CP32MT.LIB|predecl ACBP=A9
 0003:00000998 0000001C C=BSS     S=_BSS     G=DGROUP   M=C:\PROGRAM FILES\BORLAND\CBUILDER5\LIB\CP32MT.LIB|ios ACBP=A9
 0003:000009B4 000002BC C=BSS     S=_BSS     G=DGROUP   M=C:\PROGRAM FILES\BORLAND\CBUILDER5\LIB\CP32MT.LIB|iostream ACBP=A9
 0003:00000C70 00000004 C=BSS     S=_BSS     G=DGROUP   M=C:\PROGRAM FILES\BORLAND\CBUILDER5\LIB\CP32MT.LIB|limits ACBP=A9
 0003:00000C70 00000004 C=BSS     S=_BSS     G=DGROUP   M=C:\PROGRAM FILES\BORLAND\CBUILDER5\LIB\CP32MT.LIB|char ACBP=A9
 0003:00000C70 00000008 C=BSS     S=_BSS     G=DGROUP   M=C:\PROGRAM FILES\BORLAND\CBUILDER5\LIB\CP32MT.LIB|rwcats ACBP=A9
 0003:00000C78 00000030 C=BSS     S=_BSS     G=DGROUP   M=C:\PROGRAM FILES\BORLAND\CBUILDER5\LIB\CP32MT.LIB|rwlocale ACBP=A9
 0003:00000CA8 0000001C C=BSS     S=_BSS     G=DGROUP   M=C:\PROGRAM FILES\BORLAND\CBUILDER5\LIB\CP32MT.LIB|stdexcpt ACBP=A9
 0003:00000CC4 00000410 C=BSS     S=_BSS     G=DGROUP   M=C:\PROGRAM FILES\BORLAND\CBUILDER5\LIB\CP32MT.LIB|xxtype ACBP=A9
 0003:000010D4 00000008 C=BSS     S=_BSS     G=DGROUP   M=C:\PROGRAM FILES\BORLAND\CBUILDER5\LIB\CP32MT.LIB|xxv ACBP=A9
 0003:000010DC 00000008 C=BSS     S=_BSS     G=DGROUP   M=C:\PROGRAM FILES\BORLAND\CBUILDER5\LIB\CP32MT.LIB|except ACBP=A9
 0003:000010E4 00000190 C=BSS     S=_BSS     G=DGROUP   M=C:\PROGRAM FILES\BORLAND\CBUILDER5\LIB\CP32MT.LIB|files2 ACBP=A9
 0003:00001274 00000008 C=BSS     S=_BSS     G=DGROUP   M=C:\PROGRAM FILES\BORLAND\CBUILDER5\LIB\CP32MT.LIB|handles ACBP=A9
 0003:0000127C 00000008 C=BSS     S=_BSS     G=DGROUP   M=C:\PROGRAM FILES\BORLAND\CBUILDER5\LIB\CP32MT.LIB|streams ACBP=A9
 0003:00001284 00000108 C=BSS     S=_BSS     G=DGROUP   M=C:\PROGRAM FILES\BORLAND\CBUILDER5\LIB\CP32MT.LIB|mbctype ACBP=A9
 0003:0000138C 00000100 C=BSS     S=_BSS     G=DGROUP   M=C:\PROGRAM FILES\BORLAND\CBUILDER5\LIB\CP32MT.LIB|assert ACBP=A9
 0003:0000148C 00000019 C=BSS     S=_BSS     G=DGROUP   M=C:\PROGRAM FILES\BORLAND\CBUILDER5\LIB\CP32MT.LIB|ermsghlp ACBP=A9
 0003:000014A8 00000004 C=BSS     S=_BSS     G=DGROUP   M=C:\PROGRAM FILES\BORLAND\CBUILDER5\LIB\CP32MT.LIB|platform ACBP=A9
 0003:000014AC 0000000C C=BSS     S=_BSS     G=DGROUP   M=C:\PROGRAM FILES\BORLAND\CBUILDER5\LIB\CP32MT.LIB|setargv ACBP=A9
 0003:000014B8 00000004 C=BSS     S=_BSS     G=DGROUP   M=C:\PROGRAM FILES\BORLAND\CBUILDER5\LIB\CP32MT.LIB|hsargv ACBP=A9
 0003:000014BC 00000004 C=BSS     S=_BSS     G=DGROUP   M=C:\PROGRAM FILES\BORLAND\CBUILDER5\LIB\CP32MT.LIB|whsargv ACBP=A9
 0003:000014C0 00000010 C=BSS     S=_BSS     G=DGROUP   M=C:\PROGRAM FILES\BORLAND\CBUILDER5\LIB\CP32MT.LIB|setenvp ACBP=A9
 0003:000014D0 00000044 C=BSS     S=_BSS     G=DGROUP   M=C:\PROGRAM FILES\BORLAND\CBUILDER5\LIB\CP32MT.LIB|globals ACBP=A9
 0003:00001514 00000008 C=BSS     S=_BSS     G=DGROUP   M=C:\PROGRAM FILES\BORLAND\CBUILDER5\LIB\CP32MT.LIB|thrddata ACBP=A9
 0003:0000151C 00003004 C=BSS     S=_BSS     G=DGROUP   M=C:\PROGRAM FILES\BORLAND\CBUILDER5\LIB\CP32MT.LIB|_lock ACBP=A9
 0003:00004520 00000010 C=BSS     S=_BSS     G=DGROUP   M=C:\PROGRAM FILES\BORLAND\CBUILDER5\LIB\CP32MT.LIB|xx ACBP=A9
 0004:00000000 00000008 C=TLS     S=_TLS     G=DGROUP   M=C:\PROGRAM FILES\BORLAND\CBUILDER5\LIB\DEBUG\VCL50.LIB|Classes ACBP=A9
 0004:00000008 00000008 C=TLS     S=_TLS     G=DGROUP   M=C:\PROGRAM FILES\BORLAND\CBUILDER5\LIB\DEBUG\VCL50.LIB|System ACBP=A9
 0004:00000010 0000009C C=TLS     S=_TLS     G=DGROUP   M=C:\PROGRAM FILES\BORLAND\CBUILDER5\LIB\CP32MT.LIB|xxv ACBP=A9
 0004:000000AC 00000008 C=TLS     S=_TLS     G=DGROUP   M=C:\PROGRAM FILES\BORLAND\CBUILDER5\LIB\CP32MT.LIB|tls ACBP=A9

  Address         Publics by Name

 0001:0008F0A0      @$bdele$qpv
 0001:0008F0B0      @$bdla$qpv
 0001:0008F0D4      @$bnew$qui
 0001:0009218C      @$bnew$quipv
 0001:0008F278      @$bnwa$qui
 0001:0000642C      @$xp$10TAboutForm
 0001:0000AEC8      @$xp$10TBltBitmap
 0001:00007238      @$xp$10TCCalendar
 0001:00087410      @$xp$10TExeDialog
 0001:00010E90      @$xp$10TGraphKind
 0001:0003845C      @$xp$11Forms@TForm
 0001:0001BA30      @$xp$11Menus@TMenu
 0001:00080B00      @$xp$11System@Byte
 0001:00080AD4      @$xp$11System@Char
 0001:0007FA8D      @$xp$11System@Text
 0001:00080B14      @$xp$11System@Word
 0001:0007FA8D      @$xp$11System@file
 0001:000867BC      @$xp$11TBorderKind
 0001:000867F8      @$xp$11TBorderSize
 0001:0000C930      @$xp$11TCColorGrid
 0001:0000B264      @$xp$11TCGaugeKind
 0001:00039F84      @$xp$12Forms@TFrame
 0001:0007FA8D      @$xp$12System@PChar
 0001:0007FAB2      @$xp$12System@PGUID
 0001:0007FAB2      @$xp$12System@TGUID
 0001:000865A4      @$xp$12TAdvancedBar
 0001:00089518      @$xp$12TExeResource
 0001:0003B018      @$xp$13Forms@TScreen
 0001:0002DC68      @$xp$13Graphics@TPen
 0001:0007FADE      @$xp$13System@PInt64
 0001:0007FA79      @$xp$13System@Real48
 0001:0007FA6C      @$xp$13System@Single
 0001:0007FA90      @$xp$13System@String
 0001:0000CF30      @$xp$13TGridOrdering
 0001:0003A6AC      @$xp$14Forms@IOleForm
 0001:00038FC0      @$xp$14Forms@TMonitor
 0001:0002DB04      @$xp$14Graphics@TFont
 0001:0002E4D0      @$xp$14Graphics@TIcon
 0001:00017E44      @$xp$14Stdctrls@TMemo
 0001:00080AAC      @$xp$14System@Boolean
 0001:00080AE8      @$xp$14System@Integer
 0001:0007FAF0      @$xp$14System@PVarRec
 0001:0007FA53      @$xp$14System@Pointer
 0001:00080B7C      @$xp$14System@TObject
 0001:0007FAF0      @$xp$14System@TVarRec
 0001:00004260      @$xp$15Controls@TAlign
 0001:00047E74      @$xp$15Extctrls@TBevel
 0001:00047898      @$xp$15Extctrls@TImage
 0001:000482AC      @$xp$15Extctrls@TPanel
 0001:00047724      @$xp$15Extctrls@TTimer
 0001:0003A680      @$xp$15Forms@IDesigner
 0001:0003900B      @$xp$15Forms@PHintInfo
 0001:0003900C      @$xp$15Forms@THintInfo
 0001:0003A780      @$xp$15Forms@TPosition
 0001:0002DD68      @$xp$15Graphics@TBrush
 0001:00004480      @$xp$15Graphics@TColor
 0001:0001B260      @$xp$15Menus@PMenuItem
 0001:0001BB04      @$xp$15Menus@TMainMenu
 0001:0001B660      @$xp$15Menus@TMenuItem
 0001:000174A4      @$xp$15Stdctrls@TLabel
 0001:0007FA54      @$xp$15System@Cardinal
 0001:0007FA44      @$xp$15System@Extended
 0001:0007FADE      @$xp$15System@PVarData
 0001:0007FADE      @$xp$15System@PVariant
 0001:0007FADE      @$xp$15System@TVarData
 0001:00088AE8      @$xp$15TExeInformation
 0001:0006D7E8      @$xp$16Classes@TStrings
 0001:0004C5D3      @$xp$16Controls@TCMDrag
 0001:000042DC      @$xp$16Controls@TCursor
 0001:0000E700      @$xp$16Cspin@TCSpinEdit
 0001:000037B0      @$xp$16Cspin@TCSpinEdit
 0001:00005290      @$xp$16Cspin@TCSpinEdit
 0001:00038FE0      @$xp$16Forms@PCursorRec
 0001:00038FE0      @$xp$16Forms@TCursorRec
 0001:00038FBE      @$xp$16Forms@TFormClass
 0001:0003A6D8      @$xp$16Forms@TFormStyle
 0001:00039628      @$xp$16Forms@TScrollBox
 0001:00038FE0      @$xp$16Forms@TTimerMode
 0001:0002E39C      @$xp$16Graphics@TBitmap
 0001:0002DE38      @$xp$16Graphics@TCanvas
 0001:0001B2B8      @$xp$16Menus@TMenuBreak
 0001:0001BDE4      @$xp$16Menus@TPopupMenu
 0001:00018908      @$xp$16Stdctrls@TButton
 0001:0007FADE      @$xp$16System@PCurrency
 0001:0007FAF0      @$xp$16System@PDateTime
 0001:0007FADE      @$xp$16System@PExtended
 0001:0007FADE      @$xp$16System@PVarArray
 0001:0007FA8D      @$xp$16System@PWideChar
 0001:0007FAE0      @$xp$16System@TDateTime
 0001:0007FADE      @$xp$16System@TVarArray
 0001:0007A6FE      @$xp$16Sysutils@LongRec
 0001:0007A6FE      @$xp$16Sysutils@TMethod
 0001:0007A6FE      @$xp$16Sysutils@WordRec
 0001:0001294C      @$xp$16TTrayIconMessage
 0001:0006CE08      @$xp$17Classes@TBiDiMode
 0001:0006CE8C      @$xp$17Classes@TShortCut
 0001:0005FFC0      @$xp$17Comctrls@TAddMode
 0001:000626B4      @$xp$17Comctrls@TToolBar
 0001:0004C5D3      @$xp$17Controls@PDragRec
 0001:0004CD40      @$xp$17Controls@TAnchors
 0001:0004C5D3      @$xp$17Controls@TCMFloat
 0001:0004CCF4      @$xp$17Controls@TCaption
 0001:0004C604      @$xp$17Controls@TControl
 0001:0004C5D3      @$xp$17Controls@TDragRec
 0001:0004D844      @$xp$17Controls@TImeMode
 0001:0004D8CC      @$xp$17Controls@TImeName
 0001:0003A720      @$xp$17Forms@TBorderIcon
 0001:0003A8C8      @$xp$17Forms@TCloseEvent
 0001:00038438      @$xp$17Forms@TCustomForm
 0001:0003A868      @$xp$17Forms@TPrintScale
 0001:0002E014      @$xp$17Graphics@TGraphic
 0001:0002D721      @$xp$17Graphics@TPenData
 0001:0002D670      @$xp$17Graphics@TPenMode
 0001:0002E0BC      @$xp$17Graphics@TPicture
 0001:0002D653      @$xp$17Graphics@TResData
 0001:00025CFC      @$xp$17Grids@TCustomGrid
 0001:0001293C      @$xp$17System@AnsiString
 0001:0007FA7C      @$xp$17System@Openstring
 0001:0007A6FE      @$xp$17Sysutils@Int64Rec
 0001:0007A720      @$xp$17Sysutils@PTextBuf
 0001:0007A720      @$xp$17Sysutils@TFileRec
 0001:0007A720      @$xp$17Sysutils@TTextBuf
 0001:0007A720      @$xp$17Sysutils@TTextRec
 0001:00010C0C      @$xp$17TPerformanceGraph
 0001:000766D0      @$xp$18Buttons@TNumGlyphs
 0001:00009698      @$xp$18Cdiroutl@TTextCase
 0001:0006CDC4      @$xp$18Classes@TAlignment
 0001:0006DF64      @$xp$18Classes@TComponent
 0001:0006CEC8      @$xp$18Classes@THelpEvent
 0001:0006C618      @$xp$18Clipbrd@TClipboard
 0001:0005FFF5      @$xp$18Comctrls@PNodeInfo
 0001:0005FFF5      @$xp$18Comctrls@TNodeInfo
 0001:00061318      @$xp$18Comctrls@TTickMark
 0001:0006001C      @$xp$18Comctrls@TTrackBar
 0001:0005FFF8      @$xp$18Comctrls@TTreeNode
 0001:0004D8F8      @$xp$18Controls@TBevelCut
 0001:000078E0      @$xp$18Controls@TDragKind
 0001:000042F4      @$xp$18Controls@TDragMode
 0001:0004CF5C      @$xp$18Controls@TKeyEvent
 0001:0004CCDC      @$xp$18Controls@TTabOrder
 0001:00003DBC      @$xp$18Cspin@TCSpinButton
 0001:0000589C      @$xp$18Cspin@TCSpinButton
 0001:0000ED3C      @$xp$18Cspin@TCSpinButton
 0001:0003B0F4      @$xp$18Forms@TApplication
 0001:0003A768      @$xp$18Forms@TBorderIcons
 0001:000394E0      @$xp$18Forms@TBorderStyle
 0001:00038414      @$xp$18Forms@TCustomFrame
 0001:0003A8AC      @$xp$18Forms@TModalResult
 0001:000392DC      @$xp$18Forms@TWindowState
 0001:0002D796      @$xp$18Graphics@PResource
 0001:0002D798      @$xp$18Graphics@TFillMode
 0001:0002D66E      @$xp$18Graphics@TFontData
 0001:0002D8CC      @$xp$18Graphics@TFontName
 0001:0002E258      @$xp$18Graphics@TMetafile
 0001:0002D958      @$xp$18Graphics@TPenStyle
 0001:0002D796      @$xp$18Graphics@TResource
 0001:00025A88      @$xp$18Grids@TInplaceEdit
 0001:00012F0C      @$xp$18Imglist@TImageType
 0001:0001BC8C      @$xp$18Menus@TTrackButton
 0001:0007FADE      @$xp$18System@PAnsiString
 0001:0007FADE      @$xp$18System@POleVariant
 0001:0007FADE      @$xp$18System@PWideString
 0001:0007FAF0      @$xp$18System@PackageInfo
 0001:0007FAF0      @$xp$18System@THeapStatus
 0001:0007A7B4      @$xp$18Sysutils@Exception
 0001:0007B0E0      @$xp$18Sysutils@TFileName
 0001:0007A770      @$xp$18Sysutils@TFloatRec
 0001:0007A7D8      @$xp$18Sysutils@TNameType
 0001:000895E8      @$xp$18TExeResource@TKind
 0001:00016038      @$xp$18Toolwin@TEdgeStyle
 0001:0006D6B4      @$xp$19Classes@TCollection
 0001:0006CC60      @$xp$19Classes@TDuplicates
 0001:0006CDB0      @$xp$19Classes@TIdentToInt
 0001:0006CDB0      @$xp$19Classes@TIntToIdent
 0001:0006CC9C      @$xp$19Classes@TPersistent
 0001:0006CCF0      @$xp$19Classes@TStringItem
 0001:0006D8E8      @$xp$19Classes@TStringList
 0001:0006001C      @$xp$19Comctrls@PNodeCache
 0001:0006001C      @$xp$19Comctrls@TNodeCache
 0001:00060C38      @$xp$19Comctrls@TStatusBar
 0001:00061354      @$xp$19Comctrls@TTickStyle
 0001:0004E278      @$xp$19Controls@TImageList
 0001:0004A6C0      @$xp$19Dialogs@TOpenDialog
 0001:0004A414      @$xp$19Dialogs@TOpenOption
 0001:0004A950      @$xp$19Dialogs@TSaveDialog
 0001:0003902C      @$xp$19Forms@TScrollBarInc
 0001:0002D796      @$xp$19Graphics@TBrushData
 0001:0002D890      @$xp$19Graphics@TFontPitch
 0001:0002D8F8      @$xp$19Graphics@TFontStyle
 0001:00012F38      @$xp$19Imglist@TImageIndex
 0001:0001B4A4      @$xp$19Menus@TMenuAutoFlag
 0001:0007FADE      @$xp$19System@PShortString
 0001:0007A6FE      @$xp$19Sysutils@PByteArray
 0001:0007A6FE      @$xp$19Sysutils@PWordArray
 0001:0007A6FE      @$xp$19Sysutils@TByteArray
 0001:0007A6FE      @$xp$19Sysutils@TProcedure
 0001:0007A700      @$xp$19Sysutils@TSearchRec
 0001:0007A7B4      @$xp$19Sysutils@TSysLocale
 0001:0007A770      @$xp$19Sysutils@TTimeStamp
 0001:0007A6FE      @$xp$19Sysutils@TWordArray
 0001:00015FE4      @$xp$19Toolwin@TEdgeBorder
 0001:00016198      @$xp$19Toolwin@TToolWindow
 0001:00014CB8      @$xp$20Actnlist@TActionLink
 0001:0007682C      @$xp$20Buttons@TSpeedButton
 0001:0006CC9B      @$xp$20Classes@PPointerList
 0001:0006CD64      @$xp$20Classes@TBasicAction
 0001:0006CE70      @$xp$20Classes@THelpContext
 0001:0006CEA4      @$xp$20Classes@TNotifyEvent
 0001:0006CC9B      @$xp$20Classes@TPointerList
 0001:0006061C      @$xp$20Comctrls@TConversion
 0001:00061E0C      @$xp$20Comctrls@TToolButton
 0001:0004CB28      @$xp$20Controls@Controls__7
 0001:0008A640      @$xp$20Controls@Controls__7
 0001:0004CBD0      @$xp$20Controls@Controls__8
 0001:0008A52C      @$xp$20Controls@Controls__8
 0001:0004CD04      @$xp$20Controls@Controls__9
 0001:0008A4E8      @$xp$20Controls@Controls__9
 0001:000098FC      @$xp$20Controls@TAnchorKind
 0001:00010EBC      @$xp$20Controls@TAnchorKind
 0001:00005D40      @$xp$20Controls@TAnchorKind
 0001:0000F2A4      @$xp$20Controls@TAnchorKind
 0001:00004C2C      @$xp$20Controls@TAnchorKind
 0001:0000B31C      @$xp$20Controls@TAnchorKind
 0001:000079CC      @$xp$20Controls@TAnchorKind
 0001:0000CF70      @$xp$20Controls@TAnchorKind
 0001:0004D938      @$xp$20Controls@TBevelWidth
 0001:0004C718      @$xp$20Controls@THintWindow
 0001:0004CEA8      @$xp$20Controls@TMouseEvent
 0001:0004DD40      @$xp$20Controls@TWinControl
 0001:0004A57C      @$xp$20Dialogs@TOpenOptions
 0001:00047D34      @$xp$20Extctrls@TBevelShape
 0001:00047D00      @$xp$20Extctrls@TBevelStyle
 0001:0003A93C      @$xp$20Forms@TShortCutEvent
 0001:0002D724      @$xp$20Graphics@TBrushStyle
 0001:0002D940      @$xp$20Graphics@TFontStyles
 0001:00022958      @$xp$20Mask@TCustomMaskEdit
 0001:0001BD2C      @$xp$20Menus@TMenuAnimation
 0001:0008A710      @$xp$20Outline@TBitmapArray
 0001:0008A840      @$xp$20Outline@TOutlineNode
 0001:000097C0      @$xp$20Outline@TOutlineType
 0001:00012D90      @$xp$20Stdactns@THintAction
 0001:00017B5C      @$xp$20Stdctrls@TCustomEdit
 0001:00017CF0      @$xp$20Stdctrls@TCustomMemo
 0001:00017254      @$xp$20Stdctrls@TTextLayout
 0001:0007A7D8      @$xp$20Sysutils@ExceptClass
 0001:0007A6FE      @$xp$20Sysutils@TIntegerSet
 0001:0007A6E8      @$xp$20Sysutils@TSysCharSet
 0001:00016020      @$xp$20Toolwin@TEdgeBorders
 0001:0007667C      @$xp$21Buttons@TButtonLayout
 0001:0006066C      @$xp$21Comctrls@TIconOptions
 0001:000615FC      @$xp$21Comctrls@TProgressBar
 0001:000608B0      @$xp$21Comctrls@TStatusPanel
 0001:0004D954      @$xp$21Controls@IDockManager
 0001:0004D8DC      @$xp$21Controls@TBorderWidth
 0001:0004C56C      @$xp$21Controls@TDragMessage
 0001:0004D1E0      @$xp$21Controls@TUnDockEvent
 0001:0004A364      @$xp$21Dialogs@TCommonDialog
 0001:00048178      @$xp$21Extctrls@TCustomPanel
 0001:0003AED8      @$xp$21Forms@TCustomDockForm
 0001:0003A818      @$xp$21Forms@TDefaultMonitor
 0001:00039048      @$xp$21Forms@TScrollBarStyle
 0001:0002D8DC      @$xp$21Graphics@TFontCharset
 0001:00012EC0      @$xp$21Imglist@TDrawingStyle
 0001:0001BCC8      @$xp$21Menus@TMenuAnimations
 0001:0001BC50      @$xp$21Menus@TPopupAlignment
 0001:00017398      @$xp$21Stdctrls@TCustomLabel
 0001:00009778      @$xp$21Stdctrls@TScrollStyle
 0001:0007FAF0      @$xp$21System@PMemoryManager
 0001:0007FAF0      @$xp$21System@TMemoryManager
 0001:0007FADE      @$xp$21System@TVarArrayBound
 0001:0007FAF0      @$xp$21System@UnitEntryTable
 0001:0007A720      @$xp$21Sysutils@TFloatFormat
 0001:00016320      @$xp$21Toolwin@TToolDockForm
 0001:00014F58      @$xp$22Actnlist@TCustomAction
 0001:0006DE24      @$xp$22Classes@TComponentName
 0001:0006CD8C      @$xp$22Classes@TIdentMapEntry
 0001:00060A48      @$xp$22Comctrls@TStatusPanels
 0001:0004C5D3      @$xp$22Controls@TCMDockClient
 0001:0004C6E5      @$xp$22Controls@TControlClass
 0001:0004C6E5      @$xp$22Controls@TCreateParams
 0001:0004D0C8      @$xp$22Controls@TEndDragEvent
 0001:0003A900      @$xp$22Forms@TCloseQueryEvent
 0001:0003845B      @$xp$22Forms@TCustomFormClass
 0001:00007868      @$xp$22Forms@TFormBorderStyle
 0001:0001B2F0      @$xp$22Menus@TMenuChangeEvent
 0001:0008A9E4      @$xp$22Outline@TCustomOutline
 0001:000098A8      @$xp$22Outline@TOutlineOption
 0001:0007FAB2      @$xp$22System@PInterfaceEntry
 0001:0007FAB2      @$xp$22System@PInterfaceTable
 0001:0007FAF0      @$xp$22System@PUnitEntryTable
 0001:0007FAB2      @$xp$22System@TInterfaceEntry
 0001:0007FAB2      @$xp$22System@TInterfaceTable
 0001:0007A770      @$xp$22Sysutils@TMbcsByteType
 0001:0006DE38      @$xp$23Classes@IDesignerNotify
 0001:0006D6DC      @$xp$23Classes@IStringsAdapter
 0001:0006CD11      @$xp$23Classes@PStringItemList
 0001:0006CCC4      @$xp$23Classes@TCollectionItem
 0001:0006CD14      @$xp$23Classes@TStringItemList
 0001:0004C5D3      @$xp$23Controls@PDockNotifyRec
 0001:0004CA38      @$xp$23Controls@TControlCanvas
 0001:0004DFC0      @$xp$23Controls@TCustomControl
 0001:0004D114      @$xp$23Controls@TDockDropEvent
 0001:0004C5D3      @$xp$23Controls@TDockNotifyRec
 0001:0004D168      @$xp$23Controls@TDockOverEvent
 0001:0004C768      @$xp$23Controls@TDockTreeClass
 0001:0004D03C      @$xp$23Controls@TDragDropEvent
 0001:0004E1B8      @$xp$23Controls@TDragImageList
 0001:0004CFCC      @$xp$23Controls@TDragOverEvent
 0001:0004CF9C      @$xp$23Controls@TKeyPressEvent
 0001:0000E6D4      @$xp$23Cspin@TTimerSpeedButton
 0001:000390F4      @$xp$23Forms@TControlScrollBar
 0001:00038438      @$xp$23Forms@TCustomFrameClass
 0001:0002DEDC      @$xp$23Graphics@TProgressEvent
 0001:0001B460      @$xp$23Menus@TMenuItemAutoFlag
 0001:0001879C      @$xp$23Stdctrls@TButtonControl
 0001:0007FAF0      @$xp$23System@PackageInfoTable
 0001:0007FAF0      @$xp$23System@PackageUnitEntry
 0001:0007FADE      @$xp$23System@TInterfacedClass
 0001:0007A815      @$xp$23Sysutils@TTerminateProc
 0001:0006CD38      @$xp$24Classes@TBasicActionLink
 0001:0006CC9B      @$xp$24Classes@TListSortCompare
 0001:0006CCC1      @$xp$24Classes@TPersistentClass
 0001:00060A70      @$xp$24Comctrls@TDrawPanelEvent
 0001:0004C5D3      @$xp$24Controls@TCMUnDockClient
 0001:0004D2F8      @$xp$24Controls@TCanResizeEvent
 0001:0004CD54      @$xp$24Controls@TConstraintSize
 0001:0004DE78      @$xp$24Controls@TGraphicControl
 0001:0004CF0C      @$xp$24Controls@TMouseMoveEvent
 0001:0004D23C      @$xp$24Controls@TStartDockEvent
 0001:0004D088      @$xp$24Controls@TStartDragEvent
 0001:0004A2A8      @$xp$24Dialogs@TFindReplaceFunc
 0001:0002DA54      @$xp$24Graphics@IChangeNotifier
 0001:0002D654      @$xp$24Graphics@TFontStylesBase
 0001:0002DA28      @$xp$24Graphics@TGraphicsObject
 0001:00012FF8      @$xp$24Imglist@TCustomImageList
 0001:0001B33C      @$xp$24Menus@TMenuDrawItemEvent
 0001:0007FAB4      @$xp$24System@TInterfacedObject
 0001:00014CE0      @$xp$25Actnlist@TActionLinkClass
 0001:00014C68      @$xp$25Actnlist@TContainedAction
 0001:0006CD8A      @$xp$25Classes@TBasicActionClass
 0001:00060642      @$xp$25Comctrls@TConversionClass
 0001:00061B14      @$xp$25Comctrls@TIconArrangement
 0001:00061BAC      @$xp$25Comctrls@TToolButtonStyle
 0001:0004C740      @$xp$25Controls@TForEachZoneProc
 0001:0004C73E      @$xp$25Controls@THintWindowClass
 0001:0004D3D0      @$xp$25Controls@TMouseWheelEvent
 0001:0004CDEC      @$xp$25Controls@TSizeConstraints
 0001:0004A594      @$xp$25Dialogs@TIncludeItemEvent
 0001:0007A815      @$xp$25Sysutils@TPackageInfoProc
 0001:00014E60      @$xp$26Actnlist@TCustomActionList
 0001:00060642      @$xp$26Comctrls@PConversionFormat
 0001:00060644      @$xp$26Comctrls@TConversionFormat
 0001:000607E8      @$xp$26Comctrls@TStatusPanelBevel
 0001:000607B0      @$xp$26Comctrls@TStatusPanelStyle
 0001:0004D280      @$xp$26Controls@TGetSiteInfoEvent
 0001:00039464      @$xp$26Forms@TScrollingWinControl
 0001:0007FAF0      @$xp$26System@GetPackageInfoTable
 0001:00008F74      @$xp$27Cdiroutl@TCDirectoryOutline
 0001:00060734      @$xp$27Comctrls@TDTParseInputEvent
 0001:000622F0      @$xp$27Comctrls@TTBCustomDrawEvent
 0001:0004D4A8      @$xp$27Controls@TContextPopupEvent
 0001:0004C5D4      @$xp$27Controls@TControlActionLink
 0001:0001B400      @$xp$27Menus@TMenuMeasureItemEvent
 0001:0007BB48      @$xp$27Sysutils@TActiveThreadArray
 0001:0006CCED      @$xp$28Classes@TCollectionItemClass
 0001:0006CDB0      @$xp$28Classes@TFindGlobalComponent
 0001:0006066B      @$xp$28Comctrls@PRichEditStreamInfo
 0001:0006066B      @$xp$28Comctrls@TRichEditStreamInfo
 0001:0004C5D3      @$xp$28Controls@TCMDockNotification
 0001:0006CD62      @$xp$29Classes@TBasicActionLinkClass
 0001:000612D8      @$xp$29Comctrls@TTrackBarOrientation
 0001:00014CB6      @$xp$30Actnlist@TContainedActionClass
 0001:0006CD35      @$xp$30Classes@TStringListSortCompare
 0001:00062340      @$xp$30Comctrls@TTBCustomDrawBtnEvent
 0001:00060704      @$xp$30Comctrls@TToolButtonActionLink
 0001:0004C6E8      @$xp$30Controls@TWinControlActionLink
 0001:0004D444      @$xp$31Controls@TMouseWheelUpDownEvent
 0001:000614A8      @$xp$32Comctrls@TProgressBarOrientation
 0001:0004D354      @$xp$32Controls@TConstrainedResizeEvent
 0001:0004C601      @$xp$32Controls@TControlActionLinkClass
 0001:0001B398      @$xp$32Menus@TAdvancedMenuDrawItemEvent
 0001:0002D620      @$xp$33Graphics@EInvalidGraphicOperation
 0001:000623B0      @$xp$35Comctrls@TTBAdvancedCustomDrawEvent
 0001:00060734      @$xp$35Comctrls@TToolButtonActionLinkClass
 0001:0004C718      @$xp$35Controls@TWinControlActionLinkClass
 0001:00062420      @$xp$38Comctrls@TTBAdvancedCustomDrawBtnEvent
 0001:0008A4B4      @$xp$48System@%Set$t20Controls@Controls__9$iuc$0$iuc$4%
 0001:000042A8      @$xp$48System@%Set$t20Controls@TAnchorKind$iuc$0$iuc$3%
 0001:0008A494      @$xp$49System@%Set$t20Controls@Controls__7$iuc$0$iuc$10%
 0001:0008A4A4      @$xp$49System@%Set$t20Controls@Controls__8$iuc$0$iuc$16%
 0001:00009768      @$xp$50System@%Set$t22Outline@TOutlineOption$iuc$0$iuc$2%
 0001:000035B8      @$xp$6TForm1
 0001:00005204      @$xp$6TForm2
 0001:00089F70      @$xp$6TRamka
 0001:0007FA9C      @$xp$7HRESULT
 0001:0000AF38      @$xp$7TCGauge
 0001:00080B9C      @$xp$8IUnknown
 0001:000125B8      @$xp$9TTrayIcon
 0001:000078CC      @$xp$i
 0001:00004498      @$xp$l
 0001:000042B8      @$xp$o
 0001:00004328      @$xp$s
 0001:0000433C      @$xp$ynpqqrp14System@TObject$v
 0001:00004520      @$xp$ynpqqrp14System@TObject21Controls@TMouseButton46System@%Set$t18Classes@Classes__1$iuc$0$iuc$6%ii$v
 0001:00004580      @$xp$ynpqqrp14System@TObject46System@%Set$t18Classes@Classes__1$iuc$0$iuc$6%ii$v
 0001:000096D4      @$xp$ynpqqrp14System@TObjecti$v
 0001:000044F4      @$xp$ynpqqrp14System@TObjectrc$v
 0001:00004448      @$xp$ynpqqrp14System@TObjectrp20Controls@TDragObject$v
 0001:0000440C      @$xp$ynpqqrp14System@TObjectrp24Controls@TDragDockObject$v
 0001:000044AC      @$xp$ynpqqrp14System@TObjectrus46System@%Set$t18Classes@Classes__1$iuc$0$iuc$6%$v
 0001:0000435C      @$xp$ynpqqrp14System@TObjectt1ii$v
 0001:000043A4      @$xp$ynpqqrp14System@TObjectt1ii19Controls@TDragStatero$v
 0001:00009700      @$xp$ynpqqrp20Controls@TWinControlirx13Windows@TRect47System@%Set$t18Windows@Windows__1$iuc$0$iuc$12%$v
 0001:0008A4C4      @$xp$ynpqqrr17Messages@TMessage$v
 0001:00087734      @$xp$ynpqqruiuil$i
 0001:000063D8      @$xt$10TAboutForm
 0001:0000AE74      @$xt$10TBltBitmap
 0001:000071E4      @$xt$10TCCalendar
 0001:000873AC      @$xt$10TExeDialog
 0001:00001B60      @$xt$10std@locale
 0001:000032C4      @$xt$11Forms@TForm
 0001:0000C8DC      @$xt$11TCColorGrid
 0001:00003570      @$xt$11THandleList
 0001:000030D4      @$xt$11_RWSTDGuard
 0001:00004970      @$xt$11_RWSTDMutex
 0001:0008654C      @$xt$12TAdvancedBar
 0001:000894B0      @$xt$12TExeResource
 0001:0008FB5C      @$xt$12std@bad_cast
 0001:0000464C      @$xt$12std@ios_base
 0001:00003250      @$xt$13std@%ctype$c%
 0001:0008F164      @$xt$13std@bad_alloc
 0001:0008F214      @$xt$13std@exception
 0001:00099808      @$xt$13std@mbstate_t
 0001:0009F024      @$xt$13std@type_info
 0001:000129E4      @$xt$14Graphics@TIcon
 0001:0000052C      @$xt$14System@TObject
 0001:000123FC      @$xt$14Windows@TPoint
[...]
 0002:0000D348      @_$DCPD$@System@AnsiString@$bctr$qqri
 0002:0000D358      @_$ECTQD$@System@AnsiString@$bctr$qqri
 0002:0000D36C      @_$DCRD$@System@AnsiString@$bctr$qqrui
 0002:0000D37C      @_$ECTSD$@System@AnsiString@$bctr$qqrui
 0002:0000D390      @_$DCDE$@System@AnsiString@$badd$xqqrrx17System@AnsiString
 0002:0000D3D0      @_$ECTEE$@System@AnsiString@$badd$xqqrrx17System@AnsiString
 0002:0000D408      @_$DCHE$@System@AnsiString@AnsiCompareIC$xqqrrx17System@AnsiString
 0002:0000D424      @_$ECTIE$@System@AnsiString@AnsiCompareIC$xqqrrx17System@AnsiString
 0002:0000D438      @_$DCFF$@System@AnsiString@UpperCase$xqqrv
 0002:0000D470      @_$ECTGF$@System@AnsiString@UpperCase$xqqrv
 0002:0000D490      @_$DCNF$@System@AnsiString@SubString$xqqrii
 0002:0000D4E8      @_$ECTOF$@System@AnsiString@SubString$xqqrii
 0002:0000D520      @_$DCPF$@System@AnsiString@ToInt$xqqrv
 0002:0000D530      @_$ECTQF$@System@AnsiString@ToInt$xqqrv
 0002:0000D544      @_$DCXF$@System@AnsiString@AnsiPos$xqqrrx17System@AnsiString
 0002:0000D560      @_$ECTYF$@System@AnsiString@AnsiPos$xqqrrx17System@AnsiString
 0002:0000D574      @_$DCZF$@System@AnsiString@IsPathDelimiter$xqqri
 0002:0000D584      @_$ECTAG$@System@AnsiString@IsPathDelimiter$xqqri
 0002:0000D598      @_$DCHG$@System@$badd$qqrpxcrx17System@AnsiString
 0002:0000D5D8      @_$ECTIG$@System@$badd$qqrpxcrx17System@AnsiString
 0002:0000D610      @_$DCWC$@System@LoadResourceString$qqrxpx21System@ResourceString
 0002:0000D650      @_$ECTXC$@System@LoadResourceString$qqrxpx21System@ResourceString
 0002:0000D688      @D2267_1
 0002:0000D698      @_$DCWC$@__LateVCLInit$qqsv
 0002:0000D6C8      @_$ECTXC$@__LateVCLInit$qqsv
 0002:0000D6F4      __indStub:115
 0002:0000D6F8      __indStub:116
 0002:0000D6FC      __indStub:117
 0002:0000D700      __indStub:99
 0002:0000D704      __indStub:119
 0002:0000D708      __indStub:6113
 0002:0000D70C      __indStub:7850
 0002:0000D710      __indStub:1799
 0002:0000D714      __indStub:7779
 0002:0000D718      __indStub:4941
 0002:0000D71C      __indStub:7160
 0002:0000D720      __indStub:7161
 0002:0000D724      __indStub:7162
 0002:0000D728      __indStub:7172
 0002:0000D72C      __indStub:7168
 0002:0000D730      __indStub:7169
 0002:0000D734      __indStub:6108
 0002:0000D738      __indStub:7159
 0002:0000D73C      __indStub:8968
 0002:0000D740      __indStub:7786
 0002:0000D744      __indStub:7783
 0002:0000D748      __indStub:7778
 0002:0000D74C      __indStub:7780
 0002:0000D750      __indStub:7784
 0002:0000D754      __indStub:7785
 0002:0000D758      __indStub:6109
 0002:0000D75C      __indStub:6110
 0002:0000D760      __indStub:6111
 0002:0000D764      __indStub:8241
 0002:0000D768      __indStub:6107
 0002:0000D76C      __indStub:7782
 0002:0000D770      __indStub:8966
 0002:0000D774      __indStub:8967
 0002:0000D778      __indStub:7163
 0002:0000D77C      __indStub:7164
 0002:0000D780      __indStub:7165
 0002:0000D784      __indStub:7166
 0002:0000D788      __indStub:8446
 0002:0000D78C      __indStub:8447
 0002:0000D790      __indStub:8448
 0002:0000D794      __indStub:8449
 0002:0000D798      __indStub:8450
 0002:0000D79C      __indStub:8451
 0002:0000D7A0      __indStub:8452
 0002:0000D7A4      __indStub:8453
 0002:0000D7A8      __indStub:8460
 0002:0000D7AC      __indStub:8454
 0002:0000D7B0      __indStub:8455
 0002:0000D7B4      __indStub:8456
 0002:0000D7B8      __indStub:8457
 0002:0000D7BC      __indStub:8458
 0002:0000D7C0      __indStub:8459
 0002:0000D7C4      __indStub:6089
 0002:0000D7C8      __indStub:6090
 0002:0000D7CC      __indStub:6091
 0002:0000D7D0      __indStub:6092
 0002:0000D7D4      __indStub:6093
 0002:0000D7D8      __indStub:6094
 0002:0000D7DC      __indStub:6095
 0002:0000D7E0      __indStub:6096
 0002:0000D7E4      __indStub:6097
 0002:0000D7E8      __indStub:6098
 0002:0000D7EC      __indStub:6099
 0002:0000D7F0      __indStub:6100
 0002:0000D7F4      __indStub:6101
 0002:0000D7F8      __indStub:6102
 0002:0000D7FC      __indStub:6103
 0002:0000D800      __indStub:6104
 0002:0000D804      __indStub:6105
 0002:0000D808      __indStub:6106
 0002:0000D80C      __indStub:7173
 0002:0000D810      __indStub:4940
 0002:0000D814      __indStub:7781
 0002:0000D818      __indStub:8969
 0002:0000D81C      __indStub:8970
 0002:0000D820      __indStub:8971
 0002:0000D824      __indStub:8972
 0002:0000D828      __indStub:9142
 0002:0000D82C      __indStub:9308
 0002:0000D830      __indStub:9034
 0002:0000D834      __indStub:7864
 0002:0000D838      __indStub:7874
 0002:0000D83C      __indStub:9050
 0002:0000D840      __indStub:9076
 0002:0000D844      __indStub:9162
 0002:0000D848      __indStub:9058
 0002:0000D84C      __indStub:9060
 0002:0000D850      __indStub:9492
 0002:0000D854      __indStub:9365
 0002:0000D858      __indStub:9241
 0002:0000D85C      __indStub:9064
 0002:0000D860      __indStub:9062
 0002:0000D864      __indStub:9040
 0002:0000D868      __indStub:9042
 0002:0000D86C      __indStub:9052
 0002:0000D870      __indStub:9036
 0002:0000D874      __indStub:9038
 0002:0000D878      __indStub:9044
 0002:0000D87C      __indStub:9046
 0002:0000D880      __indStub:9084
 0002:0000D884      __indStub:9092
 0002:0000D888      __indStub:9096
 0002:0000D88C      __indStub:9086
 0002:0000D890      __indStub:9094
 0002:0000D894      __indStub:9098
 0002:0000D898      __indStub:9072
 0002:0000D89C      __indStub:9074
 0002:0000D8A0      __indStub:9184
 0002:0000D8A4      __indStub:9178
 0002:0000D8A8      __indStub:9180
 0002:0000D8AC      __indStub:9182
 0002:0000D8B0      __indStub:9176
 0002:0000D8B4      __indStub:9172
 0002:0000D8B8      __indStub:9170
 0002:0000D8BC      __indStub:9174
 0002:0000D8C0      __indStub:9168
 0002:0000D8C4      __indStub:9166
 0002:0000D8C8      __indStub:7789
 0002:0000D8CC      __indStub:7790
 0002:0000D8D0      __indStub:7792
 0002:0000D8D4      __indStub:7791
 0002:0000D8D8      __indStub:7772
 0002:0000D8DC      __indStub:7773
 0002:0000D8E0      __indStub:7774
 0002:0000D8E4      __indStub:7776
 0002:0000D8E8      __indStub:13393
 0002:0000D8EC      __indStub:5116
 0002:0000D8F0      __indStub:6168
 0002:0000D8F4      __indStub:6169
 0002:0000D8F8      __indStub:6171
 0002:0000D8FC      __indStub:1794
 0002:0000D900      __indStub:5115
 0002:0000D904      __indStub:13619
 0002:0000D908      __indStub:13631
 0002:0000D90C      __indStub:13678
 0002:0000D910      __indStub:13680
 0002:0000D914      __indStub:13635
 0002:0000D918      __indStub:13708
 0002:0000D91C      __indStub:13714
 0002:0000D920      __indStub:13716
 0002:0000D924      __indStub:13692
 0002:0000D928      __indStub:13694
 0002:0000D92C      __indStub:13718
 0002:0000D930      __indStub:13668
 0002:0000D934      __indStub:13706
 0002:0000D938      __indStub:13633
 0002:0000D93C      __indStub:13664
 0002:0000D940      __indStub:13730
 0002:0000D944      __indStub:13732
 0002:0000D948      __indStub:13712
 0002:0000D94C      __indStub:13710
 0002:0000D950      __indStub:13704
 0002:0000D954      __indStub:13702
 0002:0000D958      __indStub:13700
 0002:0000D95C      __indStub:13690
 0002:0000D960      __indStub:13688
 0002:0000D964      __indStub:13686
 0002:0000D968      __indStub:13670
 0002:0000D96C      __indStub:13672
 0002:0000D970      __indStub:13674
 0002:0000D974      __indStub:13666
 0002:0000D978      __indStub:13662
 0002:0000D97C      __indStub:13660
 0002:0000D980      __indStub:13658
 0002:0000D984      __indStub:13656
 0002:0000D988      __indStub:13653
 0002:0000D98C      __indStub:13651
 0002:0000D990      __indStub:13649
 0002:0000D994      __indStub:13647
 0002:0000D998      __indStub:13645
 0002:0000D99C      __indStub:13643
 0002:0000D9A0      __indStub:13641
 0002:0000D9A4      __indStub:13639
 0002:0000D9A8      __indStub:13637
 0002:0000D9AC      __indStub:13810
 0002:0000D9B0      __indStub:13808
 0002:0000D9B4      __indStub:13806
 0002:0000D9B8      __indStub:13804
 0002:0000D9BC      __indStub:13802
 0002:0000D9C0      __indStub:13800
 0002:0000D9C4      __indStub:13798
 0002:0000D9C8      __indStub:13796
 0002:0000D9CC      __indStub:13794
 0002:0000D9D0      __indStub:13792
 0002:0000D9D4      __indStub:13790
 0002:0000D9D8      __indStub:13788
 0002:0000D9DC      __indStub:13786
 0002:0000D9E0      __indStub:13784
 0002:0000D9E4      __indStub:13782
 0002:0000D9E8      __indStub:13780
 0002:0000D9EC      __indStub:13778
 0002:0000D9F0      __indStub:13776
 0002:0000D9F4      __indStub:13774
 0002:0000D9F8      __indStub:13772
 0002:0000D9FC      __indStub:13770
 0002:0000DA00      __indStub:13768
 0002:0000DA04      __indStub:13766
 0002:0000DA08      __indStub:13764
 0002:0000DA0C      __indStub:13762
 0002:0000DA10      __indStub:13760
 0002:0000DA14      __indStub:13758
 0002:0000DA18      __indStub:13756
 0002:0000DA1C      __indStub:13754
 0002:0000DA20      __indStub:13752
 0002:0000DA24      __indStub:13750
 0002:0000DA28      __indStub:13748
 0002:0000DA2C      __indStub:13746
 0002:0000DA30      __indStub:13744
 0002:0000DA34      __indStub:13742
 0002:0000DA38      __indStub:13740
 0002:0000DA3C      __indStub:13738
 0002:0000DA40      __indStub:13736
 0002:0000DA44      __indStub:13684
 0002:0000DA48      __indStub:13682
 0002:0000DA4C      __indStub:12078
 0002:0000DA50      __indStub:14257
 0002:0000DA54      __indStub:14256
 0002:0000DA58      __indStub:14259
 0002:0000DA5C      __indStub:14260
 0002:0000DA60      __indStub:14258
 0002:0000DA64      __indStub:14261
 0002:0000DA68      __indStub:14262
 0002:0000DA6C      __indStub:7972
 0002:0000DA70      __indStub:77
 0002:0000DA74      __indStub:7974
 0002:0000DA78      __indStub:79
 0002:0000DA7C      __indStub:7973
 0002:0000DA80      __indStub:81
 0002:0000DA84      __indStub:80
 0002:0000DA88      __indStub:14250
 0002:0000DA8C      __indStub:12083
 0002:0000DA90      __indStub:14774
 0002:0000DA94      __indStub:14182
 0002:0000DA98      __indStub:9203
 0002:0000DA9C      __indStub:9201
 0002:0000DAA0      __indStub:9205
 0002:0000DAA4      __indStub:9114
 0002:0000DAA8      __indStub:9120
 0002:0000DAAC      __indStub:9122
 0002:0000DAB0      __indStub:9124
 0002:0000DAB4      __indStub:9126
 0002:0000DAB8      __indStub:9128
 0002:0000DABC      __indStub:4490
 0002:0000DAC0      __indStub:4492
 0002:0000DAC4      __indStub:9217
 0002:0000DAC8      __indStub:9215
 0002:0000DACC      __indStub:9213
 0002:0000DAD0      __indStub:9219
 0002:0000DAD4      __indStub:9221
 0002:0000DAD8      __indStub:9658
 0002:0000DADC      __indStub:9353
 0002:0000DAE0      __indStub:9350
 0002:0000DAE4      __indStub:13881
 0002:0000DAE8      __indStub:9245
 0002:0000DAEC      __indStub:9247
 0002:0000DAF0      __indStub:9261
 0002:0000DAF4      __indStub:9265
 0002:0000DAF8      __indStub:9255
 0002:0000DAFC      __indStub:9259
 0002:0000DB00      __indStub:9249
 0002:0000DB04      __indStub:9263
 0002:0000DB08      __indStub:14175
 0002:0000DB0C      __indStub:14172
 0002:0000DB10      __indStub:9251
 0002:0000DB14      __indStub:9253
 0002:0000DB1C      __TLS_index
 0003:00000000      @Sysinit@ModuleIsLib
 0003:00000000      @Sysinit@B2_2
 0003:00000001      @Sysinit@ModuleIsPackage
 0003:00000002      @Sysinit@ModuleIsCpp
 0003:00000004      @Sysinit@TlsIndex
 0003:00000008      @Sysinit@TlsLast
 0003:0000000C      @Sysinit@HInstance
 0003:00000010      @Sysinit@DllProc
 0003:0000001C      _Form1
 0003:0000001C      @B4_2
 0003:00000020      @Unit2@B5_2
 0003:00000020      _Form2
 0003:00000024      @Unit2@B5_3
 0003:00000028      @B6_2
 0003:00000028      _AboutForm
 0003:0000002C      @Ccalendr@B57_3
 0003:00000030      @Cdiroutl@TCDirectoryOutline@InvalidIndex
 0003:00000034      @Cdiroutl@TCDirectoryOutline@RootIndex
 0003:00000038      @Cdiroutl@B59_3
 0003:0000003C      @Cgauges@B61_3
 0003:00000040      @Cgrid@B63_3
 0003:00000044      @Cspin@B64_3
 0003:00000048      @Perfgrap@B69_3
 0003:0000004C      @Trayicon@B71_3
 0003:00000050      @Contnrs@B77_1
 0003:00000054      @Urlmon@B83_2
 0003:00000058      @Stdactns@B87_2
 0003:0000005C      @Imglist@B89_2
 0003:00000060      @Actnlist@B91_2
 0003:00000064      @Toolwin@B125_2
 0003:00000068      @Typinfo@B131_2
 0003:0000006C      @Stdctrls@B133_2
 0003:00000070      @Printers@B157_2
 0003:00000074      @Menus@B166_2
 0003:00000074      @Menus@PopupList
 0003:00000078      @Menus@ShortCutItems
 0003:00000084      @Mask@B170_2
 0003:00000088      @Grids@B174_2
 0003:0000008C      @Graphics@B175_2
 0003:0000008C      @Graphics@SystemPalette16
 0003:000000EC      @Forms@Application
 0003:000000EC      @Forms@B176_2
 0003:000000F0      @Forms@Screen
 0003:00000110      @Extctrls@B192_2
 0003:00000114      @Dialogs@B195_2
 0003:00000150      @Controls@Mouse
 0003:00000150      @Controls@B203_2
 0003:00000154      @Controls@NewStyleControls
 0003:000001C0      @Consts@B205_1
 0003:000001C4      @Comstrs@B207_1
 0003:000001C8      @Comctrls@B209_2
 0003:000001FC      @Clipbrd@B216_1
 0003:000001FC      @Clipbrd@CF_PICTURE
 0003:000001FE      @Clipbrd@CF_COMPONENT
 0003:00000208      @Classes@B217_2
 0003:00000208      @Classes@GlobalNameSpace
 0003:0000020C      @Classes@FindGlobalComponent
 0003:00000244      @Buttons@B220_2
 0003:00000274      @Multimon@B227_1
 0003:00000274      @Multimon@GetSystemMetrics
 0003:00000278      @Multimon@MonitorFromWindow
 0003:0000027C      @Multimon@MonitorFromRect
 0003:00000280      @Multimon@MonitorFromPoint
 0003:00000284      @Multimon@GetMonitorInfoA
 0003:00000288      @Multimon@GetMonitorInfoW
 0003:0000028C      @Multimon@GetMonitorInfo
 0003:00000290      @Multimon@EnumDisplayMonitors
 0003:000002A8      @Flatsb@B228_1
 0003:000002A8      @Flatsb@FlatSB_EnableScrollBar
 0003:000002AC      @Flatsb@FlatSB_ShowScrollBar
 0003:000002B0      @Flatsb@FlatSB_GetScrollRange
 0003:000002B4      @Flatsb@FlatSB_GetScrollInfo
 0003:000002B8      @Flatsb@FlatSB_GetScrollPos
 0003:000002BC      @Flatsb@FlatSB_SetScrollPos
 0003:000002C0      @Flatsb@FlatSB_SetScrollInfo
 0003:000002C4      @Flatsb@FlatSB_SetScrollRange
 0003:000002DC      @Winspool@B232_1
 0003:000002E0      @Wininet@B236_1
 0003:000002E4      @Windows@B237_2
 0003:000002E8      @Shlobj@B240_2
 0003:000002EC      @Shellapi@B247_1
 0003:000002F0      @Richedit@B248_1
 0003:000002F4      @Regstr@B249_1
 0003:000002F8      @Activex@B254_2
 0003:000002FC      @Messages@B259_1
 0003:00000300      @Imm@B268_1
 0003:00000304      @Dlgs@B269_1
 0003:00000308      @Commdlg@B272_1
 0003:0000030C      @Commctrl@B273_1
 0003:00000318      @Math@B274_2
 0003:0000031C      @Sysconst@B281_1
 0003:00000320      @Sysutils@CurrencyString
 0003:00000320      @Sysutils@B282_2
 0003:00000324      @Sysutils@CurrencyFormat
 0003:00000325      @Sysutils@NegCurrFormat
 0003:00000326      @Sysutils@ThousandSeparator
 0003:00000327      @Sysutils@DecimalSeparator
 0003:00000328      @Sysutils@CurrencyDecimals
 0003:00000329      @Sysutils@DateSeparator
 0003:0000032C      @Sysutils@ShortDateFormat
 0003:00000330      @Sysutils@LongDateFormat
 0003:00000334      @Sysutils@TimeSeparator
 0003:00000338      @Sysutils@TimeAMString
 0003:0000033C      @Sysutils@TimePMString
 0003:00000340      @Sysutils@ShortTimeFormat
 0003:00000344      @Sysutils@LongTimeFormat
 0003:00000348      @Sysutils@ShortMonthNames
 0003:00000378      @Sysutils@LongMonthNames
 0003:000003A8      @Sysutils@ShortDayNames
 0003:000003C4      @Sysutils@LongDayNames
 0003:000003E0      @Sysutils@SysLocale
 0003:000003EC      @Sysutils@EraNames
 0003:00000408      @Sysutils@EraYearOffsets
 0003:00000424      @Sysutils@ListSeparator
 0003:0000043C      @System@ExceptProc
 0003:0000043C      @System@B284_2
 0003:00000440      @System@ErrorProc
 0003:00000444      @System@ExceptClsProc
 0003:00000448      @System@ExceptObjProc
 0003:0000044C      @System@ExceptionClass
 0003:00000450      @System@SafeCallErrorProc
 0003:00000454      @System@AssertErrorProc
 0003:00000458      @System@AbstractErrorProc
 0003:0000045C      @System@HPrevInst
 0003:00000460      @System@MainInstance
 0003:00000464      @System@MainThreadID
 0003:00000468      @System@IsLibrary
 0003:0000046C      @System@CmdShow
 0003:00000470      @System@CmdLine
 0003:00000474      @System@InitProc
 0003:00000478      @System@ExitCode
 0003:0000047C      @System@ExitProc
 0003:00000480      @System@ErrorAddr
 0003:00000484      @System@RandSeed
 0003:00000488      @System@IsConsole
 0003:00000489      @System@IsMultiThread
 0003:0000048A      @System@FileMode
 0003:0000048B      @System@Test8086
 0003:0000048C      @System@Test8087
 0003:0000048D      @System@TestFDIV
 0003:00000490      @System@Input
 0003:0000065C      @System@Output
 0003:00000828      @System@ClearAnyProc
 0003:0000082C      @System@ChangeAnyProc
 0003:00000830      @System@RefAnyProc
 0003:00000834      @System@Unassigned
 0003:00000844      @System@Null
 0003:00000854      @System@EmptyParam
 0003:00000864      @System@AllocMemCount
 0003:00000868      @System@AllocMemSize
 0003:00000910      @Advbar@B288_2
 0003:00000914      @Advbar@B288_3
 0003:00000918      @Exedlg@B294_2
 0003:0000091C      @Exedlg@B294_3
 0003:00000920      @Exeinfo@B295_3
 0003:00000924      @Exeres@B297_3
 0003:00000928      @Framepan@B298_2
 0003:00000940      @Framepan@B298_3
 0003:00000944      @Outline@B304_2
 0003:00000948      @B493_2
 0003:00000948      __new_handler
 0003:0000094C      ___bad_alloc
 0003:00000950      __bormm_pfn_FreeMem
 0003:00000950      @B515_2
 0003:00000954      __bormm_pfn_GetMem
 0003:00000958      __bormm_pfn_ReallocMem
 0003:0000095C      __bormm_pfn_HeapAddRef
 0003:00000960      __bormm_pfn_HeapRelease
 0003:00000968      ___Must_Link_VCL_Apps_With_The_CP32MT_Or_CP32MTI_RTL
 0003:00000968      @B533_0
 0003:0000096C      @B543_2
 0003:00000998      @B557_2
 0003:000009B4      @B559_2
 0003:00000AE0      @std@cin
 0003:00000B44      @std@cout
 0003:00000BA4      @std@cerr
 0003:00000C04      @std@clog
 0003:00000C6C      @std@ios_base@Init@__initcnt
 0003:00000C70      @B586_2
 0003:00000C78      @B588_2
 0003:00000C98      @__rwstd@locale_id_imp@__last_used_id
 0003:00000C9C      @std@locale@__the_classic_locale
 0003:00000CA0      @std@locale@__the_native_locale
 0003:00000CA4      @std@locale@__global
 0003:00000CA8      @B604_2
 0003:00000CA8      @__rwstd@__rw_error_msg_mutex
 0003:00000CC4      @B812_2
 0003:000010D4      @B816_2
 0003:000010D4      __DestructorCountPtr
 0003:000010DC      @B822_2
 0003:000010DC      __HandlerPtr
 0003:000010E0      __UserHandlerPtr
 0003:000010E4      @B1012_1
 0003:000010E4      __pidtab
 0003:000011AC      __handles
 0003:00001274      @B1086_2
 0003:0000127C      @B1188_2
 0003:00001284      __mbctype
 0003:00001284      @B1726_2
 0003:00001388      __mbcsCodePage
 0003:0000138C      @B1862_2
 0003:0000148C      @B1878_2
 0003:000014A8      @B1890_2
 0003:000014A8      __ostype
 0003:000014AC      __argv
 0003:000014AC      @B1972_2
 0003:000014B8      @B1974_2
 0003:000014BC      @B1976_2
 0003:000014C0      @B2048_2
 0003:000014C0      __environ
 0003:000014C8      __envsize
 0003:000014CC      __env_lock
 0003:000014D0      __C0argc
 0003:000014D0      @B2069_1
 0003:000014D4      __C0argv
 0003:000014D8      __C0environ
 0003:000014DC      __oscmd
 0003:000014E0      __osenv
 0003:000014E4      __argc
 0003:000014E8      __dll_table
 0003:000014F0      __ExcRegPtr
 0003:000014F4      __wosenv
 0003:000014F8      __woscmd
 0003:000014FC      ___exit_lock
 0003:00001500      __wC0argv
 0003:00001504      __wC0environ
 0003:00001508      __exe_table
 0003:00001510      __stkbase
 0003:00001514      @B2093_2
 0003:0000151C      @B2099_2
 0003:00004520      @B2177_2
 0003:00004524      ___pCPPdebugHook
 0004:00000000      @Classes@T217_3
 0004:00000008      @System@T284_3
 0004:00000010      @T816_3
 0004:00000010      ___xxInfo
 0004:000000AC      __stkindex
 0004:000000AC      @T2085_1
 0004:000000B0      __tlsindex
